Archive member included because of file (symbol)

c:/program files/gnu tools arm embedded/4.7 2013q2/bin/../lib/gcc/arm-none-eabi/4.7.4/../../../../arm-none-eabi/lib/armv7e-m/softfp\libc.a(lib_a-malloc.o)
                              ..\obj\tasks.o (malloc)
c:/program files/gnu tools arm embedded/4.7 2013q2/bin/../lib/gcc/arm-none-eabi/4.7.4/../../../../arm-none-eabi/lib/armv7e-m/softfp\libc.a(lib_a-mallocr.o)
                              c:/program files/gnu tools arm embedded/4.7 2013q2/bin/../lib/gcc/arm-none-eabi/4.7.4/../../../../arm-none-eabi/lib/armv7e-m/softfp\libc.a(lib_a-malloc.o) (_malloc_r)
c:/program files/gnu tools arm embedded/4.7 2013q2/bin/../lib/gcc/arm-none-eabi/4.7.4/../../../../arm-none-eabi/lib/armv7e-m/softfp\libc.a(lib_a-memcpy.o)
                              ..\obj\queue.o (memcpy)
c:/program files/gnu tools arm embedded/4.7 2013q2/bin/../lib/gcc/arm-none-eabi/4.7.4/../../../../arm-none-eabi/lib/armv7e-m/softfp\libc.a(lib_a-memset.o)
                              ..\obj\drone.o (memset)
c:/program files/gnu tools arm embedded/4.7 2013q2/bin/../lib/gcc/arm-none-eabi/4.7.4/../../../../arm-none-eabi/lib/armv7e-m/softfp\libc.a(lib_a-mlock.o)
                              c:/program files/gnu tools arm embedded/4.7 2013q2/bin/../lib/gcc/arm-none-eabi/4.7.4/../../../../arm-none-eabi/lib/armv7e-m/softfp\libc.a(lib_a-mallocr.o) (__malloc_lock)
c:/program files/gnu tools arm embedded/4.7 2013q2/bin/../lib/gcc/arm-none-eabi/4.7.4/../../../../arm-none-eabi/lib/armv7e-m/softfp\libc.a(lib_a-sbrkr.o)
                              c:/program files/gnu tools arm embedded/4.7 2013q2/bin/../lib/gcc/arm-none-eabi/4.7.4/../../../../arm-none-eabi/lib/armv7e-m/softfp\libc.a(lib_a-mallocr.o) (_sbrk_r)
c:/program files/gnu tools arm embedded/4.7 2013q2/bin/../lib/gcc/arm-none-eabi/4.7.4/../../../../arm-none-eabi/lib/armv7e-m/softfp\libc.a(lib_a-strcat.o)
                              ..\obj\tasks.o (strcat)
c:/program files/gnu tools arm embedded/4.7 2013q2/bin/../lib/gcc/arm-none-eabi/4.7.4/../../../../arm-none-eabi/lib/armv7e-m/softfp\libc.a(lib_a-strcpy.o)
                              c:/program files/gnu tools arm embedded/4.7 2013q2/bin/../lib/gcc/arm-none-eabi/4.7.4/../../../../arm-none-eabi/lib/armv7e-m/softfp\libc.a(lib_a-strcat.o) (strcpy)
c:/program files/gnu tools arm embedded/4.7 2013q2/bin/../lib/gcc/arm-none-eabi/4.7.4/../../../../arm-none-eabi/lib/armv7e-m/softfp\libc.a(lib_a-strlen.o)
                              ..\obj\tasks.o (strlen)
c:/program files/gnu tools arm embedded/4.7 2013q2/bin/../lib/gcc/arm-none-eabi/4.7.4/../../../../arm-none-eabi/lib/armv7e-m/softfp\libc.a(lib_a-strncpy.o)
                              ..\obj\tasks.o (strncpy)
c:/program files/gnu tools arm embedded/4.7 2013q2/bin/../lib/gcc/arm-none-eabi/4.7.4/../../../../arm-none-eabi/lib/armv7e-m/softfp\libc.a(lib_a-freer.o)
                              c:/program files/gnu tools arm embedded/4.7 2013q2/bin/../lib/gcc/arm-none-eabi/4.7.4/../../../../arm-none-eabi/lib/armv7e-m/softfp\libc.a(lib_a-malloc.o) (_free_r)
c:/program files/gnu tools arm embedded/4.7 2013q2/bin/../lib/gcc/arm-none-eabi/4.7.4/../../../../arm-none-eabi/lib/armv7e-m/softfp\libc.a(lib_a-reent.o)
                              c:/program files/gnu tools arm embedded/4.7 2013q2/bin/../lib/gcc/arm-none-eabi/4.7.4/../../../../arm-none-eabi/lib/armv7e-m/softfp\libc.a(lib_a-sbrkr.o) (errno)

Allocating common symbols
Common symbol       size              file

errno               0x4               c:/program files/gnu tools arm embedded/4.7 2013q2/bin/../lib/gcc/arm-none-eabi/4.7.4/../../../../arm-none-eabi/lib/armv7e-m/softfp\libc.a(lib_a-reent.o)
xDetectObstacleHandle
                    0x4               ..\obj\drone.o
xFlightCtrlHandle   0x4               ..\obj\drone.o
xBatteryMonitoringHandle
                    0x4               ..\obj\drone.o
xDroneState         0x4               ..\obj\drone.o
xGPSReceiveHandle   0x4               ..\obj\drone.o
xZigbeeReceiveHandle
                    0x4               ..\obj\drone.o

Discarded input sections

 .text          0x00000000        0x0 ..\obj\semihosting.o
 .data          0x00000000        0x0 ..\obj\semihosting.o
 .bss           0x00000000       0x14 ..\obj\semihosting.o
 .text.SH_SendChar
                0x00000000       0x9c ..\obj\semihosting.o
 .text.SH_SendString
                0x00000000       0x28 ..\obj\semihosting.o
 .text.SH_GetChar
                0x00000000       0x4c ..\obj\semihosting.o
 .debug_info    0x00000000      0x135 ..\obj\semihosting.o
 .debug_abbrev  0x00000000       0xa0 ..\obj\semihosting.o
 .debug_loc     0x00000000       0xa8 ..\obj\semihosting.o
 .debug_aranges
                0x00000000       0x30 ..\obj\semihosting.o
 .debug_ranges  0x00000000       0x20 ..\obj\semihosting.o
 .debug_line    0x00000000       0xae ..\obj\semihosting.o
 .debug_str     0x00000000      0x158 ..\obj\semihosting.o
 .comment       0x00000000       0x71 ..\obj\semihosting.o
 .ARM.attributes
                0x00000000       0x39 ..\obj\semihosting.o
 .debug_frame   0x00000000       0x70 ..\obj\semihosting.o
 .text          0x00000000        0x0 ..\obj\stm32f4xx_syscfg.o
 .data          0x00000000        0x0 ..\obj\stm32f4xx_syscfg.o
 .bss           0x00000000        0x0 ..\obj\stm32f4xx_syscfg.o
 .text.SYSCFG_DeInit
                0x00000000       0x20 ..\obj\stm32f4xx_syscfg.o
 .text.SYSCFG_MemoryRemapConfig
                0x00000000       0x20 ..\obj\stm32f4xx_syscfg.o
 .text.SYSCFG_EXTILineConfig
                0x00000000       0xb0 ..\obj\stm32f4xx_syscfg.o
 .text.SYSCFG_ETH_MediaInterfaceConfig
                0x00000000       0x20 ..\obj\stm32f4xx_syscfg.o
 .text.SYSCFG_CompensationCellCmd
                0x00000000       0x20 ..\obj\stm32f4xx_syscfg.o
 .text.SYSCFG_GetCompensationCellStatus
                0x00000000       0x3c ..\obj\stm32f4xx_syscfg.o
 .debug_info    0x00000000      0x279 ..\obj\stm32f4xx_syscfg.o
 .debug_abbrev  0x00000000      0x133 ..\obj\stm32f4xx_syscfg.o
 .debug_loc     0x00000000      0x144 ..\obj\stm32f4xx_syscfg.o
 .debug_aranges
                0x00000000       0x48 ..\obj\stm32f4xx_syscfg.o
 .debug_ranges  0x00000000       0x38 ..\obj\stm32f4xx_syscfg.o
 .debug_line    0x00000000      0x1e8 ..\obj\stm32f4xx_syscfg.o
 .debug_str     0x00000000      0x2a3 ..\obj\stm32f4xx_syscfg.o
 .comment       0x00000000       0x71 ..\obj\stm32f4xx_syscfg.o
 .ARM.attributes
                0x00000000       0x39 ..\obj\stm32f4xx_syscfg.o
 .debug_frame   0x00000000       0xbc ..\obj\stm32f4xx_syscfg.o
 .text          0x00000000        0x0 ..\obj\imu.o
 .data          0x00000000        0x0 ..\obj\imu.o
 .bss           0x00000000        0x0 ..\obj\imu.o
 .text.vIMUInit
                0x00000000       0x48 ..\obj\imu.o
 .text.ucIMUTest
                0x00000000       0x60 ..\obj\imu.o
 .text          0x00000000        0x0 ..\obj\stm32f4xx_usart.o
 .data          0x00000000        0x0 ..\obj\stm32f4xx_usart.o
 .bss           0x00000000        0x0 ..\obj\stm32f4xx_usart.o
 .text.USART_DeInit
                0x00000000      0x100 ..\obj\stm32f4xx_usart.o
 .text.USART_StructInit
                0x00000000       0x44 ..\obj\stm32f4xx_usart.o
 .text.USART_ClockInit
                0x00000000       0x54 ..\obj\stm32f4xx_usart.o
 .text.USART_ClockStructInit
                0x00000000       0x34 ..\obj\stm32f4xx_usart.o
 .text.USART_SetPrescaler
                0x00000000       0x38 ..\obj\stm32f4xx_usart.o
 .text.USART_OverSampling8Cmd
                0x00000000       0x48 ..\obj\stm32f4xx_usart.o
 .text.USART_OneBitMethodCmd
                0x00000000       0x40 ..\obj\stm32f4xx_usart.o
 .text.USART_ReceiveData
                0x00000000       0x24 ..\obj\stm32f4xx_usart.o
 .text.USART_SetAddress
                0x00000000       0x38 ..\obj\stm32f4xx_usart.o
 .text.USART_ReceiverWakeUpCmd
                0x00000000       0x40 ..\obj\stm32f4xx_usart.o
 .text.USART_WakeUpConfig
                0x00000000       0x38 ..\obj\stm32f4xx_usart.o
 .text.USART_LINBreakDetectLengthConfig
                0x00000000       0x38 ..\obj\stm32f4xx_usart.o
 .text.USART_LINCmd
                0x00000000       0x40 ..\obj\stm32f4xx_usart.o
 .text.USART_SendBreak
                0x00000000       0x24 ..\obj\stm32f4xx_usart.o
 .text.USART_HalfDuplexCmd
                0x00000000       0x40 ..\obj\stm32f4xx_usart.o
 .text.USART_SetGuardTime
                0x00000000       0x3c ..\obj\stm32f4xx_usart.o
 .text.USART_SmartCardCmd
                0x00000000       0x40 ..\obj\stm32f4xx_usart.o
 .text.USART_SmartCardNACKCmd
                0x00000000       0x40 ..\obj\stm32f4xx_usart.o
 .text.USART_IrDAConfig
                0x00000000       0x38 ..\obj\stm32f4xx_usart.o
 .text.USART_IrDACmd
                0x00000000       0x40 ..\obj\stm32f4xx_usart.o
 .text.USART_DMACmd
                0x00000000       0x48 ..\obj\stm32f4xx_usart.o
 .text.USART_ITConfig
                0x00000000       0xa4 ..\obj\stm32f4xx_usart.o
 .text.USART_ClearFlag
                0x00000000       0x24 ..\obj\stm32f4xx_usart.o
 .text.USART_GetITStatus
                0x00000000       0xc4 ..\obj\stm32f4xx_usart.o
 .text.USART_ClearITPendingBit
                0x00000000       0x44 ..\obj\stm32f4xx_usart.o
 .text          0x00000000        0x0 ..\obj\zigbee.o
 .data          0x00000000        0x0 ..\obj\zigbee.o
 .bss           0x00000000        0x0 ..\obj\zigbee.o
 .text.vZigbeeInit
                0x00000000       0x48 ..\obj\zigbee.o
 .text.ucZigbeeTest
                0x00000000       0x60 ..\obj\zigbee.o
 .text.vZigbeeSendData
                0x00000000       0x5c ..\obj\zigbee.o
 .text          0x00000000        0x0 ..\obj\telemeter.o
 .data          0x00000000        0x0 ..\obj\telemeter.o
 .bss           0x00000000        0x0 ..\obj\telemeter.o
 .text.vTelemeterInit
                0x00000000       0x48 ..\obj\telemeter.o
 .text.ucTelemeterTest
                0x00000000       0x60 ..\obj\telemeter.o
 .text.ucTelemeterIsIdValid
                0x00000000       0x94 ..\obj\telemeter.o
 .text          0x00000000        0x0 ..\obj\pwm.o
 .data          0x00000000        0x0 ..\obj\pwm.o
 .bss           0x00000000        0x0 ..\obj\pwm.o
 .rodata        0x00000000       0x54 ..\obj\pwm.o
 .text.vPWMInit
                0x00000000       0x48 ..\obj\pwm.o
 .text.ucPWMInitTest
                0x00000000       0x50 ..\obj\pwm.o
 .text.ucPWMTest
                0x00000000       0x60 ..\obj\pwm.o
 .text.vPWMSet  0x00000000       0x5c ..\obj\pwm.o
 .debug_info    0x00000000      0x14b ..\obj\pwm.o
 .debug_abbrev  0x00000000       0xc4 ..\obj\pwm.o
 .debug_loc     0x00000000       0xe0 ..\obj\pwm.o
 .debug_aranges
                0x00000000       0x38 ..\obj\pwm.o
 .debug_ranges  0x00000000       0x28 ..\obj\pwm.o
 .debug_line    0x00000000      0x163 ..\obj\pwm.o
 .debug_str     0x00000000      0x1d6 ..\obj\pwm.o
 .comment       0x00000000       0x71 ..\obj\pwm.o
 .ARM.attributes
                0x00000000       0x39 ..\obj\pwm.o
 .debug_frame   0x00000000       0x98 ..\obj\pwm.o
 .text          0x00000000        0x0 ..\obj\stm32f4xx_dac.o
 .data          0x00000000        0x0 ..\obj\stm32f4xx_dac.o
 .bss           0x00000000        0x0 ..\obj\stm32f4xx_dac.o
 .text.DAC_DeInit
                0x00000000       0x20 ..\obj\stm32f4xx_dac.o
 .text.DAC_Init
                0x00000000       0x74 ..\obj\stm32f4xx_dac.o
 .text.DAC_StructInit
                0x00000000       0x34 ..\obj\stm32f4xx_dac.o
 .text.DAC_Cmd  0x00000000       0x64 ..\obj\stm32f4xx_dac.o
 .text.DAC_SoftwareTriggerCmd
                0x00000000       0x6c ..\obj\stm32f4xx_dac.o
 .text.DAC_DualSoftwareTriggerCmd
                0x00000000       0x4c ..\obj\stm32f4xx_dac.o
 .text.DAC_WaveGenerationCmd
                0x00000000       0x60 ..\obj\stm32f4xx_dac.o
 .text.DAC_SetChannel1Data
                0x00000000       0x38 ..\obj\stm32f4xx_dac.o
 .text.DAC_SetChannel2Data
                0x00000000       0x38 ..\obj\stm32f4xx_dac.o
 .text.DAC_SetDualChannelData
                0x00000000       0x64 ..\obj\stm32f4xx_dac.o
 .text.DAC_GetDataOutputValue
                0x00000000       0x3c ..\obj\stm32f4xx_dac.o
 .text.DAC_DMACmd
                0x00000000       0x64 ..\obj\stm32f4xx_dac.o
 .text.DAC_ITConfig
                0x00000000       0x60 ..\obj\stm32f4xx_dac.o
 .text.DAC_GetFlagStatus
                0x00000000       0x44 ..\obj\stm32f4xx_dac.o
 .text.DAC_ClearFlag
                0x00000000       0x28 ..\obj\stm32f4xx_dac.o
 .text.DAC_GetITStatus
                0x00000000       0x68 ..\obj\stm32f4xx_dac.o
 .text.DAC_ClearITPendingBit
                0x00000000       0x28 ..\obj\stm32f4xx_dac.o
 .debug_info    0x00000000      0x68d ..\obj\stm32f4xx_dac.o
 .debug_abbrev  0x00000000      0x17e ..\obj\stm32f4xx_dac.o
 .debug_loc     0x00000000      0x3ac ..\obj\stm32f4xx_dac.o
 .debug_aranges
                0x00000000       0xa0 ..\obj\stm32f4xx_dac.o
 .debug_ranges  0x00000000       0x90 ..\obj\stm32f4xx_dac.o
 .debug_line    0x00000000      0x331 ..\obj\stm32f4xx_dac.o
 .debug_str     0x00000000      0x3f7 ..\obj\stm32f4xx_dac.o
 .comment       0x00000000       0x71 ..\obj\stm32f4xx_dac.o
 .ARM.attributes
                0x00000000       0x39 ..\obj\stm32f4xx_dac.o
 .debug_frame   0x00000000      0x1ec ..\obj\stm32f4xx_dac.o
 .text          0x00000000        0x0 ..\obj\startup_stm32f4xx.o
 .data          0x00000000        0x0 ..\obj\startup_stm32f4xx.o
 .bss           0x00000000        0x0 ..\obj\startup_stm32f4xx.o
 .text          0x00000000        0x0 ..\obj\stm32f4xx_rcc.o
 .bss           0x00000000        0x0 ..\obj\stm32f4xx_rcc.o
 .text.RCC_DeInit
                0x00000000       0x84 ..\obj\stm32f4xx_rcc.o
 .text.RCC_HSEConfig
                0x00000000       0x30 ..\obj\stm32f4xx_rcc.o
 .text.RCC_WaitForHSEStartUp
                0x00000000       0x64 ..\obj\stm32f4xx_rcc.o
 .text.RCC_AdjustHSICalibrationValue
                0x00000000       0x48 ..\obj\stm32f4xx_rcc.o
 .text.RCC_HSICmd
                0x00000000       0x20 ..\obj\stm32f4xx_rcc.o
 .text.RCC_LSEConfig
                0x00000000       0x60 ..\obj\stm32f4xx_rcc.o
 .text.RCC_LSICmd
                0x00000000       0x20 ..\obj\stm32f4xx_rcc.o
 .text.RCC_PLLConfig
                0x00000000       0x48 ..\obj\stm32f4xx_rcc.o
 .text.RCC_PLLCmd
                0x00000000       0x20 ..\obj\stm32f4xx_rcc.o
 .text.RCC_PLLI2SConfig
                0x00000000       0x30 ..\obj\stm32f4xx_rcc.o
 .text.RCC_PLLI2SCmd
                0x00000000       0x20 ..\obj\stm32f4xx_rcc.o
 .text.RCC_ClockSecuritySystemCmd
                0x00000000       0x20 ..\obj\stm32f4xx_rcc.o
 .text.RCC_MCO1Config
                0x00000000       0x48 ..\obj\stm32f4xx_rcc.o
 .text.RCC_MCO2Config
                0x00000000       0x48 ..\obj\stm32f4xx_rcc.o
 .text.RCC_SYSCLKConfig
                0x00000000       0x40 ..\obj\stm32f4xx_rcc.o
 .text.RCC_GetSYSCLKSource
                0x00000000       0x20 ..\obj\stm32f4xx_rcc.o
 .text.RCC_HCLKConfig
                0x00000000       0x40 ..\obj\stm32f4xx_rcc.o
 .text.RCC_PCLK1Config
                0x00000000       0x40 ..\obj\stm32f4xx_rcc.o
 .text.RCC_PCLK2Config
                0x00000000       0x44 ..\obj\stm32f4xx_rcc.o
 .text.RCC_RTCCLKConfig
                0x00000000       0x74 ..\obj\stm32f4xx_rcc.o
 .text.RCC_RTCCLKCmd
                0x00000000       0x20 ..\obj\stm32f4xx_rcc.o
 .text.RCC_BackupResetCmd
                0x00000000       0x20 ..\obj\stm32f4xx_rcc.o
 .text.RCC_I2SCLKConfig
                0x00000000       0x20 ..\obj\stm32f4xx_rcc.o
 .text.RCC_AHB2PeriphClockCmd
                0x00000000       0x54 ..\obj\stm32f4xx_rcc.o
 .text.RCC_AHB3PeriphClockCmd
                0x00000000       0x54 ..\obj\stm32f4xx_rcc.o
 .text.RCC_APB1PeriphClockCmd
                0x00000000       0x54 ..\obj\stm32f4xx_rcc.o
 .text.RCC_AHB1PeriphResetCmd
                0x00000000       0x54 ..\obj\stm32f4xx_rcc.o
 .text.RCC_AHB2PeriphResetCmd
                0x00000000       0x54 ..\obj\stm32f4xx_rcc.o
 .text.RCC_AHB3PeriphResetCmd
                0x00000000       0x54 ..\obj\stm32f4xx_rcc.o
 .text.RCC_APB1PeriphResetCmd
                0x00000000       0x54 ..\obj\stm32f4xx_rcc.o
 .text.RCC_APB2PeriphResetCmd
                0x00000000       0x54 ..\obj\stm32f4xx_rcc.o
 .text.RCC_AHB1PeriphClockLPModeCmd
                0x00000000       0x54 ..\obj\stm32f4xx_rcc.o
 .text.RCC_AHB2PeriphClockLPModeCmd
                0x00000000       0x54 ..\obj\stm32f4xx_rcc.o
 .text.RCC_AHB3PeriphClockLPModeCmd
                0x00000000       0x54 ..\obj\stm32f4xx_rcc.o
 .text.RCC_APB1PeriphClockLPModeCmd
                0x00000000       0x54 ..\obj\stm32f4xx_rcc.o
 .text.RCC_APB2PeriphClockLPModeCmd
                0x00000000       0x54 ..\obj\stm32f4xx_rcc.o
 .text.RCC_ITConfig
                0x00000000       0x60 ..\obj\stm32f4xx_rcc.o
 .text.RCC_GetFlagStatus
                0x00000000       0x90 ..\obj\stm32f4xx_rcc.o
 .text.RCC_ClearFlag
                0x00000000       0x24 ..\obj\stm32f4xx_rcc.o
 .text.RCC_GetITStatus
                0x00000000       0x40 ..\obj\stm32f4xx_rcc.o
 .text.RCC_ClearITPendingBit
                0x00000000       0x20 ..\obj\stm32f4xx_rcc.o
 .text          0x00000000        0x0 ..\obj\timers.o
 .data          0x00000000        0x0 ..\obj\timers.o
 .bss           0x00000000        0x0 ..\obj\timers.o
 .debug_info    0x00000000       0x90 ..\obj\timers.o
 .debug_abbrev  0x00000000       0x4b ..\obj\timers.o
 .debug_aranges
                0x00000000       0x18 ..\obj\timers.o
 .debug_line    0x00000000       0xde ..\obj\timers.o
 .debug_str     0x00000000      0x16b ..\obj\timers.o
 .comment       0x00000000       0x71 ..\obj\timers.o
 .ARM.attributes
                0x00000000       0x39 ..\obj\timers.o
 .text          0x00000000        0x0 ..\obj\stm32f4xx_adc.o
 .data          0x00000000        0x0 ..\obj\stm32f4xx_adc.o
 .bss           0x00000000        0x0 ..\obj\stm32f4xx_adc.o
 .text.ADC_DeInit
                0x00000000       0x20 ..\obj\stm32f4xx_adc.o
 .text.ADC_Init
                0x00000000       0xb8 ..\obj\stm32f4xx_adc.o
 .text.ADC_StructInit
                0x00000000       0x4c ..\obj\stm32f4xx_adc.o
 .text.ADC_CommonInit
                0x00000000       0x5c ..\obj\stm32f4xx_adc.o
 .text.ADC_CommonStructInit
                0x00000000       0x34 ..\obj\stm32f4xx_adc.o
 .text.ADC_Cmd  0x00000000       0x38 ..\obj\stm32f4xx_adc.o
 .text.ADC_AnalogWatchdogCmd
                0x00000000       0x3c ..\obj\stm32f4xx_adc.o
 .text.ADC_AnalogWatchdogThresholdsConfig
                0x00000000       0x28 ..\obj\stm32f4xx_adc.o
 .text.ADC_AnalogWatchdogSingleChannelConfig
                0x00000000       0x38 ..\obj\stm32f4xx_adc.o
 .text.ADC_TempSensorVrefintCmd
                0x00000000       0x4c ..\obj\stm32f4xx_adc.o
 .text.ADC_VBATCmd
                0x00000000       0x4c ..\obj\stm32f4xx_adc.o
 .text.ADC_RegularChannelConfig
                0x00000000      0x1bc ..\obj\stm32f4xx_adc.o
 .text.ADC_SoftwareStartConv
                0x00000000       0x20 ..\obj\stm32f4xx_adc.o
 .text.ADC_GetSoftwareStartConvStatus
                0x00000000       0x38 ..\obj\stm32f4xx_adc.o
 .text.ADC_EOCOnEachRegularChannelCmd
                0x00000000       0x38 ..\obj\stm32f4xx_adc.o
 .text.ADC_ContinuousModeCmd
                0x00000000       0x38 ..\obj\stm32f4xx_adc.o
 .text.ADC_DiscModeChannelCountConfig
                0x00000000       0x4c ..\obj\stm32f4xx_adc.o
 .text.ADC_DiscModeCmd
                0x00000000       0x38 ..\obj\stm32f4xx_adc.o
 .text.ADC_GetConversionValue
                0x00000000       0x1c ..\obj\stm32f4xx_adc.o
 .text.ADC_GetMultiModeConversionValue
                0x00000000       0x18 ..\obj\stm32f4xx_adc.o
 .text.ADC_DMACmd
                0x00000000       0x38 ..\obj\stm32f4xx_adc.o
 .text.ADC_DMARequestAfterLastTransferCmd
                0x00000000       0x38 ..\obj\stm32f4xx_adc.o
 .text.ADC_MultiModeDMARequestAfterLastTransferCmd
                0x00000000       0x4c ..\obj\stm32f4xx_adc.o
 .text.ADC_InjectedChannelConfig
                0x00000000      0x144 ..\obj\stm32f4xx_adc.o
 .text.ADC_InjectedSequencerLengthConfig
                0x00000000       0x4c ..\obj\stm32f4xx_adc.o
 .text.ADC_SetInjectedOffset
                0x00000000       0x34 ..\obj\stm32f4xx_adc.o
 .text.ADC_ExternalTrigInjectedConvConfig
                0x00000000       0x38 ..\obj\stm32f4xx_adc.o
 .text.ADC_ExternalTrigInjectedConvEdgeConfig
                0x00000000       0x38 ..\obj\stm32f4xx_adc.o
 .text.ADC_SoftwareStartInjectedConv
                0x00000000       0x20 ..\obj\stm32f4xx_adc.o
 .text.ADC_GetSoftwareStartInjectedConvCmdStatus
                0x00000000       0x38 ..\obj\stm32f4xx_adc.o
 .text.ADC_AutoInjectedConvCmd
                0x00000000       0x38 ..\obj\stm32f4xx_adc.o
 .text.ADC_InjectedDiscModeCmd
                0x00000000       0x38 ..\obj\stm32f4xx_adc.o
 .text.ADC_GetInjectedConversionValue
                0x00000000       0x34 ..\obj\stm32f4xx_adc.o
 .text.ADC_ITConfig
                0x00000000       0x58 ..\obj\stm32f4xx_adc.o
 .text.ADC_GetFlagStatus
                0x00000000       0x3c ..\obj\stm32f4xx_adc.o
 .text.ADC_ClearFlag
                0x00000000       0x20 ..\obj\stm32f4xx_adc.o
 .text.ADC_GetITStatus
                0x00000000       0x6c ..\obj\stm32f4xx_adc.o
 .text.ADC_ClearITPendingBit
                0x00000000       0x30 ..\obj\stm32f4xx_adc.o
 .debug_info    0x00000000      0xd14 ..\obj\stm32f4xx_adc.o
 .debug_abbrev  0x00000000      0x198 ..\obj\stm32f4xx_adc.o
 .debug_loc     0x00000000      0x838 ..\obj\stm32f4xx_adc.o
 .debug_aranges
                0x00000000      0x148 ..\obj\stm32f4xx_adc.o
 .debug_ranges  0x00000000      0x138 ..\obj\stm32f4xx_adc.o
 .debug_line    0x00000000      0x525 ..\obj\stm32f4xx_adc.o
 .debug_str     0x00000000      0x7a8 ..\obj\stm32f4xx_adc.o
 .comment       0x00000000       0x71 ..\obj\stm32f4xx_adc.o
 .ARM.attributes
                0x00000000       0x39 ..\obj\stm32f4xx_adc.o
 .debug_frame   0x00000000      0x434 ..\obj\stm32f4xx_adc.o
 .text          0x00000000        0x0 ..\obj\flight.o
 .data          0x00000000        0x0 ..\obj\flight.o
 .bss           0x00000000        0x0 ..\obj\flight.o
 .text.ucFlightIsStationary
                0x00000000       0x8c ..\obj\flight.o
 .text.vFlightAvoidMvt
                0x00000000       0x60 ..\obj\flight.o
 .text          0x00000000        0x0 ..\obj\printf.o
 .bss           0x00000000        0x0 ..\obj\printf.o
 .text.snprintf
                0x00000000       0x34 ..\obj\printf.o
 .text.fprintf  0x00000000       0x30 ..\obj\printf.o
 .text.sprintf  0x00000000       0x30 ..\obj\printf.o
 .text          0x00000000        0x0 ..\obj\drone.o
 .data          0x00000000        0x0 ..\obj\drone.o
 .text          0x00000000        0x0 ..\obj\tasks.o
 .text.vTaskEndScheduler
                0x00000000       0x20 ..\obj\tasks.o
 .text.xTaskGetTickCountFromISR
                0x00000000       0x38 ..\obj\tasks.o
 .text.uxTaskGetNumberOfTasks
                0x00000000       0x18 ..\obj\tasks.o
 .text.vTaskGetRunTimeStats
                0x00000000      0x110 ..\obj\tasks.o
 .text.xTaskGetIdleTaskHandle
                0x00000000       0x64 ..\obj\tasks.o
 .text.vTaskSetApplicationTaskTag
                0x00000000       0x38 ..\obj\tasks.o
 .text.xTaskGetApplicationTaskTag
                0x00000000       0x3c ..\obj\tasks.o
 .text.xTaskCallApplicationTaskHook
                0x00000000       0x48 ..\obj\tasks.o
 .text.prvGenerateRunTimeStatsForTasksInList
                0x00000000      0x168 ..\obj\tasks.o
 .text.usTaskCheckFreeStackSpace
                0x00000000       0x38 ..\obj\tasks.o
 .text.uxTaskGetStackHighWaterMark
                0x00000000       0x3c ..\obj\tasks.o
 .text          0x00000000        0x0 ..\obj\stm32f4xx_gpio.o
 .data          0x00000000        0x0 ..\obj\stm32f4xx_gpio.o
 .bss           0x00000000        0x0 ..\obj\stm32f4xx_gpio.o
 .text.GPIO_DeInit
                0x00000000      0x178 ..\obj\stm32f4xx_gpio.o
 .text.GPIO_StructInit
                0x00000000       0x3c ..\obj\stm32f4xx_gpio.o
 .text.GPIO_PinLockConfig
                0x00000000       0x44 ..\obj\stm32f4xx_gpio.o
 .text.GPIO_ReadInputDataBit
                0x00000000       0x3c ..\obj\stm32f4xx_gpio.o
 .text.GPIO_ReadInputData
                0x00000000       0x1c ..\obj\stm32f4xx_gpio.o
 .text.GPIO_ReadOutputDataBit
                0x00000000       0x3c ..\obj\stm32f4xx_gpio.o
 .text.GPIO_ReadOutputData
                0x00000000       0x1c ..\obj\stm32f4xx_gpio.o
 .text.GPIO_SetBits
                0x00000000       0x1c ..\obj\stm32f4xx_gpio.o
 .text.GPIO_ResetBits
                0x00000000       0x1c ..\obj\stm32f4xx_gpio.o
 .text.GPIO_WriteBit
                0x00000000       0x30 ..\obj\stm32f4xx_gpio.o
 .text.GPIO_Write
                0x00000000       0x1c ..\obj\stm32f4xx_gpio.o
 .text.GPIO_ToggleBits
                0x00000000       0x24 ..\obj\stm32f4xx_gpio.o
 .data          0x00000000        0x0 ..\obj\sh_cmd.o
 .bss           0x00000000        0x0 ..\obj\sh_cmd.o
 .text          0x00000000        0x0 ..\obj\list.o
 .data          0x00000000        0x0 ..\obj\list.o
 .bss           0x00000000        0x0 ..\obj\list.o
 .text          0x00000000        0x0 ..\obj\system_stm32f4xx.o
 .bss           0x00000000        0x0 ..\obj\system_stm32f4xx.o
 .text          0x00000000        0x0 ..\obj\syscalls.o
 .data          0x00000000        0x0 ..\obj\syscalls.o
 .text.link     0x00000000       0x1c ..\obj\syscalls.o
 .text._close   0x00000000       0x18 ..\obj\syscalls.o
 .text._fstat   0x00000000       0x24 ..\obj\syscalls.o
 .text._isatty  0x00000000       0x18 ..\obj\syscalls.o
 .text._lseek   0x00000000       0x1c ..\obj\syscalls.o
 .text._read    0x00000000       0x1c ..\obj\syscalls.o
 .text._write   0x00000000       0x1c ..\obj\syscalls.o
 .text.abort    0x00000000        0x8 ..\obj\syscalls.o
 .text          0x00000000        0x0 ..\obj\stm32f4xx_dma.o
 .data          0x00000000        0x0 ..\obj\stm32f4xx_dma.o
 .bss           0x00000000        0x0 ..\obj\stm32f4xx_dma.o
 .text.DMA_DeInit
                0x00000000      0x244 ..\obj\stm32f4xx_dma.o
 .text.DMA_Init
                0x00000000       0xb0 ..\obj\stm32f4xx_dma.o
 .text.DMA_StructInit
                0x00000000       0x8c ..\obj\stm32f4xx_dma.o
 .text.DMA_Cmd  0x00000000       0x38 ..\obj\stm32f4xx_dma.o
 .text.DMA_PeriphIncOffsetSizeConfig
                0x00000000       0x34 ..\obj\stm32f4xx_dma.o
 .text.DMA_FlowControllerConfig
                0x00000000       0x34 ..\obj\stm32f4xx_dma.o
 .text.DMA_SetCurrDataCounter
                0x00000000       0x1c ..\obj\stm32f4xx_dma.o
 .text.DMA_GetCurrDataCounter
                0x00000000       0x1c ..\obj\stm32f4xx_dma.o
 .text.DMA_DoubleBufferModeConfig
                0x00000000       0x3c ..\obj\stm32f4xx_dma.o
 .text.DMA_DoubleBufferModeCmd
                0x00000000       0x38 ..\obj\stm32f4xx_dma.o
 .text.DMA_MemoryTargetConfig
                0x00000000       0x2c ..\obj\stm32f4xx_dma.o
 .text.DMA_GetCurrentMemoryTarget
                0x00000000       0x38 ..\obj\stm32f4xx_dma.o
 .text.DMA_GetCmdStatus
                0x00000000       0x38 ..\obj\stm32f4xx_dma.o
 .text.DMA_GetFIFOStatus
                0x00000000       0x28 ..\obj\stm32f4xx_dma.o
 .text.DMA_GetFlagStatus
                0x00000000       0x84 ..\obj\stm32f4xx_dma.o
 .text.DMA_ClearFlag
                0x00000000       0x60 ..\obj\stm32f4xx_dma.o
 .text.DMA_ITConfig
                0x00000000       0x74 ..\obj\stm32f4xx_dma.o
 .text.DMA_GetITStatus
                0x00000000       0xc0 ..\obj\stm32f4xx_dma.o
 .text.DMA_ClearITPendingBit
                0x00000000       0x60 ..\obj\stm32f4xx_dma.o
 .debug_info    0x00000000      0x7af ..\obj\stm32f4xx_dma.o
 .debug_abbrev  0x00000000      0x157 ..\obj\stm32f4xx_dma.o
 .debug_loc     0x00000000      0x428 ..\obj\stm32f4xx_dma.o
 .debug_aranges
                0x00000000       0xb0 ..\obj\stm32f4xx_dma.o
 .debug_ranges  0x00000000       0xa0 ..\obj\stm32f4xx_dma.o
 .debug_line    0x00000000      0x3ad ..\obj\stm32f4xx_dma.o
 .debug_str     0x00000000      0x4f0 ..\obj\stm32f4xx_dma.o
 .comment       0x00000000       0x71 ..\obj\stm32f4xx_dma.o
 .ARM.attributes
                0x00000000       0x39 ..\obj\stm32f4xx_dma.o
 .debug_frame   0x00000000      0x224 ..\obj\stm32f4xx_dma.o
 .text          0x00000000        0x0 ..\obj\gps.o
 .data          0x00000000        0x0 ..\obj\gps.o
 .bss           0x00000000        0x0 ..\obj\gps.o
 .text.vGPSInit
                0x00000000       0x48 ..\obj\gps.o
 .text.ucGPSTest
                0x00000000       0x60 ..\obj\gps.o
 .text          0x00000000        0x0 ..\obj\port.o
 .bss           0x00000000        0x0 ..\obj\port.o
 .rodata        0x00000000        0x4 ..\obj\port.o
 .text.vPortEndScheduler
                0x00000000        0xc ..\obj\port.o
 .text          0x00000000        0x0 ..\obj\queue.o
 .data          0x00000000        0x0 ..\obj\queue.o
 .bss           0x00000000        0x0 ..\obj\queue.o
 .text.xQueueCreateMutex
                0x00000000       0xdc ..\obj\queue.o
 .text.xQueueGenericSendFromISR
                0x00000000      0x170 ..\obj\queue.o
 .text.xQueueReceiveFromISR
                0x00000000      0x174 ..\obj\queue.o
 .text.uxQueueMessagesWaiting
                0x00000000       0x68 ..\obj\queue.o
 .text.uxQueueMessagesWaitingFromISR
                0x00000000       0x60 ..\obj\queue.o
 .text.vQueueDelete
                0x00000000       0x64 ..\obj\queue.o
 .text.xQueueIsQueueEmptyFromISR
                0x00000000       0x68 ..\obj\queue.o
 .text.xQueueIsQueueFullFromISR
                0x00000000       0x6c ..\obj\queue.o
 .text          0x00000000        0x0 ..\obj\debug.o
 .data          0x00000000        0x0 ..\obj\debug.o
 .bss           0x00000000        0x0 ..\obj\debug.o
 .text          0x00000000        0x0 ..\obj\croutine.o
 .data          0x00000000        0x0 ..\obj\croutine.o
 .bss           0x00000000       0x80 ..\obj\croutine.o
 .text.xCoRoutineCreate
                0x00000000       0xf4 ..\obj\croutine.o
 .text.vCoRoutineAddToDelayedList
                0x00000000       0xb4 ..\obj\croutine.o
 .text.prvCheckPendingReadyList
                0x00000000       0x9c ..\obj\croutine.o
 .text.prvCheckDelayedList
                0x00000000      0x170 ..\obj\croutine.o
 .text.vCoRoutineSchedule
                0x00000000       0xe8 ..\obj\croutine.o
 .text.prvInitialiseCoRoutineLists
                0x00000000       0x8c ..\obj\croutine.o
 .text.xCoRoutineRemoveFromEventList
                0x00000000       0x60 ..\obj\croutine.o
 .debug_info    0x00000000      0x4f5 ..\obj\croutine.o
 .debug_abbrev  0x00000000      0x19a ..\obj\croutine.o
 .debug_loc     0x00000000      0x188 ..\obj\croutine.o
 .debug_aranges
                0x00000000       0x50 ..\obj\croutine.o
 .debug_ranges  0x00000000       0x40 ..\obj\croutine.o
 .debug_line    0x00000000      0x331 ..\obj\croutine.o
 .debug_str     0x00000000      0x4ab ..\obj\croutine.o
 .comment       0x00000000       0x71 ..\obj\croutine.o
 .ARM.attributes
                0x00000000       0x39 ..\obj\croutine.o
 .debug_frame   0x00000000       0xf0 ..\obj\croutine.o
 .text          0x00000000        0x0 ..\obj\stm32f4xx_exti.o
 .data          0x00000000        0x0 ..\obj\stm32f4xx_exti.o
 .bss           0x00000000        0x0 ..\obj\stm32f4xx_exti.o
 .text.EXTI_DeInit
                0x00000000       0x54 ..\obj\stm32f4xx_exti.o
 .text.EXTI_Init
                0x00000000      0x138 ..\obj\stm32f4xx_exti.o
 .text.EXTI_StructInit
                0x00000000       0x34 ..\obj\stm32f4xx_exti.o
 .text.EXTI_GenerateSWInterrupt
                0x00000000       0x2c ..\obj\stm32f4xx_exti.o
 .text.EXTI_GetFlagStatus
                0x00000000       0x3c ..\obj\stm32f4xx_exti.o
 .text.EXTI_ClearFlag
                0x00000000       0x20 ..\obj\stm32f4xx_exti.o
 .text.EXTI_GetITStatus
                0x00000000       0x58 ..\obj\stm32f4xx_exti.o
 .text.EXTI_ClearITPendingBit
                0x00000000       0x20 ..\obj\stm32f4xx_exti.o
 .debug_info    0x00000000      0x373 ..\obj\stm32f4xx_exti.o
 .debug_abbrev  0x00000000      0x1a7 ..\obj\stm32f4xx_exti.o
 .debug_loc     0x00000000      0x1b4 ..\obj\stm32f4xx_exti.o
 .debug_aranges
                0x00000000       0x58 ..\obj\stm32f4xx_exti.o
 .debug_ranges  0x00000000       0x48 ..\obj\stm32f4xx_exti.o
 .debug_line    0x00000000      0x276 ..\obj\stm32f4xx_exti.o
 .debug_str     0x00000000      0x312 ..\obj\stm32f4xx_exti.o
 .comment       0x00000000       0x71 ..\obj\stm32f4xx_exti.o
 .ARM.attributes
                0x00000000       0x39 ..\obj\stm32f4xx_exti.o
 .debug_frame   0x00000000       0xec ..\obj\stm32f4xx_exti.o
 .text          0x00000000        0x0 ..\obj\misc.o
 .data          0x00000000        0x0 ..\obj\misc.o
 .bss           0x00000000        0x0 ..\obj\misc.o
 .text.NVIC_PriorityGroupConfig
                0x00000000       0x28 ..\obj\misc.o
 .text.NVIC_Init
                0x00000000       0xe4 ..\obj\misc.o
 .text.NVIC_SetVectorTable
                0x00000000       0x2c ..\obj\misc.o
 .text.NVIC_SystemLPConfig
                0x00000000       0x54 ..\obj\misc.o
 .text.SysTick_CLKSourceConfig
                0x00000000       0x4c ..\obj\misc.o
 .debug_info    0x00000000      0x592 ..\obj\misc.o
 .debug_abbrev  0x00000000      0x129 ..\obj\misc.o
 .debug_loc     0x00000000      0x118 ..\obj\misc.o
 .debug_aranges
                0x00000000       0x40 ..\obj\misc.o
 .debug_ranges  0x00000000       0x30 ..\obj\misc.o
 .debug_line    0x00000000      0x216 ..\obj\misc.o
 .debug_str     0x00000000      0x37d ..\obj\misc.o
 .comment       0x00000000       0x71 ..\obj\misc.o
 .ARM.attributes
                0x00000000       0x39 ..\obj\misc.o
 .debug_frame   0x00000000       0x9c ..\obj\misc.o
 .text          0x00000000        0x0 ..\obj\pid.o
 .data          0x00000000        0x0 ..\obj\pid.o
 .bss           0x00000000        0x0 ..\obj\pid.o
 .debug_info    0x00000000       0x90 ..\obj\pid.o
 .debug_abbrev  0x00000000       0x4b ..\obj\pid.o
 .debug_aranges
                0x00000000       0x18 ..\obj\pid.o
 .debug_line    0x00000000       0xde ..\obj\pid.o
 .debug_str     0x00000000      0x158 ..\obj\pid.o
 .comment       0x00000000       0x71 ..\obj\pid.o
 .ARM.attributes
                0x00000000       0x39 ..\obj\pid.o
 .text          0x00000000        0x0 c:/program files/gnu tools arm embedded/4.7 2013q2/bin/../lib/gcc/arm-none-eabi/4.7.4/../../../../arm-none-eabi/lib/armv7e-m/softfp\libc.a(lib_a-malloc.o)
 .data          0x00000000        0x0 c:/program files/gnu tools arm embedded/4.7 2013q2/bin/../lib/gcc/arm-none-eabi/4.7.4/../../../../arm-none-eabi/lib/armv7e-m/softfp\libc.a(lib_a-malloc.o)
 .bss           0x00000000        0x0 c:/program files/gnu tools arm embedded/4.7 2013q2/bin/../lib/gcc/arm-none-eabi/4.7.4/../../../../arm-none-eabi/lib/armv7e-m/softfp\libc.a(lib_a-malloc.o)
 .text          0x00000000        0x0 c:/program files/gnu tools arm embedded/4.7 2013q2/bin/../lib/gcc/arm-none-eabi/4.7.4/../../../../arm-none-eabi/lib/armv7e-m/softfp\libc.a(lib_a-mallocr.o)
 .data          0x00000000        0x0 c:/program files/gnu tools arm embedded/4.7 2013q2/bin/../lib/gcc/arm-none-eabi/4.7.4/../../../../arm-none-eabi/lib/armv7e-m/softfp\libc.a(lib_a-mallocr.o)
 .bss           0x00000000        0x0 c:/program files/gnu tools arm embedded/4.7 2013q2/bin/../lib/gcc/arm-none-eabi/4.7.4/../../../../arm-none-eabi/lib/armv7e-m/softfp\libc.a(lib_a-mallocr.o)
 .text          0x00000000        0x0 c:/program files/gnu tools arm embedded/4.7 2013q2/bin/../lib/gcc/arm-none-eabi/4.7.4/../../../../arm-none-eabi/lib/armv7e-m/softfp\libc.a(lib_a-memcpy.o)
 .data          0x00000000        0x0 c:/program files/gnu tools arm embedded/4.7 2013q2/bin/../lib/gcc/arm-none-eabi/4.7.4/../../../../arm-none-eabi/lib/armv7e-m/softfp\libc.a(lib_a-memcpy.o)
 .bss           0x00000000        0x0 c:/program files/gnu tools arm embedded/4.7 2013q2/bin/../lib/gcc/arm-none-eabi/4.7.4/../../../../arm-none-eabi/lib/armv7e-m/softfp\libc.a(lib_a-memcpy.o)
 .text          0x00000000        0x0 c:/program files/gnu tools arm embedded/4.7 2013q2/bin/../lib/gcc/arm-none-eabi/4.7.4/../../../../arm-none-eabi/lib/armv7e-m/softfp\libc.a(lib_a-memset.o)
 .data          0x00000000        0x0 c:/program files/gnu tools arm embedded/4.7 2013q2/bin/../lib/gcc/arm-none-eabi/4.7.4/../../../../arm-none-eabi/lib/armv7e-m/softfp\libc.a(lib_a-memset.o)
 .bss           0x00000000        0x0 c:/program files/gnu tools arm embedded/4.7 2013q2/bin/../lib/gcc/arm-none-eabi/4.7.4/../../../../arm-none-eabi/lib/armv7e-m/softfp\libc.a(lib_a-memset.o)
 .text          0x00000000        0x0 c:/program files/gnu tools arm embedded/4.7 2013q2/bin/../lib/gcc/arm-none-eabi/4.7.4/../../../../arm-none-eabi/lib/armv7e-m/softfp\libc.a(lib_a-mlock.o)
 .data          0x00000000        0x0 c:/program files/gnu tools arm embedded/4.7 2013q2/bin/../lib/gcc/arm-none-eabi/4.7.4/../../../../arm-none-eabi/lib/armv7e-m/softfp\libc.a(lib_a-mlock.o)
 .bss           0x00000000        0x0 c:/program files/gnu tools arm embedded/4.7 2013q2/bin/../lib/gcc/arm-none-eabi/4.7.4/../../../../arm-none-eabi/lib/armv7e-m/softfp\libc.a(lib_a-mlock.o)
 .text          0x00000000        0x0 c:/program files/gnu tools arm embedded/4.7 2013q2/bin/../lib/gcc/arm-none-eabi/4.7.4/../../../../arm-none-eabi/lib/armv7e-m/softfp\libc.a(lib_a-sbrkr.o)
 .data          0x00000000        0x0 c:/program files/gnu tools arm embedded/4.7 2013q2/bin/../lib/gcc/arm-none-eabi/4.7.4/../../../../arm-none-eabi/lib/armv7e-m/softfp\libc.a(lib_a-sbrkr.o)
 .bss           0x00000000        0x0 c:/program files/gnu tools arm embedded/4.7 2013q2/bin/../lib/gcc/arm-none-eabi/4.7.4/../../../../arm-none-eabi/lib/armv7e-m/softfp\libc.a(lib_a-sbrkr.o)
 .text          0x00000000        0x0 c:/program files/gnu tools arm embedded/4.7 2013q2/bin/../lib/gcc/arm-none-eabi/4.7.4/../../../../arm-none-eabi/lib/armv7e-m/softfp\libc.a(lib_a-strcat.o)
 .data          0x00000000        0x0 c:/program files/gnu tools arm embedded/4.7 2013q2/bin/../lib/gcc/arm-none-eabi/4.7.4/../../../../arm-none-eabi/lib/armv7e-m/softfp\libc.a(lib_a-strcat.o)
 .bss           0x00000000        0x0 c:/program files/gnu tools arm embedded/4.7 2013q2/bin/../lib/gcc/arm-none-eabi/4.7.4/../../../../arm-none-eabi/lib/armv7e-m/softfp\libc.a(lib_a-strcat.o)
 .text.strcat   0x00000000       0x4c c:/program files/gnu tools arm embedded/4.7 2013q2/bin/../lib/gcc/arm-none-eabi/4.7.4/../../../../arm-none-eabi/lib/armv7e-m/softfp\libc.a(lib_a-strcat.o)
 .ARM.attributes
                0x00000000       0x34 c:/program files/gnu tools arm embedded/4.7 2013q2/bin/../lib/gcc/arm-none-eabi/4.7.4/../../../../arm-none-eabi/lib/armv7e-m/softfp\libc.a(lib_a-strcat.o)
 .debug_frame   0x00000000       0x2c c:/program files/gnu tools arm embedded/4.7 2013q2/bin/../lib/gcc/arm-none-eabi/4.7.4/../../../../arm-none-eabi/lib/armv7e-m/softfp\libc.a(lib_a-strcat.o)
 .text          0x00000000        0x0 c:/program files/gnu tools arm embedded/4.7 2013q2/bin/../lib/gcc/arm-none-eabi/4.7.4/../../../../arm-none-eabi/lib/armv7e-m/softfp\libc.a(lib_a-strcpy.o)
 .data          0x00000000        0x0 c:/program files/gnu tools arm embedded/4.7 2013q2/bin/../lib/gcc/arm-none-eabi/4.7.4/../../../../arm-none-eabi/lib/armv7e-m/softfp\libc.a(lib_a-strcpy.o)
 .bss           0x00000000        0x0 c:/program files/gnu tools arm embedded/4.7 2013q2/bin/../lib/gcc/arm-none-eabi/4.7.4/../../../../arm-none-eabi/lib/armv7e-m/softfp\libc.a(lib_a-strcpy.o)
 .text.strcpy   0x00000000       0xbc c:/program files/gnu tools arm embedded/4.7 2013q2/bin/../lib/gcc/arm-none-eabi/4.7.4/../../../../arm-none-eabi/lib/armv7e-m/softfp\libc.a(lib_a-strcpy.o)
 .ARM.attributes
                0x00000000       0x34 c:/program files/gnu tools arm embedded/4.7 2013q2/bin/../lib/gcc/arm-none-eabi/4.7.4/../../../../arm-none-eabi/lib/armv7e-m/softfp\libc.a(lib_a-strcpy.o)
 .debug_frame   0x00000000       0x20 c:/program files/gnu tools arm embedded/4.7 2013q2/bin/../lib/gcc/arm-none-eabi/4.7.4/../../../../arm-none-eabi/lib/armv7e-m/softfp\libc.a(lib_a-strcpy.o)
 .text          0x00000000        0x0 c:/program files/gnu tools arm embedded/4.7 2013q2/bin/../lib/gcc/arm-none-eabi/4.7.4/../../../../arm-none-eabi/lib/armv7e-m/softfp\libc.a(lib_a-strlen.o)
 .data          0x00000000        0x0 c:/program files/gnu tools arm embedded/4.7 2013q2/bin/../lib/gcc/arm-none-eabi/4.7.4/../../../../arm-none-eabi/lib/armv7e-m/softfp\libc.a(lib_a-strlen.o)
 .bss           0x00000000        0x0 c:/program files/gnu tools arm embedded/4.7 2013q2/bin/../lib/gcc/arm-none-eabi/4.7.4/../../../../arm-none-eabi/lib/armv7e-m/softfp\libc.a(lib_a-strlen.o)
 .text.strlen   0x00000000       0x60 c:/program files/gnu tools arm embedded/4.7 2013q2/bin/../lib/gcc/arm-none-eabi/4.7.4/../../../../arm-none-eabi/lib/armv7e-m/softfp\libc.a(lib_a-strlen.o)
 .ARM.attributes
                0x00000000       0x34 c:/program files/gnu tools arm embedded/4.7 2013q2/bin/../lib/gcc/arm-none-eabi/4.7.4/../../../../arm-none-eabi/lib/armv7e-m/softfp\libc.a(lib_a-strlen.o)
 .debug_frame   0x00000000       0x20 c:/program files/gnu tools arm embedded/4.7 2013q2/bin/../lib/gcc/arm-none-eabi/4.7.4/../../../../arm-none-eabi/lib/armv7e-m/softfp\libc.a(lib_a-strlen.o)
 .text          0x00000000        0x0 c:/program files/gnu tools arm embedded/4.7 2013q2/bin/../lib/gcc/arm-none-eabi/4.7.4/../../../../arm-none-eabi/lib/armv7e-m/softfp\libc.a(lib_a-strncpy.o)
 .data          0x00000000        0x0 c:/program files/gnu tools arm embedded/4.7 2013q2/bin/../lib/gcc/arm-none-eabi/4.7.4/../../../../arm-none-eabi/lib/armv7e-m/softfp\libc.a(lib_a-strncpy.o)
 .bss           0x00000000        0x0 c:/program files/gnu tools arm embedded/4.7 2013q2/bin/../lib/gcc/arm-none-eabi/4.7.4/../../../../arm-none-eabi/lib/armv7e-m/softfp\libc.a(lib_a-strncpy.o)
 .text          0x00000000        0x0 c:/program files/gnu tools arm embedded/4.7 2013q2/bin/../lib/gcc/arm-none-eabi/4.7.4/../../../../arm-none-eabi/lib/armv7e-m/softfp\libc.a(lib_a-freer.o)
 .data          0x00000000        0x0 c:/program files/gnu tools arm embedded/4.7 2013q2/bin/../lib/gcc/arm-none-eabi/4.7.4/../../../../arm-none-eabi/lib/armv7e-m/softfp\libc.a(lib_a-freer.o)
 .bss           0x00000000        0x0 c:/program files/gnu tools arm embedded/4.7 2013q2/bin/../lib/gcc/arm-none-eabi/4.7.4/../../../../arm-none-eabi/lib/armv7e-m/softfp\libc.a(lib_a-freer.o)
 .text          0x00000000        0x0 c:/program files/gnu tools arm embedded/4.7 2013q2/bin/../lib/gcc/arm-none-eabi/4.7.4/../../../../arm-none-eabi/lib/armv7e-m/softfp\libc.a(lib_a-reent.o)
 .data          0x00000000        0x0 c:/program files/gnu tools arm embedded/4.7 2013q2/bin/../lib/gcc/arm-none-eabi/4.7.4/../../../../arm-none-eabi/lib/armv7e-m/softfp\libc.a(lib_a-reent.o)
 .bss           0x00000000        0x0 c:/program files/gnu tools arm embedded/4.7 2013q2/bin/../lib/gcc/arm-none-eabi/4.7.4/../../../../arm-none-eabi/lib/armv7e-m/softfp\libc.a(lib_a-reent.o)
 .text.cleanup_glue
                0x00000000       0x1c c:/program files/gnu tools arm embedded/4.7 2013q2/bin/../lib/gcc/arm-none-eabi/4.7.4/../../../../arm-none-eabi/lib/armv7e-m/softfp\libc.a(lib_a-reent.o)
 .text._reclaim_reent
                0x00000000       0x8c c:/program files/gnu tools arm embedded/4.7 2013q2/bin/../lib/gcc/arm-none-eabi/4.7.4/../../../../arm-none-eabi/lib/armv7e-m/softfp\libc.a(lib_a-reent.o)
 .text._wrapup_reent
                0x00000000       0x74 c:/program files/gnu tools arm embedded/4.7 2013q2/bin/../lib/gcc/arm-none-eabi/4.7.4/../../../../arm-none-eabi/lib/armv7e-m/softfp\libc.a(lib_a-reent.o)

Memory Configuration

Name             Origin             Length             Attributes
rom              0x08000000         0x00100000         xr
ram              0x20000000         0x00020000         xrw
ram1             0x10000000         0x00010000         xrw
*default*        0x00000000         0xffffffff

Linker script and memory map

                0x20020000                _eram = 0x20020000

.text           0x08000000     0x7718
 *(.isr_vector .isr_vector.*)
 .isr_vector    0x08000000      0x188 ..\obj\startup_stm32f4xx.o
                0x08000000                g_pfnVectors
 *(.text .text.* .gnu.linkonce.t.*)
 .text.ucIMUInitTest
                0x08000188       0x50 ..\obj\imu.o
                0x08000188                ucIMUInitTest
 .text.vIMUGetData
                0x080001d8       0x5c ..\obj\imu.o
                0x080001d8                vIMUGetData
 .text.eIMUIsDataValid
                0x08000234       0xec ..\obj\imu.o
                0x08000234                eIMUIsDataValid
 .text.prvIsAltitudeValid
                0x08000320       0x2c ..\obj\imu.o
 .text.prvIsAngleValid
                0x0800034c       0x78 ..\obj\imu.o
 .text.prvIsSpeedValid
                0x080003c4       0x6c ..\obj\imu.o
 .text.prvIsAccelValid
                0x08000430       0x6c ..\obj\imu.o
 .text.USART_Init
                0x0800049c      0x1ac ..\obj\stm32f4xx_usart.o
                0x0800049c                USART_Init
 .text.USART_Cmd
                0x08000648       0x40 ..\obj\stm32f4xx_usart.o
                0x08000648                USART_Cmd
 .text.USART_SendData
                0x08000688       0x28 ..\obj\stm32f4xx_usart.o
                0x08000688                USART_SendData
 .text.USART_GetFlagStatus
                0x080006b0       0x40 ..\obj\stm32f4xx_usart.o
                0x080006b0                USART_GetFlagStatus
 .text.ucZigbeeInitTest
                0x080006f0       0x50 ..\obj\zigbee.o
                0x080006f0                ucZigbeeInitTest
 .text.vZigbeeReceiveData
                0x08000740       0x5c ..\obj\zigbee.o
                0x08000740                vZigbeeReceiveData
 .text.prvTelemeterIsDistValid
                0x0800079c       0xe0 ..\obj\telemeter.o
 .text.ucTelemeterInitTest
                0x0800087c       0x50 ..\obj\telemeter.o
                0x0800087c                ucTelemeterInitTest
 .text.usTelemeterGetDist
                0x080008cc       0x64 ..\obj\telemeter.o
                0x080008cc                usTelemeterGetDist
 .text.ucTelemeterIsDataValid
                0x08000930      0x12c ..\obj\telemeter.o
                0x08000930                ucTelemeterIsDataValid
 .text.vTelemeterGetData
                0x08000a5c       0x80 ..\obj\telemeter.o
                0x08000a5c                vTelemeterGetData
 .text.Default_Reset_Handler
                0x08000adc       0x7c ..\obj\startup_stm32f4xx.o
                0x08000adc                Default_Reset_Handler
                0x08000adc                Reset_Handler
 .text.Default_Handler
                0x08000b58        0x8 ..\obj\startup_stm32f4xx.o
                0x08000b58                RTC_Alarm_IRQHandler
                0x08000b58                HASH_RNG_IRQHandler
                0x08000b58                EXTI2_IRQHandler
                0x08000b58                TIM8_CC_IRQHandler
                0x08000b58                DebugMon_Handler
                0x08000b58                TIM1_CC_IRQHandler
                0x08000b58                DMA2_Stream5_IRQHandler
                0x08000b58                DMA1_Stream5_IRQHandler
                0x08000b58                PVD_IRQHandler
                0x08000b58                SDIO_IRQHandler
                0x08000b58                TAMP_STAMP_IRQHandler
                0x08000b58                NMI_Handler
                0x08000b58                CAN2_RX1_IRQHandler
                0x08000b58                EXTI3_IRQHandler
                0x08000b58                TIM8_TRG_COM_TIM14_IRQHandler
                0x08000b58                TIM1_UP_TIM10_IRQHandler
                0x08000b58                TIM8_UP_TIM13_IRQHandler
                0x08000b58                I2C3_ER_IRQHandler
                0x08000b58                EXTI0_IRQHandler
                0x08000b58                I2C2_EV_IRQHandler
                0x08000b58                DMA1_Stream2_IRQHandler
                0x08000b58                CAN1_RX0_IRQHandler
                0x08000b58                FPU_IRQHandler
                0x08000b58                OTG_HS_WKUP_IRQHandler
                0x08000b58                UsageFault_Handler
                0x08000b58                CAN2_SCE_IRQHandler
                0x08000b58                DMA2_Stream2_IRQHandler
                0x08000b58                SPI1_IRQHandler
                0x08000b58                TIM6_DAC_IRQHandler
                0x08000b58                TIM1_BRK_TIM9_IRQHandler
                0x08000b58                DCMI_IRQHandler
                0x08000b58                CAN2_RX0_IRQHandler
                0x08000b58                DMA2_Stream3_IRQHandler
                0x08000b58                USART6_IRQHandler
                0x08000b58                USART3_IRQHandler
                0x08000b58                CRYP_IRQHandler
                0x08000b58                CAN1_RX1_IRQHandler
                0x08000b58                UART5_IRQHandler
                0x08000b58                DMA2_Stream0_IRQHandler
                0x08000b58                TIM4_IRQHandler
                0x08000b58                I2C1_EV_IRQHandler
                0x08000b58                DMA1_Stream6_IRQHandler
                0x08000b58                DMA1_Stream1_IRQHandler
                0x08000b58                UART4_IRQHandler
                0x08000b58                TIM3_IRQHandler
                0x08000b58                RCC_IRQHandler
                0x08000b58                TIM8_BRK_TIM12_IRQHandler
                0x08000b58                EXTI15_10_IRQHandler
                0x08000b58                ADC_IRQHandler
                0x08000b58                DMA1_Stream7_IRQHandler
                0x08000b58                TIM7_IRQHandler
                0x08000b58                CAN2_TX_IRQHandler
                0x08000b58                TIM5_IRQHandler
                0x08000b58                DMA2_Stream7_IRQHandler
                0x08000b58                I2C3_EV_IRQHandler
                0x08000b58                EXTI9_5_IRQHandler
                0x08000b58                RTC_WKUP_IRQHandler
                0x08000b58                ETH_WKUP_IRQHandler
                0x08000b58                SPI2_IRQHandler
                0x08000b58                OTG_HS_EP1_IN_IRQHandler
                0x08000b58                MemManage_Handler
                0x08000b58                DMA1_Stream0_IRQHandler
                0x08000b58                CAN1_TX_IRQHandler
                0x08000b58                EXTI4_IRQHandler
                0x08000b58                FSMC_IRQHandler
                0x08000b58                ETH_IRQHandler
                0x08000b58                OTG_HS_EP1_OUT_IRQHandler
                0x08000b58                WWDG_IRQHandler
                0x08000b58                TIM2_IRQHandler
                0x08000b58                OTG_FS_WKUP_IRQHandler
                0x08000b58                TIM1_TRG_COM_TIM11_IRQHandler
                0x08000b58                OTG_HS_IRQHandler
                0x08000b58                EXTI1_IRQHandler
                0x08000b58                USART2_IRQHandler
                0x08000b58                I2C2_ER_IRQHandler
                0x08000b58                DMA2_Stream1_IRQHandler
                0x08000b58                CAN1_SCE_IRQHandler
                0x08000b58                FLASH_IRQHandler
                0x08000b58                DMA2_Stream4_IRQHandler
                0x08000b58                BusFault_Handler
                0x08000b58                USART1_IRQHandler
                0x08000b58                OTG_FS_IRQHandler
                0x08000b58                SPI3_IRQHandler
                0x08000b58                DMA1_Stream4_IRQHandler
                0x08000b58                I2C1_ER_IRQHandler
                0x08000b58                DMA2_Stream6_IRQHandler
                0x08000b58                DMA1_Stream3_IRQHandler
 .text.RCC_GetClocksFreq
                0x08000b60      0x1cc ..\obj\stm32f4xx_rcc.o
                0x08000b60                RCC_GetClocksFreq
 .text.RCC_AHB1PeriphClockCmd
                0x08000d2c       0x54 ..\obj\stm32f4xx_rcc.o
                0x08000d2c                RCC_AHB1PeriphClockCmd
 .text.RCC_APB2PeriphClockCmd
                0x08000d80       0x54 ..\obj\stm32f4xx_rcc.o
                0x08000d80                RCC_APB2PeriphClockCmd
 .text.ucFlightCmdValid
                0x08000dd4       0x78 ..\obj\flight.o
                0x08000dd4                ucFlightCmdValid
 .text.vFlightTakeoffMvt
                0x08000e4c       0x60 ..\obj\flight.o
                0x08000e4c                vFlightTakeoffMvt
 .text.vFlightLandMvt
                0x08000eac       0x60 ..\obj\flight.o
                0x08000eac                vFlightLandMvt
 .text.ucFlightAutotuneMvt
                0x08000f0c       0x64 ..\obj\flight.o
                0x08000f0c                ucFlightAutotuneMvt
 .text.vFlightCommandMvt
                0x08000f70       0x60 ..\obj\flight.o
                0x08000f70                vFlightCommandMvt
 .text.vFlightExecuteMvt
                0x08000fd0       0x5c ..\obj\flight.o
                0x08000fd0                vFlightExecuteMvt
 .text.PrintChar
                0x0800102c       0x1c ..\obj\printf.o
                0x0800102c                PrintChar
 .text.PutChar  0x08001048       0x24 ..\obj\printf.o
                0x08001048                PutChar
 .text.PutString
                0x0800106c       0x48 ..\obj\printf.o
                0x0800106c                PutString
 .text.PutUnsignedInt
                0x080010b4       0xbc ..\obj\printf.o
                0x080010b4                PutUnsignedInt
 .text.PutSignedInt
                0x08001170      0x12c ..\obj\printf.o
                0x08001170                PutSignedInt
 .text.PutHexa  0x0800129c       0xe8 ..\obj\printf.o
                0x0800129c                PutHexa
 .text.vsnprintf
                0x08001384      0x2a4 ..\obj\printf.o
                0x08001384                vsnprintf
 .text.vsprintf
                0x08001628       0x28 ..\obj\printf.o
                0x08001628                vsprintf
 .text.vfprintf
                0x08001650       0x6c ..\obj\printf.o
                0x08001650                vfprintf
 .text.vprintf  0x080016bc       0x2c ..\obj\printf.o
                0x080016bc                vprintf
 .text.printf   0x080016e8       0x2c ..\obj\printf.o
                0x080016e8                printf
 .text.puts     0x08001714       0x28 ..\obj\printf.o
                0x08001714                puts
 .text.fputc    0x0800173c       0x4c ..\obj\printf.o
                0x0800173c                fputc
 .text.fputs    0x08001788       0x50 ..\obj\printf.o
                0x08001788                fputs
 .text.NVIC_SetPriorityGrouping
                0x080017d8       0x50 ..\obj\drone.o
 .text.NVIC_SystemReset
                0x08001828       0x30 ..\obj\drone.o
 .text.main     0x08001858      0x614 ..\obj\drone.o
                0x08001858                main
 .text.prvDetectObstacleTask
                0x08001e6c      0x1ec ..\obj\drone.o
 .text.prvFlightCtrlTask
                0x08002058      0x380 ..\obj\drone.o
 .text.prvZigbeeReceiveTask
                0x080023d8      0x388 ..\obj\drone.o
 .text.prvBatteryMonitoringTask
                0x08002760      0x190 ..\obj\drone.o
 .text.prvGPSReceiveTask
                0x080028f0      0x10c ..\obj\drone.o
 .text.vApplicationIdleHook
                0x080029fc       0xa4 ..\obj\drone.o
                0x080029fc                vApplicationIdleHook
 .text.prvSendConfig
                0x08002aa0       0x14 ..\obj\drone.o
 .text.prvInitDroneConfig
                0x08002ab4      0x138 ..\obj\drone.o
 .text.prvSetupHardware
                0x08002bec       0x18 ..\obj\drone.o
 .text.prvInitTestPeriph
                0x08002c04       0x74 ..\obj\drone.o
 .text.prvDroneConfigValid
                0x08002c78       0x18 ..\obj\drone.o
 .text.prvBatteryValid
                0x08002c90       0x18 ..\obj\drone.o
 .text.prvResetDroneConfig
                0x08002ca8       0x14 ..\obj\drone.o
 .text.prvSelectErrorState
                0x08002cbc       0x40 ..\obj\drone.o
 .text.prvSafeSetIMUData
                0x08002cfc       0x8c ..\obj\drone.o
 .text.prvSafeSetGPSData
                0x08002d88       0x80 ..\obj\drone.o
 .text.prvSafeSetZigbeeData
                0x08002e08       0x90 ..\obj\drone.o
 .text.prvSafeSetBatteryData
                0x08002e98       0x80 ..\obj\drone.o
 .text.prvSafeSetDroneConfig
                0x08002f18       0x84 ..\obj\drone.o
 .text.prvSafeSetTelemeterData
                0x08002f9c       0x8c ..\obj\drone.o
 .text.prvSafeSetDroneState
                0x08003028       0x80 ..\obj\drone.o
 .text.prvSafeGetIMUData
                0x080030a8       0x38 ..\obj\drone.o
 .text.prvSafeGetGPSData
                0x080030e0       0x2c ..\obj\drone.o
 .text.prvSafeGetZigbeeData
                0x0800310c       0x2c ..\obj\drone.o
 .text.prvSafeGetBatteryData
                0x08003138       0x2c ..\obj\drone.o
 .text.prvSafeGetDroneConfig
                0x08003164       0x3c ..\obj\drone.o
 .text.prvSafeGetTelemeterData
                0x080031a0       0x30 ..\obj\drone.o
 .text.prvSafeGetDroneState
                0x080031d0       0x28 ..\obj\drone.o
 .text.prvEnableVideo
                0x080031f8       0x58 ..\obj\drone.o
 .text.prvDisableVideo
                0x08003250       0x58 ..\obj\drone.o
 .text.prvTakeoffDone
                0x080032a8       0x38 ..\obj\drone.o
 .text.prvLandingDone
                0x080032e0       0x64 ..\obj\drone.o
 .text.prvObstacleDetected
                0x08003344       0x24 ..\obj\drone.o
 .text.prvTelemeterTimedout
                0x08003368       0x3c ..\obj\drone.o
 .text.prvBatteryCritical
                0x080033a4       0x28 ..\obj\drone.o
 .text.prvBatteryTimedout
                0x080033cc       0x3c ..\obj\drone.o
 .text.prvIMUTimedout
                0x08003408       0x3c ..\obj\drone.o
 .text.prvGPSTimedout
                0x08003444       0x3c ..\obj\drone.o
 .text.prvZigbeeTimedout
                0x08003480       0x3c ..\obj\drone.o
 .text.prvFltCmdTimedout
                0x080034bc       0x3c ..\obj\drone.o
 .text.ucBatteryInitTest
                0x080034f8       0x60 ..\obj\drone.o
 .text.prvHandleTimouts
                0x08003558      0x154 ..\obj\drone.o
 .text.prvInitAltitude
                0x080036ac       0x24 ..\obj\drone.o
 .text.prvGetBatteryLvl
                0x080036d0       0x5c ..\obj\drone.o
 .text.prvSendStatus
                0x0800372c        0xc ..\obj\drone.o
 .text.prvSendError
                0x08003738       0x14 ..\obj\drone.o
 .text.prvReboot
                0x0800374c        0xc ..\obj\drone.o
 .text.prvShutdown
                0x08003758        0xc ..\obj\drone.o
 .text.xTaskGenericCreate
                0x08003764      0x344 ..\obj\tasks.o
                0x08003764                xTaskGenericCreate
 .text.vTaskDelayUntil
                0x08003aa8      0x190 ..\obj\tasks.o
                0x08003aa8                vTaskDelayUntil
 .text.uxTaskPriorityGet
                0x08003c38       0x38 ..\obj\tasks.o
                0x08003c38                uxTaskPriorityGet
 .text.vTaskStartScheduler
                0x08003c70       0xbc ..\obj\tasks.o
                0x08003c70                vTaskStartScheduler
 .text.vTaskSuspendAll
                0x08003d2c       0x24 ..\obj\tasks.o
                0x08003d2c                vTaskSuspendAll
 .text.xTaskResumeAll
                0x08003d50      0x19c ..\obj\tasks.o
                0x08003d50                xTaskResumeAll
 .text.xTaskGetTickCount
                0x08003eec       0x28 ..\obj\tasks.o
                0x08003eec                xTaskGetTickCount
 .text.pcTaskGetTaskName
                0x08003f14       0x74 ..\obj\tasks.o
                0x08003f14                pcTaskGetTaskName
 .text.vTaskIncrementTick
                0x08003f88      0x204 ..\obj\tasks.o
                0x08003f88                vTaskIncrementTick
 .text.vTaskSwitchContext
                0x0800418c      0x1e4 ..\obj\tasks.o
                0x0800418c                vTaskSwitchContext
 .text.vTaskPlaceOnEventList
                0x08004370       0x98 ..\obj\tasks.o
                0x08004370                vTaskPlaceOnEventList
 .text.xTaskRemoveFromEventList
                0x08004408      0x108 ..\obj\tasks.o
                0x08004408                xTaskRemoveFromEventList
 .text.vTaskSetTimeOutState
                0x08004510       0x70 ..\obj\tasks.o
                0x08004510                vTaskSetTimeOutState
 .text.xTaskCheckForTimeOut
                0x08004580      0x118 ..\obj\tasks.o
                0x08004580                xTaskCheckForTimeOut
 .text.vTaskMissedYield
                0x08004698       0x18 ..\obj\tasks.o
                0x08004698                vTaskMissedYield
 .text.prvIdleTask
                0x080046b0       0x14 ..\obj\tasks.o
 .text.prvInitialiseTCBVariables
                0x080046c4       0x88 ..\obj\tasks.o
 .text.prvInitialiseTaskLists
                0x0800474c       0x8c ..\obj\tasks.o
 .text.prvCheckTasksWaitingTermination
                0x080047d8        0xc ..\obj\tasks.o
 .text.prvAddCurrentTaskToDelayedList
                0x080047e4       0x8c ..\obj\tasks.o
 .text.prvAllocateTCBAndStack
                0x08004870       0x74 ..\obj\tasks.o
 .text.xTaskGetCurrentTaskHandle
                0x080048e4       0x20 ..\obj\tasks.o
                0x080048e4                xTaskGetCurrentTaskHandle
 .text.vTaskPriorityInherit
                0x08004904      0x118 ..\obj\tasks.o
                0x08004904                vTaskPriorityInherit
 .text.vTaskPriorityDisinherit
                0x08004a1c       0x90 ..\obj\tasks.o
                0x08004a1c                vTaskPriorityDisinherit
 .text.GPIO_Init
                0x08004aac      0x144 ..\obj\stm32f4xx_gpio.o
                0x08004aac                GPIO_Init
 .text.GPIO_PinAFConfig
                0x08004bf0       0xa8 ..\obj\stm32f4xx_gpio.o
                0x08004bf0                GPIO_PinAFConfig
 .text          0x08004c98       0x30 ..\obj\sh_cmd.o
                0x08004c98                SH_DoCommand
                0x08004cae                HardFault_Handler
 .text.vListInitialise
                0x08004cc8       0x40 ..\obj\list.o
                0x08004cc8                vListInitialise
 .text.vListInitialiseItem
                0x08004d08       0x1c ..\obj\list.o
                0x08004d08                vListInitialiseItem
 .text.vListInsertEnd
                0x08004d24       0x50 ..\obj\list.o
                0x08004d24                vListInsertEnd
 .text.vListInsert
                0x08004d74       0x74 ..\obj\list.o
                0x08004d74                vListInsert
 .text.vListRemove
                0x08004de8       0x54 ..\obj\list.o
                0x08004de8                vListRemove
 .text.SystemInit
                0x08004e3c       0xb0 ..\obj\system_stm32f4xx.o
                0x08004e3c                SystemInit
 .text.SystemCoreClockUpdate
                0x08004eec      0x170 ..\obj\system_stm32f4xx.o
                0x08004eec                SystemCoreClockUpdate
 .text.SetSysClock
                0x0800505c      0x188 ..\obj\system_stm32f4xx.o
 .text._sbrk    0x080051e4       0x5c ..\obj\syscalls.o
                0x080051e4                _sbrk
 .text.ucGPSInitTest
                0x08005240       0x50 ..\obj\gps.o
                0x08005240                ucGPSInitTest
 .text.vGPSGetData
                0x08005290       0x5c ..\obj\gps.o
                0x08005290                vGPSGetData
 .text.eGPSIsDataValid
                0x080052ec       0x18 ..\obj\gps.o
                0x080052ec                eGPSIsDataValid
 .text.pxPortInitialiseStack
                0x08005304       0x68 ..\obj\port.o
                0x08005304                pxPortInitialiseStack
 .text.SVC_Handler
                0x0800536c       0x20 ..\obj\port.o
                0x0800536c                SVC_Handler
 .text.vPortStartFirstTask
                0x0800538c       0x14 ..\obj\port.o
                0x0800538c                vPortStartFirstTask
 .text.xPortStartScheduler
                0x080053a0       0x54 ..\obj\port.o
                0x080053a0                xPortStartScheduler
 .text.vPortYieldFromISR
                0x080053f4       0x18 ..\obj\port.o
                0x080053f4                vPortYieldFromISR
 .text.vPortEnterCritical
                0x0800540c       0x2c ..\obj\port.o
                0x0800540c                vPortEnterCritical
 .text.vPortExitCritical
                0x08005438       0x38 ..\obj\port.o
                0x08005438                vPortExitCritical
 .text.PendSV_Handler
                0x08005470       0x58 ..\obj\port.o
                0x08005470                PendSV_Handler
 .text.SysTick_Handler
                0x080054c8       0x38 ..\obj\port.o
                0x080054c8                SysTick_Handler
 .text.prvSetupTimerInterrupt
                0x08005500       0x40 ..\obj\port.o
 .text.xQueueCreate
                0x08005540      0x194 ..\obj\queue.o
                0x08005540                xQueueCreate
 .text.xQueueGenericSend
                0x080056d4      0x23c ..\obj\queue.o
                0x080056d4                xQueueGenericSend
 .text.xQueueGenericReceive
                0x08005910      0x2a0 ..\obj\queue.o
                0x08005910                xQueueGenericReceive
 .text.prvCopyDataToQueue
                0x08005bb0       0xc4 ..\obj\queue.o
 .text.prvCopyDataFromQueue
                0x08005c74       0x50 ..\obj\queue.o
 .text.prvUnlockQueue
                0x08005cc4       0xa0 ..\obj\queue.o
 .text.prvIsQueueEmpty
                0x08005d64       0x2c ..\obj\queue.o
 .text.prvIsQueueFull
                0x08005d90       0x30 ..\obj\queue.o
 .text.vDebugUARTInit
                0x08005dc0      0x100 ..\obj\debug.o
                0x08005dc0                vDebugUARTInit
 .text.ulDebugMsg
                0x08005ec0       0x40 ..\obj\debug.o
                0x08005ec0                ulDebugMsg
 .text.vDebugUARTPutchar
                0x08005f00       0x3c ..\obj\debug.o
                0x08005f00                vDebugUARTPutchar
 .text.malloc   0x08005f3c       0x10 c:/program files/gnu tools arm embedded/4.7 2013q2/bin/../lib/gcc/arm-none-eabi/4.7.4/../../../../arm-none-eabi/lib/armv7e-m/softfp\libc.a(lib_a-malloc.o)
                0x08005f3c                malloc
 .text.free     0x08005f4c       0x10 c:/program files/gnu tools arm embedded/4.7 2013q2/bin/../lib/gcc/arm-none-eabi/4.7.4/../../../../arm-none-eabi/lib/armv7e-m/softfp\libc.a(lib_a-malloc.o)
                0x08005f4c                free
 .text._malloc_r
                0x08005f5c      0x55c c:/program files/gnu tools arm embedded/4.7 2013q2/bin/../lib/gcc/arm-none-eabi/4.7.4/../../../../arm-none-eabi/lib/armv7e-m/softfp\libc.a(lib_a-mallocr.o)
                0x08005f5c                _malloc_r
 .text.memcpy   0x080064b8      0x144 c:/program files/gnu tools arm embedded/4.7 2013q2/bin/../lib/gcc/arm-none-eabi/4.7.4/../../../../arm-none-eabi/lib/armv7e-m/softfp\libc.a(lib_a-memcpy.o)
                0x080064b8                memcpy
 .text.memset   0x080065fc      0x12c c:/program files/gnu tools arm embedded/4.7 2013q2/bin/../lib/gcc/arm-none-eabi/4.7.4/../../../../arm-none-eabi/lib/armv7e-m/softfp\libc.a(lib_a-memset.o)
                0x080065fc                memset
 .text.__malloc_lock
                0x08006728        0x4 c:/program files/gnu tools arm embedded/4.7 2013q2/bin/../lib/gcc/arm-none-eabi/4.7.4/../../../../arm-none-eabi/lib/armv7e-m/softfp\libc.a(lib_a-mlock.o)
                0x08006728                __malloc_lock
 .text.__malloc_unlock
                0x0800672c        0x4 c:/program files/gnu tools arm embedded/4.7 2013q2/bin/../lib/gcc/arm-none-eabi/4.7.4/../../../../arm-none-eabi/lib/armv7e-m/softfp\libc.a(lib_a-mlock.o)
                0x0800672c                __malloc_unlock
 .text._sbrk_r  0x08006730       0x24 c:/program files/gnu tools arm embedded/4.7 2013q2/bin/../lib/gcc/arm-none-eabi/4.7.4/../../../../arm-none-eabi/lib/armv7e-m/softfp\libc.a(lib_a-sbrkr.o)
                0x08006730                _sbrk_r
 .text.strncpy  0x08006754      0x110 c:/program files/gnu tools arm embedded/4.7 2013q2/bin/../lib/gcc/arm-none-eabi/4.7.4/../../../../arm-none-eabi/lib/armv7e-m/softfp\libc.a(lib_a-strncpy.o)
                0x08006754                strncpy
 .text._malloc_trim_r
                0x08006864       0x98 c:/program files/gnu tools arm embedded/4.7 2013q2/bin/../lib/gcc/arm-none-eabi/4.7.4/../../../../arm-none-eabi/lib/armv7e-m/softfp\libc.a(lib_a-freer.o)
                0x08006864                _malloc_trim_r
 .text._free_r  0x080068fc      0x194 c:/program files/gnu tools arm embedded/4.7 2013q2/bin/../lib/gcc/arm-none-eabi/4.7.4/../../../../arm-none-eabi/lib/armv7e-m/softfp\libc.a(lib_a-freer.o)
                0x080068fc                _free_r
 *(.glue_7t)
 .glue_7t       0x00000000        0x0 linker stubs
 *(.glue_7)
 .glue_7        0x00000000        0x0 linker stubs
 *(.rodata .rodata* .gnu.linkonce.r.*)
 .rodata        0x08006a90       0xc4 ..\obj\imu.o
 .rodata        0x08006b54       0x80 ..\obj\zigbee.o
 .rodata        0x08006bd4      0x13c ..\obj\telemeter.o
 .rodata        0x08006d10       0xbc ..\obj\flight.o
                0x08006d10                xStationaryFlightMvt
                0x08006d28                xStationaryFlightCmd
 .rodata        0x08006dcc       0x24 ..\obj\printf.o
 .rodata        0x08006df0      0x48c ..\obj\drone.o
                0x08006df0                xDfltDroneConfig
                0x08006e2c                xInitDroneState
 .rodata        0x0800727c      0x198 ..\obj\tasks.o
 .rodata        0x08007414       0x58 ..\obj\gps.o
 .rodata        0x0800746c      0x178 ..\obj\queue.o
 .rodata        0x080075e4      0x134 ..\obj\debug.o

.vfp11_veneer   0x08007718        0x0
 .vfp11_veneer  0x00000000        0x0 linker stubs

.v4_bx          0x08007718        0x0
 .v4_bx         0x00000000        0x0 linker stubs

.iplt           0x08007718        0x0
 .iplt          0x00000000        0x0 ..\obj\semihosting.o

.rel.dyn        0x08007718        0x0
 .rel.iplt      0x00000000        0x0 ..\obj\semihosting.o

.ARM.extab
 *(.ARM.extab* .gnu.linkonce.armextab.*)
                0x08007718                __exidx_start = .

.ARM.exidx
 *(.ARM.exidx* .gnu.linkonce.armexidx.*)
                0x08007718                __exidx_end = .
                0x08007718                . = ALIGN (0x4)
                0x08007718                _etext = .
                0x08007718                _sidata = .

.data           0x20000000      0x86c load address 0x08007718
                0x20000000                _sdata = .
 *(.data .data.*)
 .data          0x20000000       0x10 ..\obj\stm32f4xx_rcc.o
 .data          0x20000010      0x430 ..\obj\printf.o
                0x20000010                r
                0x20000438                _impure_ptr
 .data          0x20000440        0x4 ..\obj\tasks.o
 .data          0x20000444       0x14 ..\obj\system_stm32f4xx.o
                0x20000444                SystemCoreClock
                0x20000448                AHBPrescTable
 .data          0x20000458        0x4 ..\obj\port.o
 .data.__malloc_av_
                0x2000045c      0x408 c:/program files/gnu tools arm embedded/4.7 2013q2/bin/../lib/gcc/arm-none-eabi/4.7.4/../../../../arm-none-eabi/lib/armv7e-m/softfp\libc.a(lib_a-mallocr.o)
                0x2000045c                __malloc_av_
 .data.__malloc_trim_threshold
                0x20000864        0x4 c:/program files/gnu tools arm embedded/4.7 2013q2/bin/../lib/gcc/arm-none-eabi/4.7.4/../../../../arm-none-eabi/lib/armv7e-m/softfp\libc.a(lib_a-mallocr.o)
                0x20000864                __malloc_trim_threshold
 .data.__malloc_sbrk_base
                0x20000868        0x4 c:/program files/gnu tools arm embedded/4.7 2013q2/bin/../lib/gcc/arm-none-eabi/4.7.4/../../../../arm-none-eabi/lib/armv7e-m/softfp\libc.a(lib_a-mallocr.o)
                0x20000868                __malloc_sbrk_base
                0x2000086c                . = ALIGN (0x4)
                0x2000086c                _edata = .

.igot.plt       0x2000086c        0x0 load address 0x08007f84
 .igot.plt      0x00000000        0x0 ..\obj\semihosting.o

.bss            0x2000086c      0x200 load address 0x08007f84
                0x2000086c                _sbss = .
 *(.bss .bss.*)
 .bss           0x2000086c       0x9c ..\obj\drone.o
 .bss           0x20000908      0x110 ..\obj\tasks.o
                0x20000908                pxCurrentTCB
 .bss           0x20000a18        0x4 ..\obj\syscalls.o
 .bss.__malloc_max_total_mem
                0x20000a1c        0x4 c:/program files/gnu tools arm embedded/4.7 2013q2/bin/../lib/gcc/arm-none-eabi/4.7.4/../../../../arm-none-eabi/lib/armv7e-m/softfp\libc.a(lib_a-mallocr.o)
                0x20000a1c                __malloc_max_total_mem
 .bss.__malloc_max_sbrked_mem
                0x20000a20        0x4 c:/program files/gnu tools arm embedded/4.7 2013q2/bin/../lib/gcc/arm-none-eabi/4.7.4/../../../../arm-none-eabi/lib/armv7e-m/softfp\libc.a(lib_a-mallocr.o)
                0x20000a20                __malloc_max_sbrked_mem
 .bss.__malloc_top_pad
                0x20000a24        0x4 c:/program files/gnu tools arm embedded/4.7 2013q2/bin/../lib/gcc/arm-none-eabi/4.7.4/../../../../arm-none-eabi/lib/armv7e-m/softfp\libc.a(lib_a-mallocr.o)
                0x20000a24                __malloc_top_pad
 .bss.__malloc_current_mallinfo
                0x20000a28       0x28 c:/program files/gnu tools arm embedded/4.7 2013q2/bin/../lib/gcc/arm-none-eabi/4.7.4/../../../../arm-none-eabi/lib/armv7e-m/softfp\libc.a(lib_a-mallocr.o)
                0x20000a28                __malloc_current_mallinfo
 *(COMMON)
 COMMON         0x20000a50       0x18 ..\obj\drone.o
                0x20000a50                xDetectObstacleHandle
                0x20000a54                xFlightCtrlHandle
                0x20000a58                xBatteryMonitoringHandle
                0x20000a5c                xDroneState
                0x20000a60                xGPSReceiveHandle
                0x20000a64                xZigbeeReceiveHandle
 COMMON         0x20000a68        0x4 c:/program files/gnu tools arm embedded/4.7 2013q2/bin/../lib/gcc/arm-none-eabi/4.7.4/../../../../arm-none-eabi/lib/armv7e-m/softfp\libc.a(lib_a-reent.o)
                0x20000a68                errno
                0x20000a6c                . = ALIGN (0x4)
                0x20000a6c                _ebss = .

.co_stack       0x20000a6c      0x804 load address 0x08008184
                0x20000a70                . = ALIGN (0x8)
 *fill*         0x20000a6c        0x4 00
 *(.co_stack .co_stack.*)
 .co_stack      0x20000a70      0x800 ..\obj\startup_stm32f4xx.o
                0x20000a70                pulStack
                0x20001270                . = ALIGN (0x4)
                0x20001270                _end = .
LOAD ..\obj\semihosting.o
LOAD ..\obj\stm32f4xx_syscfg.o
LOAD ..\obj\imu.o
LOAD ..\obj\stm32f4xx_usart.o
LOAD ..\obj\zigbee.o
LOAD ..\obj\telemeter.o
LOAD ..\obj\pwm.o
LOAD ..\obj\stm32f4xx_dac.o
LOAD ..\obj\startup_stm32f4xx.o
LOAD ..\obj\stm32f4xx_rcc.o
LOAD ..\obj\timers.o
LOAD ..\obj\stm32f4xx_adc.o
LOAD ..\obj\flight.o
LOAD ..\obj\printf.o
LOAD ..\obj\drone.o
LOAD ..\obj\tasks.o
LOAD ..\obj\stm32f4xx_gpio.o
LOAD ..\obj\sh_cmd.o
LOAD ..\obj\list.o
LOAD ..\obj\system_stm32f4xx.o
LOAD ..\obj\syscalls.o
LOAD ..\obj\stm32f4xx_dma.o
LOAD ..\obj\gps.o
LOAD ..\obj\port.o
LOAD ..\obj\queue.o
LOAD ..\obj\debug.o
LOAD ..\obj\croutine.o
LOAD ..\obj\stm32f4xx_exti.o
LOAD ..\obj\misc.o
LOAD ..\obj\pid.o
LOAD c:/program files/gnu tools arm embedded/4.7 2013q2/bin/../lib/gcc/arm-none-eabi/4.7.4/../../../../arm-none-eabi/lib/armv7e-m/softfp\libm.a
LOAD c:/program files/gnu tools arm embedded/4.7 2013q2/bin/../lib/gcc/arm-none-eabi/4.7.4/armv7e-m/softfp\libgcc.a
LOAD c:/program files/gnu tools arm embedded/4.7 2013q2/bin/../lib/gcc/arm-none-eabi/4.7.4/../../../../arm-none-eabi/lib/armv7e-m/softfp\libc.a
LOAD c:/program files/gnu tools arm embedded/4.7 2013q2/bin/../lib/gcc/arm-none-eabi/4.7.4/../../../../arm-none-eabi/lib/armv7e-m/softfp\librdimon.a
START GROUP
LOAD c:/program files/gnu tools arm embedded/4.7 2013q2/bin/../lib/gcc/arm-none-eabi/4.7.4/armv7e-m/softfp\libgcc.a
LOAD c:/program files/gnu tools arm embedded/4.7 2013q2/bin/../lib/gcc/arm-none-eabi/4.7.4/../../../../arm-none-eabi/lib/armv7e-m/softfp\libg.a
LOAD c:/program files/gnu tools arm embedded/4.7 2013q2/bin/../lib/gcc/arm-none-eabi/4.7.4/../../../../arm-none-eabi/lib/armv7e-m/softfp\libc.a
END GROUP
OUTPUT(drone.elf elf32-littlearm)

.debug_info     0x00000000     0x7fed
 .debug_info    0x00000000      0x33a ..\obj\imu.o
 .debug_info    0x0000033a      0xa65 ..\obj\stm32f4xx_usart.o
 .debug_info    0x00000d9f      0x3a1 ..\obj\zigbee.o
 .debug_info    0x00001140      0x2df ..\obj\telemeter.o
 .debug_info    0x0000141f      0x103 ..\obj\startup_stm32f4xx.o
 .debug_info    0x00001522      0xd49 ..\obj\stm32f4xx_rcc.o
 .debug_info    0x0000226b      0x504 ..\obj\flight.o
 .debug_info    0x0000276f      0xf8e ..\obj\printf.o
 .debug_info    0x000036fd     0x15e5 ..\obj\drone.o
 .debug_info    0x00004ce2      0xec0 ..\obj\tasks.o
 .debug_info    0x00005ba2      0x640 ..\obj\stm32f4xx_gpio.o
 .debug_info    0x000061e2       0x9f ..\obj\sh_cmd.o
 .debug_info    0x00006281      0x2d8 ..\obj\list.o
 .debug_info    0x00006559      0x5f5 ..\obj\system_stm32f4xx.o
 .debug_info    0x00006b4e      0x443 ..\obj\syscalls.o
 .debug_info    0x00006f91      0x196 ..\obj\gps.o
 .debug_info    0x00007127      0x247 ..\obj\port.o
 .debug_info    0x0000736e      0x798 ..\obj\queue.o
 .debug_info    0x00007b06      0x4e7 ..\obj\debug.o

.debug_abbrev   0x00000000     0x18ff
 .debug_abbrev  0x00000000      0x149 ..\obj\imu.o
 .debug_abbrev  0x00000149      0x157 ..\obj\stm32f4xx_usart.o
 .debug_abbrev  0x000002a0      0x10e ..\obj\zigbee.o
 .debug_abbrev  0x000003ae      0x137 ..\obj\telemeter.o
 .debug_abbrev  0x000004e5       0xb2 ..\obj\startup_stm32f4xx.o
 .debug_abbrev  0x00000597      0x1e5 ..\obj\stm32f4xx_rcc.o
 .debug_abbrev  0x0000077c      0x11b ..\obj\flight.o
 .debug_abbrev  0x00000897      0x27a ..\obj\printf.o
 .debug_abbrev  0x00000b11      0x23e ..\obj\drone.o
 .debug_abbrev  0x00000d4f      0x22e ..\obj\tasks.o
 .debug_abbrev  0x00000f7d      0x1a5 ..\obj\stm32f4xx_gpio.o
 .debug_abbrev  0x00001122       0x14 ..\obj\sh_cmd.o
 .debug_abbrev  0x00001136       0xb7 ..\obj\list.o
 .debug_abbrev  0x000011ed      0x138 ..\obj\system_stm32f4xx.o
 .debug_abbrev  0x00001325       0xe4 ..\obj\syscalls.o
 .debug_abbrev  0x00001409      0x10e ..\obj\gps.o
 .debug_abbrev  0x00001517      0x15d ..\obj\port.o
 .debug_abbrev  0x00001674      0x14b ..\obj\queue.o
 .debug_abbrev  0x000017bf      0x140 ..\obj\debug.o

.debug_loc      0x00000000     0x3a6a
 .debug_loc     0x00000000      0x1f8 ..\obj\imu.o
 .debug_loc     0x000001f8      0x658 ..\obj\stm32f4xx_usart.o
 .debug_loc     0x00000850      0x118 ..\obj\zigbee.o
 .debug_loc     0x00000968      0x1c0 ..\obj\telemeter.o
 .debug_loc     0x00000b28       0x64 ..\obj\startup_stm32f4xx.o
 .debug_loc     0x00000b8c      0x97c ..\obj\stm32f4xx_rcc.o
 .debug_loc     0x00001508      0x1c0 ..\obj\flight.o
 .debug_loc     0x000016c8      0x3ea ..\obj\printf.o
 .debug_loc     0x00001ab2      0xae0 ..\obj\drone.o
 .debug_loc     0x00002592      0x770 ..\obj\tasks.o
 .debug_loc     0x00002d02      0x310 ..\obj\stm32f4xx_gpio.o
 .debug_loc     0x00003012      0x118 ..\obj\list.o
 .debug_loc     0x0000312a       0x9c ..\obj\system_stm32f4xx.o
 .debug_loc     0x000031c6      0x1ec ..\obj\syscalls.o
 .debug_loc     0x000033b2      0x118 ..\obj\gps.o
 .debug_loc     0x000034ca      0x178 ..\obj\port.o
 .debug_loc     0x00003642      0x380 ..\obj\queue.o
 .debug_loc     0x000039c2       0xa8 ..\obj\debug.o

.debug_aranges  0x00000000      0xa60
 .debug_aranges
                0x00000000       0x60 ..\obj\imu.o
 .debug_aranges
                0x00000060      0x100 ..\obj\stm32f4xx_usart.o
 .debug_aranges
                0x00000160       0x40 ..\obj\zigbee.o
 .debug_aranges
                0x000001a0       0x58 ..\obj\telemeter.o
 .debug_aranges
                0x000001f8       0x28 ..\obj\startup_stm32f4xx.o
 .debug_aranges
                0x00000220      0x178 ..\obj\stm32f4xx_rcc.o
 .debug_aranges
                0x00000398       0x58 ..\obj\flight.o
 .debug_aranges
                0x000003f0       0xa0 ..\obj\printf.o
 .debug_aranges
                0x00000490      0x1b0 ..\obj\drone.o
 .debug_aranges
                0x00000640      0x130 ..\obj\tasks.o
 .debug_aranges
                0x00000770       0x88 ..\obj\stm32f4xx_gpio.o
 .debug_aranges
                0x000007f8       0x20 ..\obj\sh_cmd.o
 .debug_aranges
                0x00000818       0x40 ..\obj\list.o
 .debug_aranges
                0x00000858       0x30 ..\obj\system_stm32f4xx.o
 .debug_aranges
                0x00000888       0x60 ..\obj\syscalls.o
 .debug_aranges
                0x000008e8       0x40 ..\obj\gps.o
 .debug_aranges
                0x00000928       0x70 ..\obj\port.o
 .debug_aranges
                0x00000998       0x98 ..\obj\queue.o
 .debug_aranges
                0x00000a30       0x30 ..\obj\debug.o

.debug_ranges   0x00000000      0x920
 .debug_ranges  0x00000000       0x50 ..\obj\imu.o
 .debug_ranges  0x00000050       0xf0 ..\obj\stm32f4xx_usart.o
 .debug_ranges  0x00000140       0x30 ..\obj\zigbee.o
 .debug_ranges  0x00000170       0x48 ..\obj\telemeter.o
 .debug_ranges  0x000001b8       0x18 ..\obj\startup_stm32f4xx.o
 .debug_ranges  0x000001d0      0x168 ..\obj\stm32f4xx_rcc.o
 .debug_ranges  0x00000338       0x48 ..\obj\flight.o
 .debug_ranges  0x00000380       0x90 ..\obj\printf.o
 .debug_ranges  0x00000410      0x1a0 ..\obj\drone.o
 .debug_ranges  0x000005b0      0x120 ..\obj\tasks.o
 .debug_ranges  0x000006d0       0x78 ..\obj\stm32f4xx_gpio.o
 .debug_ranges  0x00000748       0x30 ..\obj\list.o
 .debug_ranges  0x00000778       0x20 ..\obj\system_stm32f4xx.o
 .debug_ranges  0x00000798       0x50 ..\obj\syscalls.o
 .debug_ranges  0x000007e8       0x30 ..\obj\gps.o
 .debug_ranges  0x00000818       0x60 ..\obj\port.o
 .debug_ranges  0x00000878       0x88 ..\obj\queue.o
 .debug_ranges  0x00000900       0x20 ..\obj\debug.o

.debug_line     0x00000000     0x3cbc
 .debug_line    0x00000000      0x1ef ..\obj\imu.o
 .debug_line    0x000001ef      0x475 ..\obj\stm32f4xx_usart.o
 .debug_line    0x00000664      0x206 ..\obj\zigbee.o
 .debug_line    0x0000086a      0x1f2 ..\obj\telemeter.o
 .debug_line    0x00000a5c       0xa3 ..\obj\startup_stm32f4xx.o
 .debug_line    0x00000aff      0x56c ..\obj\stm32f4xx_rcc.o
 .debug_line    0x0000106b      0x1fa ..\obj\flight.o
 .debug_line    0x00001265      0x433 ..\obj\printf.o
 .debug_line    0x00001698      0x8af ..\obj\drone.o
 .debug_line    0x00001f47      0x80e ..\obj\tasks.o
 .debug_line    0x00002755      0x310 ..\obj\stm32f4xx_gpio.o
 .debug_line    0x00002a65       0x83 ..\obj\sh_cmd.o
 .debug_line    0x00002ae8      0x262 ..\obj\list.o
 .debug_line    0x00002d4a      0x1b9 ..\obj\system_stm32f4xx.o
 .debug_line    0x00002f03      0x19d ..\obj\syscalls.o
 .debug_line    0x000030a0      0x174 ..\obj\gps.o
 .debug_line    0x00003214      0x31f ..\obj\port.o
 .debug_line    0x00003533      0x57f ..\obj\queue.o
 .debug_line    0x00003ab2      0x20a ..\obj\debug.o

.debug_str      0x00000000     0x373a
 .debug_str     0x00000000      0x2b1 ..\obj\imu.o
                                0x302 (size before relaxing)
 .debug_str     0x000002b1      0x503 ..\obj\stm32f4xx_usart.o
                                0x633 (size before relaxing)
 .debug_str     0x000007b4      0x359 ..\obj\zigbee.o
                                0x4bb (size before relaxing)
 .debug_str     0x00000b0d      0x1ed ..\obj\telemeter.o
                                0x335 (size before relaxing)
 .debug_str     0x00000cfa       0xb1 ..\obj\startup_stm32f4xx.o
                                0x115 (size before relaxing)
 .debug_str     0x00000dab      0x5e4 ..\obj\stm32f4xx_rcc.o
                                0x7f4 (size before relaxing)
 .debug_str     0x0000138f      0x157 ..\obj\flight.o
                                0x402 (size before relaxing)
 .debug_str     0x000014e6      0x4b3 ..\obj\printf.o
                                0x644 (size before relaxing)
 .debug_str     0x00001999      0x9b4 ..\obj\drone.o
                               0x10cd (size before relaxing)
 .debug_str     0x0000234d      0x86b ..\obj\tasks.o
                                0x9ef (size before relaxing)
 .debug_str     0x00002bb8      0x329 ..\obj\stm32f4xx_gpio.o
                                0x447 (size before relaxing)
 .debug_str     0x00002ee1       0xcc ..\obj\list.o
                                0x29a (size before relaxing)
 .debug_str     0x00002fad       0xc5 ..\obj\system_stm32f4xx.o
                                0x34e (size before relaxing)
 .debug_str     0x00003072      0x14b ..\obj\syscalls.o
                                0x29f (size before relaxing)
 .debug_str     0x000031bd       0x90 ..\obj\gps.o
                                0x1eb (size before relaxing)
 .debug_str     0x0000324d      0x151 ..\obj\port.o
                                0x2c6 (size before relaxing)
 .debug_str     0x0000339e      0x2d5 ..\obj\queue.o
                                0x524 (size before relaxing)
 .debug_str     0x00003673       0xc7 ..\obj\debug.o
                                0x470 (size before relaxing)

.comment        0x00000000       0x70
 .comment       0x00000000       0x70 ..\obj\imu.o
                                 0x71 (size before relaxing)
 .comment       0x00000000       0x71 ..\obj\stm32f4xx_usart.o
 .comment       0x00000000       0x71 ..\obj\zigbee.o
 .comment       0x00000000       0x71 ..\obj\telemeter.o
 .comment       0x00000000       0x71 ..\obj\startup_stm32f4xx.o
 .comment       0x00000000       0x71 ..\obj\stm32f4xx_rcc.o
 .comment       0x00000000       0x71 ..\obj\flight.o
 .comment       0x00000000       0x71 ..\obj\printf.o
 .comment       0x00000000       0x71 ..\obj\drone.o
 .comment       0x00000000       0x71 ..\obj\tasks.o
 .comment       0x00000000       0x71 ..\obj\stm32f4xx_gpio.o
 .comment       0x00000000       0x71 ..\obj\list.o
 .comment       0x00000000       0x71 ..\obj\system_stm32f4xx.o
 .comment       0x00000000       0x71 ..\obj\syscalls.o
 .comment       0x00000000       0x71 ..\obj\gps.o
 .comment       0x00000000       0x71 ..\obj\port.o
 .comment       0x00000000       0x71 ..\obj\queue.o
 .comment       0x00000000       0x71 ..\obj\debug.o

.ARM.attributes
                0x00000000       0x37
 .ARM.attributes
                0x00000000       0x39 ..\obj\imu.o
 .ARM.attributes
                0x00000039       0x39 ..\obj\stm32f4xx_usart.o
 .ARM.attributes
                0x00000072       0x39 ..\obj\zigbee.o
 .ARM.attributes
                0x000000ab       0x39 ..\obj\telemeter.o
 .ARM.attributes
                0x000000e4       0x39 ..\obj\startup_stm32f4xx.o
 .ARM.attributes
                0x0000011d       0x39 ..\obj\stm32f4xx_rcc.o
 .ARM.attributes
                0x00000156       0x39 ..\obj\flight.o
 .ARM.attributes
                0x0000018f       0x39 ..\obj\printf.o
 .ARM.attributes
                0x000001c8       0x39 ..\obj\drone.o
 .ARM.attributes
                0x00000201       0x39 ..\obj\tasks.o
 .ARM.attributes
                0x0000023a       0x39 ..\obj\stm32f4xx_gpio.o
 .ARM.attributes
                0x00000273       0x27 ..\obj\sh_cmd.o
 .ARM.attributes
                0x0000029a       0x39 ..\obj\list.o
 .ARM.attributes
                0x000002d3       0x39 ..\obj\system_stm32f4xx.o
 .ARM.attributes
                0x0000030c       0x39 ..\obj\syscalls.o
 .ARM.attributes
                0x00000345       0x39 ..\obj\gps.o
 .ARM.attributes
                0x0000037e       0x39 ..\obj\port.o
 .ARM.attributes
                0x000003b7       0x39 ..\obj\queue.o
 .ARM.attributes
                0x000003f0       0x39 ..\obj\debug.o
 .ARM.attributes
                0x00000429       0x34 c:/program files/gnu tools arm embedded/4.7 2013q2/bin/../lib/gcc/arm-none-eabi/4.7.4/../../../../arm-none-eabi/lib/armv7e-m/softfp\libc.a(lib_a-malloc.o)
 .ARM.attributes
                0x0000045d       0x34 c:/program files/gnu tools arm embedded/4.7 2013q2/bin/../lib/gcc/arm-none-eabi/4.7.4/../../../../arm-none-eabi/lib/armv7e-m/softfp\libc.a(lib_a-mallocr.o)
 .ARM.attributes
                0x00000491       0x34 c:/program files/gnu tools arm embedded/4.7 2013q2/bin/../lib/gcc/arm-none-eabi/4.7.4/../../../../arm-none-eabi/lib/armv7e-m/softfp\libc.a(lib_a-memcpy.o)
 .ARM.attributes
                0x000004c5       0x34 c:/program files/gnu tools arm embedded/4.7 2013q2/bin/../lib/gcc/arm-none-eabi/4.7.4/../../../../arm-none-eabi/lib/armv7e-m/softfp\libc.a(lib_a-memset.o)
 .ARM.attributes
                0x000004f9       0x34 c:/program files/gnu tools arm embedded/4.7 2013q2/bin/../lib/gcc/arm-none-eabi/4.7.4/../../../../arm-none-eabi/lib/armv7e-m/softfp\libc.a(lib_a-mlock.o)
 .ARM.attributes
                0x0000052d       0x34 c:/program files/gnu tools arm embedded/4.7 2013q2/bin/../lib/gcc/arm-none-eabi/4.7.4/../../../../arm-none-eabi/lib/armv7e-m/softfp\libc.a(lib_a-sbrkr.o)
 .ARM.attributes
                0x00000561       0x34 c:/program files/gnu tools arm embedded/4.7 2013q2/bin/../lib/gcc/arm-none-eabi/4.7.4/../../../../arm-none-eabi/lib/armv7e-m/softfp\libc.a(lib_a-strncpy.o)
 .ARM.attributes
                0x00000595       0x34 c:/program files/gnu tools arm embedded/4.7 2013q2/bin/../lib/gcc/arm-none-eabi/4.7.4/../../../../arm-none-eabi/lib/armv7e-m/softfp\libc.a(lib_a-freer.o)
 .ARM.attributes
                0x000005c9       0x34 c:/program files/gnu tools arm embedded/4.7 2013q2/bin/../lib/gcc/arm-none-eabi/4.7.4/../../../../arm-none-eabi/lib/armv7e-m/softfp\libc.a(lib_a-reent.o)

.debug_frame    0x00000000     0x23a4
 .debug_frame   0x00000000      0x12c ..\obj\imu.o
 .debug_frame   0x0000012c      0x344 ..\obj\stm32f4xx_usart.o
 .debug_frame   0x00000470       0xbc ..\obj\zigbee.o
 .debug_frame   0x0000052c      0x124 ..\obj\telemeter.o
 .debug_frame   0x00000650       0x48 ..\obj\startup_stm32f4xx.o
 .debug_frame   0x00000698      0x4d8 ..\obj\stm32f4xx_rcc.o
 .debug_frame   0x00000b70      0x120 ..\obj\flight.o
 .debug_frame   0x00000c90      0x248 ..\obj\printf.o
 .debug_frame   0x00000ed8      0x684 ..\obj\drone.o
 .debug_frame   0x0000155c      0x458 ..\obj\tasks.o
 .debug_frame   0x000019b4      0x19c ..\obj\stm32f4xx_gpio.o
 .debug_frame   0x00001b50       0x9c ..\obj\list.o
 .debug_frame   0x00001bec       0x64 ..\obj\system_stm32f4xx.o
 .debug_frame   0x00001c50      0x108 ..\obj\syscalls.o
 .debug_frame   0x00001d58       0xb4 ..\obj\gps.o
 .debug_frame   0x00001e0c      0x110 ..\obj\port.o
 .debug_frame   0x00001f1c      0x210 ..\obj\queue.o
 .debug_frame   0x0000212c       0x70 ..\obj\debug.o
 .debug_frame   0x0000219c       0x30 c:/program files/gnu tools arm embedded/4.7 2013q2/bin/../lib/gcc/arm-none-eabi/4.7.4/../../../../arm-none-eabi/lib/armv7e-m/softfp\libc.a(lib_a-malloc.o)
 .debug_frame   0x000021cc       0x38 c:/program files/gnu tools arm embedded/4.7 2013q2/bin/../lib/gcc/arm-none-eabi/4.7.4/../../../../arm-none-eabi/lib/armv7e-m/softfp\libc.a(lib_a-mallocr.o)
 .debug_frame   0x00002204       0x30 c:/program files/gnu tools arm embedded/4.7 2013q2/bin/../lib/gcc/arm-none-eabi/4.7.4/../../../../arm-none-eabi/lib/armv7e-m/softfp\libc.a(lib_a-memcpy.o)
 .debug_frame   0x00002234       0x2c c:/program files/gnu tools arm embedded/4.7 2013q2/bin/../lib/gcc/arm-none-eabi/4.7.4/../../../../arm-none-eabi/lib/armv7e-m/softfp\libc.a(lib_a-memset.o)
 .debug_frame   0x00002260       0x30 c:/program files/gnu tools arm embedded/4.7 2013q2/bin/../lib/gcc/arm-none-eabi/4.7.4/../../../../arm-none-eabi/lib/armv7e-m/softfp\libc.a(lib_a-mlock.o)
 .debug_frame   0x00002290       0x2c c:/program files/gnu tools arm embedded/4.7 2013q2/bin/../lib/gcc/arm-none-eabi/4.7.4/../../../../arm-none-eabi/lib/armv7e-m/softfp\libc.a(lib_a-sbrkr.o)
 .debug_frame   0x000022bc       0x2c c:/program files/gnu tools arm embedded/4.7 2013q2/bin/../lib/gcc/arm-none-eabi/4.7.4/../../../../arm-none-eabi/lib/armv7e-m/softfp\libc.a(lib_a-strncpy.o)
 .debug_frame   0x000022e8       0x50 c:/program files/gnu tools arm embedded/4.7 2013q2/bin/../lib/gcc/arm-none-eabi/4.7.4/../../../../arm-none-eabi/lib/armv7e-m/softfp\libc.a(lib_a-freer.o)
 .debug_frame   0x00002338       0x6c c:/program files/gnu tools arm embedded/4.7 2013q2/bin/../lib/gcc/arm-none-eabi/4.7.4/../../../../arm-none-eabi/lib/armv7e-m/softfp\libc.a(lib_a-reent.o)
