Archive member included because of file (symbol)

c:/program files (x86)/gnu tools arm embedded/4.7 2013q3/bin/../lib/gcc/arm-none-eabi/4.7.4/../../../../arm-none-eabi/lib/armv7e-m/softfp\libc.a(lib_a-malloc.o)
                              ..\obj\tasks.o (malloc)
c:/program files (x86)/gnu tools arm embedded/4.7 2013q3/bin/../lib/gcc/arm-none-eabi/4.7.4/../../../../arm-none-eabi/lib/armv7e-m/softfp\libc.a(lib_a-mallocr.o)
                              c:/program files (x86)/gnu tools arm embedded/4.7 2013q3/bin/../lib/gcc/arm-none-eabi/4.7.4/../../../../arm-none-eabi/lib/armv7e-m/softfp\libc.a(lib_a-malloc.o) (_malloc_r)
c:/program files (x86)/gnu tools arm embedded/4.7 2013q3/bin/../lib/gcc/arm-none-eabi/4.7.4/../../../../arm-none-eabi/lib/armv7e-m/softfp\libc.a(lib_a-memcpy.o)
                              ..\obj\queue.o (memcpy)
c:/program files (x86)/gnu tools arm embedded/4.7 2013q3/bin/../lib/gcc/arm-none-eabi/4.7.4/../../../../arm-none-eabi/lib/armv7e-m/softfp\libc.a(lib_a-memset.o)
                              ..\obj\tasks.o (memset)
c:/program files (x86)/gnu tools arm embedded/4.7 2013q3/bin/../lib/gcc/arm-none-eabi/4.7.4/../../../../arm-none-eabi/lib/armv7e-m/softfp\libc.a(lib_a-mlock.o)
                              c:/program files (x86)/gnu tools arm embedded/4.7 2013q3/bin/../lib/gcc/arm-none-eabi/4.7.4/../../../../arm-none-eabi/lib/armv7e-m/softfp\libc.a(lib_a-mallocr.o) (__malloc_lock)
c:/program files (x86)/gnu tools arm embedded/4.7 2013q3/bin/../lib/gcc/arm-none-eabi/4.7.4/../../../../arm-none-eabi/lib/armv7e-m/softfp\libc.a(lib_a-sbrkr.o)
                              c:/program files (x86)/gnu tools arm embedded/4.7 2013q3/bin/../lib/gcc/arm-none-eabi/4.7.4/../../../../arm-none-eabi/lib/armv7e-m/softfp\libc.a(lib_a-mallocr.o) (_sbrk_r)
c:/program files (x86)/gnu tools arm embedded/4.7 2013q3/bin/../lib/gcc/arm-none-eabi/4.7.4/../../../../arm-none-eabi/lib/armv7e-m/softfp\libc.a(lib_a-strcat.o)
                              ..\obj\tasks.o (strcat)
c:/program files (x86)/gnu tools arm embedded/4.7 2013q3/bin/../lib/gcc/arm-none-eabi/4.7.4/../../../../arm-none-eabi/lib/armv7e-m/softfp\libc.a(lib_a-strcpy.o)
                              c:/program files (x86)/gnu tools arm embedded/4.7 2013q3/bin/../lib/gcc/arm-none-eabi/4.7.4/../../../../arm-none-eabi/lib/armv7e-m/softfp\libc.a(lib_a-strcat.o) (strcpy)
c:/program files (x86)/gnu tools arm embedded/4.7 2013q3/bin/../lib/gcc/arm-none-eabi/4.7.4/../../../../arm-none-eabi/lib/armv7e-m/softfp\libc.a(lib_a-strlen.o)
                              ..\obj\tasks.o (strlen)
c:/program files (x86)/gnu tools arm embedded/4.7 2013q3/bin/../lib/gcc/arm-none-eabi/4.7.4/../../../../arm-none-eabi/lib/armv7e-m/softfp\libc.a(lib_a-strncpy.o)
                              ..\obj\tasks.o (strncpy)
c:/program files (x86)/gnu tools arm embedded/4.7 2013q3/bin/../lib/gcc/arm-none-eabi/4.7.4/../../../../arm-none-eabi/lib/armv7e-m/softfp\libc.a(lib_a-freer.o)
                              c:/program files (x86)/gnu tools arm embedded/4.7 2013q3/bin/../lib/gcc/arm-none-eabi/4.7.4/../../../../arm-none-eabi/lib/armv7e-m/softfp\libc.a(lib_a-malloc.o) (_free_r)
c:/program files (x86)/gnu tools arm embedded/4.7 2013q3/bin/../lib/gcc/arm-none-eabi/4.7.4/../../../../arm-none-eabi/lib/armv7e-m/softfp\libc.a(lib_a-reent.o)
                              c:/program files (x86)/gnu tools arm embedded/4.7 2013q3/bin/../lib/gcc/arm-none-eabi/4.7.4/../../../../arm-none-eabi/lib/armv7e-m/softfp\libc.a(lib_a-sbrkr.o) (errno)

Allocating common symbols
Common symbol       size              file

errno               0x4               c:/program files (x86)/gnu tools arm embedded/4.7 2013q3/bin/../lib/gcc/arm-none-eabi/4.7.4/../../../../arm-none-eabi/lib/armv7e-m/softfp\libc.a(lib_a-reent.o)
xDetectObstacleHandle
                    0x4               ..\obj\drone.o
xFlightCtrlHandle   0x4               ..\obj\drone.o
xBatteryMonitoringHandle
                    0x4               ..\obj\drone.o
xDroneState         0x4               ..\obj\drone.o
xGPSReceiveHandle   0x4               ..\obj\drone.o
xZigbeeReceiveHandle
                    0x4               ..\obj\drone.o

Discarded input sections

 .text          0x00000000        0x0 ..\obj\semihosting.o
 .data          0x00000000        0x0 ..\obj\semihosting.o
 .bss           0x00000000       0x14 ..\obj\semihosting.o
 .text.SH_SendChar
                0x00000000       0x9c ..\obj\semihosting.o
 .text.SH_SendString
                0x00000000       0x28 ..\obj\semihosting.o
 .text.SH_GetChar
                0x00000000       0x4c ..\obj\semihosting.o
 .debug_info    0x00000000      0x135 ..\obj\semihosting.o
 .debug_abbrev  0x00000000       0xa0 ..\obj\semihosting.o
 .debug_loc     0x00000000       0xa8 ..\obj\semihosting.o
 .debug_aranges
                0x00000000       0x30 ..\obj\semihosting.o
 .debug_ranges  0x00000000       0x20 ..\obj\semihosting.o
 .debug_line    0x00000000       0xc3 ..\obj\semihosting.o
 .debug_str     0x00000000      0x16d ..\obj\semihosting.o
 .comment       0x00000000       0x71 ..\obj\semihosting.o
 .ARM.attributes
                0x00000000       0x39 ..\obj\semihosting.o
 .debug_frame   0x00000000       0x70 ..\obj\semihosting.o
 .text          0x00000000        0x0 ..\obj\stm32f4xx_syscfg.o
 .data          0x00000000        0x0 ..\obj\stm32f4xx_syscfg.o
 .bss           0x00000000        0x0 ..\obj\stm32f4xx_syscfg.o
 .text.SYSCFG_DeInit
                0x00000000       0x20 ..\obj\stm32f4xx_syscfg.o
 .text.SYSCFG_MemoryRemapConfig
                0x00000000       0x20 ..\obj\stm32f4xx_syscfg.o
 .text.SYSCFG_EXTILineConfig
                0x00000000       0xb0 ..\obj\stm32f4xx_syscfg.o
 .text.SYSCFG_ETH_MediaInterfaceConfig
                0x00000000       0x20 ..\obj\stm32f4xx_syscfg.o
 .text.SYSCFG_CompensationCellCmd
                0x00000000       0x20 ..\obj\stm32f4xx_syscfg.o
 .text.SYSCFG_GetCompensationCellStatus
                0x00000000       0x3c ..\obj\stm32f4xx_syscfg.o
 .debug_info    0x00000000      0x279 ..\obj\stm32f4xx_syscfg.o
 .debug_abbrev  0x00000000      0x133 ..\obj\stm32f4xx_syscfg.o
 .debug_loc     0x00000000      0x144 ..\obj\stm32f4xx_syscfg.o
 .debug_aranges
                0x00000000       0x48 ..\obj\stm32f4xx_syscfg.o
 .debug_ranges  0x00000000       0x38 ..\obj\stm32f4xx_syscfg.o
 .debug_line    0x00000000      0x22d ..\obj\stm32f4xx_syscfg.o
 .debug_str     0x00000000      0x2b8 ..\obj\stm32f4xx_syscfg.o
 .comment       0x00000000       0x71 ..\obj\stm32f4xx_syscfg.o
 .ARM.attributes
                0x00000000       0x39 ..\obj\stm32f4xx_syscfg.o
 .debug_frame   0x00000000       0xbc ..\obj\stm32f4xx_syscfg.o
 .text          0x00000000        0x0 ..\obj\imu.o
 .data          0x00000000        0x0 ..\obj\imu.o
 .bss           0x00000000        0x0 ..\obj\imu.o
 .text.ucIMUTest
                0x00000000       0x60 ..\obj\imu.o
 .text          0x00000000        0x0 ..\obj\stm32f4xx_usart.o
 .data          0x00000000        0x0 ..\obj\stm32f4xx_usart.o
 .bss           0x00000000        0x0 ..\obj\stm32f4xx_usart.o
 .text.USART_DeInit
                0x00000000      0x100 ..\obj\stm32f4xx_usart.o
 .text.USART_StructInit
                0x00000000       0x44 ..\obj\stm32f4xx_usart.o
 .text.USART_ClockInit
                0x00000000       0x54 ..\obj\stm32f4xx_usart.o
 .text.USART_ClockStructInit
                0x00000000       0x34 ..\obj\stm32f4xx_usart.o
 .text.USART_SetPrescaler
                0x00000000       0x38 ..\obj\stm32f4xx_usart.o
 .text.USART_OverSampling8Cmd
                0x00000000       0x48 ..\obj\stm32f4xx_usart.o
 .text.USART_OneBitMethodCmd
                0x00000000       0x40 ..\obj\stm32f4xx_usart.o
 .text.USART_SetAddress
                0x00000000       0x38 ..\obj\stm32f4xx_usart.o
 .text.USART_ReceiverWakeUpCmd
                0x00000000       0x40 ..\obj\stm32f4xx_usart.o
 .text.USART_WakeUpConfig
                0x00000000       0x38 ..\obj\stm32f4xx_usart.o
 .text.USART_LINBreakDetectLengthConfig
                0x00000000       0x38 ..\obj\stm32f4xx_usart.o
 .text.USART_LINCmd
                0x00000000       0x40 ..\obj\stm32f4xx_usart.o
 .text.USART_SendBreak
                0x00000000       0x24 ..\obj\stm32f4xx_usart.o
 .text.USART_HalfDuplexCmd
                0x00000000       0x40 ..\obj\stm32f4xx_usart.o
 .text.USART_SetGuardTime
                0x00000000       0x3c ..\obj\stm32f4xx_usart.o
 .text.USART_SmartCardCmd
                0x00000000       0x40 ..\obj\stm32f4xx_usart.o
 .text.USART_SmartCardNACKCmd
                0x00000000       0x40 ..\obj\stm32f4xx_usart.o
 .text.USART_IrDAConfig
                0x00000000       0x38 ..\obj\stm32f4xx_usart.o
 .text.USART_IrDACmd
                0x00000000       0x40 ..\obj\stm32f4xx_usart.o
 .text.USART_DMACmd
                0x00000000       0x48 ..\obj\stm32f4xx_usart.o
 .text.USART_ITConfig
                0x00000000       0xa4 ..\obj\stm32f4xx_usart.o
 .text.USART_ClearFlag
                0x00000000       0x24 ..\obj\stm32f4xx_usart.o
 .text.USART_GetITStatus
                0x00000000       0xc4 ..\obj\stm32f4xx_usart.o
 .text.USART_ClearITPendingBit
                0x00000000       0x44 ..\obj\stm32f4xx_usart.o
 .text          0x00000000        0x0 ..\obj\zigbee.o
 .data          0x00000000        0x0 ..\obj\zigbee.o
 .bss           0x00000000        0x0 ..\obj\zigbee.o
 .text.ucZigbeeTest
                0x00000000       0x60 ..\obj\zigbee.o
 .text.vZigbeeSendData
                0x00000000       0x5c ..\obj\zigbee.o
 .text          0x00000000        0x0 ..\obj\telemeter.o
 .data          0x00000000        0x0 ..\obj\telemeter.o
 .bss           0x00000000        0x0 ..\obj\telemeter.o
 .text.ucTelemeterTest
                0x00000000       0x60 ..\obj\telemeter.o
 .text.ucTelemeterIsIdValid
                0x00000000       0x94 ..\obj\telemeter.o
 .text          0x00000000        0x0 ..\obj\pwm.o
 .data          0x00000000        0x0 ..\obj\pwm.o
 .bss           0x00000000        0x0 ..\obj\pwm.o
 .rodata        0x00000000       0x54 ..\obj\pwm.o
 .text.vPWMInit
                0x00000000       0x48 ..\obj\pwm.o
 .text.ucPWMInitTest
                0x00000000       0x50 ..\obj\pwm.o
 .text.ucPWMTest
                0x00000000       0x60 ..\obj\pwm.o
 .text.vPWMSet  0x00000000       0x5c ..\obj\pwm.o
 .debug_info    0x00000000      0x14b ..\obj\pwm.o
 .debug_abbrev  0x00000000       0xc4 ..\obj\pwm.o
 .debug_loc     0x00000000       0xe0 ..\obj\pwm.o
 .debug_aranges
                0x00000000       0x38 ..\obj\pwm.o
 .debug_ranges  0x00000000       0x28 ..\obj\pwm.o
 .debug_line    0x00000000      0x193 ..\obj\pwm.o
 .debug_str     0x00000000      0x200 ..\obj\pwm.o
 .comment       0x00000000       0x71 ..\obj\pwm.o
 .ARM.attributes
                0x00000000       0x39 ..\obj\pwm.o
 .debug_frame   0x00000000       0x98 ..\obj\pwm.o
 .text          0x00000000        0x0 ..\obj\stm32f4xx_dac.o
 .data          0x00000000        0x0 ..\obj\stm32f4xx_dac.o
 .bss           0x00000000        0x0 ..\obj\stm32f4xx_dac.o
 .text.DAC_DeInit
                0x00000000       0x20 ..\obj\stm32f4xx_dac.o
 .text.DAC_Init
                0x00000000       0x74 ..\obj\stm32f4xx_dac.o
 .text.DAC_StructInit
                0x00000000       0x34 ..\obj\stm32f4xx_dac.o
 .text.DAC_Cmd  0x00000000       0x64 ..\obj\stm32f4xx_dac.o
 .text.DAC_SoftwareTriggerCmd
                0x00000000       0x6c ..\obj\stm32f4xx_dac.o
 .text.DAC_DualSoftwareTriggerCmd
                0x00000000       0x4c ..\obj\stm32f4xx_dac.o
 .text.DAC_WaveGenerationCmd
                0x00000000       0x60 ..\obj\stm32f4xx_dac.o
 .text.DAC_SetChannel1Data
                0x00000000       0x38 ..\obj\stm32f4xx_dac.o
 .text.DAC_SetChannel2Data
                0x00000000       0x38 ..\obj\stm32f4xx_dac.o
 .text.DAC_SetDualChannelData
                0x00000000       0x64 ..\obj\stm32f4xx_dac.o
 .text.DAC_GetDataOutputValue
                0x00000000       0x3c ..\obj\stm32f4xx_dac.o
 .text.DAC_DMACmd
                0x00000000       0x64 ..\obj\stm32f4xx_dac.o
 .text.DAC_ITConfig
                0x00000000       0x60 ..\obj\stm32f4xx_dac.o
 .text.DAC_GetFlagStatus
                0x00000000       0x44 ..\obj\stm32f4xx_dac.o
 .text.DAC_ClearFlag
                0x00000000       0x28 ..\obj\stm32f4xx_dac.o
 .text.DAC_GetITStatus
                0x00000000       0x68 ..\obj\stm32f4xx_dac.o
 .text.DAC_ClearITPendingBit
                0x00000000       0x28 ..\obj\stm32f4xx_dac.o
 .debug_info    0x00000000      0x68d ..\obj\stm32f4xx_dac.o
 .debug_abbrev  0x00000000      0x17e ..\obj\stm32f4xx_dac.o
 .debug_loc     0x00000000      0x3ac ..\obj\stm32f4xx_dac.o
 .debug_aranges
                0x00000000       0xa0 ..\obj\stm32f4xx_dac.o
 .debug_ranges  0x00000000       0x90 ..\obj\stm32f4xx_dac.o
 .debug_line    0x00000000      0x38b ..\obj\stm32f4xx_dac.o
 .debug_str     0x00000000      0x40c ..\obj\stm32f4xx_dac.o
 .comment       0x00000000       0x71 ..\obj\stm32f4xx_dac.o
 .ARM.attributes
                0x00000000       0x39 ..\obj\stm32f4xx_dac.o
 .debug_frame   0x00000000      0x1ec ..\obj\stm32f4xx_dac.o
 .text          0x00000000        0x0 ..\obj\startup_stm32f4xx.o
 .data          0x00000000        0x0 ..\obj\startup_stm32f4xx.o
 .bss           0x00000000        0x0 ..\obj\startup_stm32f4xx.o
 .text          0x00000000        0x0 ..\obj\stm32f4xx_rcc.o
 .bss           0x00000000        0x0 ..\obj\stm32f4xx_rcc.o
 .text.RCC_DeInit
                0x00000000       0x84 ..\obj\stm32f4xx_rcc.o
 .text.RCC_HSEConfig
                0x00000000       0x30 ..\obj\stm32f4xx_rcc.o
 .text.RCC_WaitForHSEStartUp
                0x00000000       0x64 ..\obj\stm32f4xx_rcc.o
 .text.RCC_AdjustHSICalibrationValue
                0x00000000       0x48 ..\obj\stm32f4xx_rcc.o
 .text.RCC_HSICmd
                0x00000000       0x20 ..\obj\stm32f4xx_rcc.o
 .text.RCC_LSEConfig
                0x00000000       0x60 ..\obj\stm32f4xx_rcc.o
 .text.RCC_LSICmd
                0x00000000       0x20 ..\obj\stm32f4xx_rcc.o
 .text.RCC_PLLConfig
                0x00000000       0x48 ..\obj\stm32f4xx_rcc.o
 .text.RCC_PLLCmd
                0x00000000       0x20 ..\obj\stm32f4xx_rcc.o
 .text.RCC_PLLI2SConfig
                0x00000000       0x30 ..\obj\stm32f4xx_rcc.o
 .text.RCC_PLLI2SCmd
                0x00000000       0x20 ..\obj\stm32f4xx_rcc.o
 .text.RCC_ClockSecuritySystemCmd
                0x00000000       0x20 ..\obj\stm32f4xx_rcc.o
 .text.RCC_MCO1Config
                0x00000000       0x48 ..\obj\stm32f4xx_rcc.o
 .text.RCC_MCO2Config
                0x00000000       0x48 ..\obj\stm32f4xx_rcc.o
 .text.RCC_SYSCLKConfig
                0x00000000       0x40 ..\obj\stm32f4xx_rcc.o
 .text.RCC_GetSYSCLKSource
                0x00000000       0x20 ..\obj\stm32f4xx_rcc.o
 .text.RCC_HCLKConfig
                0x00000000       0x40 ..\obj\stm32f4xx_rcc.o
 .text.RCC_PCLK1Config
                0x00000000       0x40 ..\obj\stm32f4xx_rcc.o
 .text.RCC_PCLK2Config
                0x00000000       0x44 ..\obj\stm32f4xx_rcc.o
 .text.RCC_RTCCLKConfig
                0x00000000       0x74 ..\obj\stm32f4xx_rcc.o
 .text.RCC_RTCCLKCmd
                0x00000000       0x20 ..\obj\stm32f4xx_rcc.o
 .text.RCC_BackupResetCmd
                0x00000000       0x20 ..\obj\stm32f4xx_rcc.o
 .text.RCC_I2SCLKConfig
                0x00000000       0x20 ..\obj\stm32f4xx_rcc.o
 .text.RCC_AHB2PeriphClockCmd
                0x00000000       0x54 ..\obj\stm32f4xx_rcc.o
 .text.RCC_AHB3PeriphClockCmd
                0x00000000       0x54 ..\obj\stm32f4xx_rcc.o
 .text.RCC_AHB1PeriphResetCmd
                0x00000000       0x54 ..\obj\stm32f4xx_rcc.o
 .text.RCC_AHB2PeriphResetCmd
                0x00000000       0x54 ..\obj\stm32f4xx_rcc.o
 .text.RCC_AHB3PeriphResetCmd
                0x00000000       0x54 ..\obj\stm32f4xx_rcc.o
 .text.RCC_APB1PeriphResetCmd
                0x00000000       0x54 ..\obj\stm32f4xx_rcc.o
 .text.RCC_APB2PeriphResetCmd
                0x00000000       0x54 ..\obj\stm32f4xx_rcc.o
 .text.RCC_AHB1PeriphClockLPModeCmd
                0x00000000       0x54 ..\obj\stm32f4xx_rcc.o
 .text.RCC_AHB2PeriphClockLPModeCmd
                0x00000000       0x54 ..\obj\stm32f4xx_rcc.o
 .text.RCC_AHB3PeriphClockLPModeCmd
                0x00000000       0x54 ..\obj\stm32f4xx_rcc.o
 .text.RCC_APB1PeriphClockLPModeCmd
                0x00000000       0x54 ..\obj\stm32f4xx_rcc.o
 .text.RCC_APB2PeriphClockLPModeCmd
                0x00000000       0x54 ..\obj\stm32f4xx_rcc.o
 .text.RCC_ITConfig
                0x00000000       0x60 ..\obj\stm32f4xx_rcc.o
 .text.RCC_GetFlagStatus
                0x00000000       0x90 ..\obj\stm32f4xx_rcc.o
 .text.RCC_ClearFlag
                0x00000000       0x24 ..\obj\stm32f4xx_rcc.o
 .text.RCC_GetITStatus
                0x00000000       0x40 ..\obj\stm32f4xx_rcc.o
 .text.RCC_ClearITPendingBit
                0x00000000       0x20 ..\obj\stm32f4xx_rcc.o
 .text          0x00000000        0x0 ..\obj\timers.o
 .data          0x00000000        0x0 ..\obj\timers.o
 .bss           0x00000000        0x0 ..\obj\timers.o
 .debug_info    0x00000000       0x90 ..\obj\timers.o
 .debug_abbrev  0x00000000       0x4b ..\obj\timers.o
 .debug_aranges
                0x00000000       0x18 ..\obj\timers.o
 .debug_line    0x00000000       0xf9 ..\obj\timers.o
 .debug_str     0x00000000      0x195 ..\obj\timers.o
 .comment       0x00000000       0x71 ..\obj\timers.o
 .ARM.attributes
                0x00000000       0x39 ..\obj\timers.o
 .text          0x00000000        0x0 ..\obj\stm32f4xx_adc.o
 .data          0x00000000        0x0 ..\obj\stm32f4xx_adc.o
 .bss           0x00000000        0x0 ..\obj\stm32f4xx_adc.o
 .text.ADC_DeInit
                0x00000000       0x20 ..\obj\stm32f4xx_adc.o
 .text.ADC_Init
                0x00000000       0xb8 ..\obj\stm32f4xx_adc.o
 .text.ADC_StructInit
                0x00000000       0x4c ..\obj\stm32f4xx_adc.o
 .text.ADC_CommonInit
                0x00000000       0x5c ..\obj\stm32f4xx_adc.o
 .text.ADC_CommonStructInit
                0x00000000       0x34 ..\obj\stm32f4xx_adc.o
 .text.ADC_Cmd  0x00000000       0x38 ..\obj\stm32f4xx_adc.o
 .text.ADC_AnalogWatchdogCmd
                0x00000000       0x3c ..\obj\stm32f4xx_adc.o
 .text.ADC_AnalogWatchdogThresholdsConfig
                0x00000000       0x28 ..\obj\stm32f4xx_adc.o
 .text.ADC_AnalogWatchdogSingleChannelConfig
                0x00000000       0x38 ..\obj\stm32f4xx_adc.o
 .text.ADC_TempSensorVrefintCmd
                0x00000000       0x4c ..\obj\stm32f4xx_adc.o
 .text.ADC_VBATCmd
                0x00000000       0x4c ..\obj\stm32f4xx_adc.o
 .text.ADC_RegularChannelConfig
                0x00000000      0x1bc ..\obj\stm32f4xx_adc.o
 .text.ADC_SoftwareStartConv
                0x00000000       0x20 ..\obj\stm32f4xx_adc.o
 .text.ADC_GetSoftwareStartConvStatus
                0x00000000       0x38 ..\obj\stm32f4xx_adc.o
 .text.ADC_EOCOnEachRegularChannelCmd
                0x00000000       0x38 ..\obj\stm32f4xx_adc.o
 .text.ADC_ContinuousModeCmd
                0x00000000       0x38 ..\obj\stm32f4xx_adc.o
 .text.ADC_DiscModeChannelCountConfig
                0x00000000       0x4c ..\obj\stm32f4xx_adc.o
 .text.ADC_DiscModeCmd
                0x00000000       0x38 ..\obj\stm32f4xx_adc.o
 .text.ADC_GetConversionValue
                0x00000000       0x1c ..\obj\stm32f4xx_adc.o
 .text.ADC_GetMultiModeConversionValue
                0x00000000       0x18 ..\obj\stm32f4xx_adc.o
 .text.ADC_DMACmd
                0x00000000       0x38 ..\obj\stm32f4xx_adc.o
 .text.ADC_DMARequestAfterLastTransferCmd
                0x00000000       0x38 ..\obj\stm32f4xx_adc.o
 .text.ADC_MultiModeDMARequestAfterLastTransferCmd
                0x00000000       0x4c ..\obj\stm32f4xx_adc.o
 .text.ADC_InjectedChannelConfig
                0x00000000      0x144 ..\obj\stm32f4xx_adc.o
 .text.ADC_InjectedSequencerLengthConfig
                0x00000000       0x4c ..\obj\stm32f4xx_adc.o
 .text.ADC_SetInjectedOffset
                0x00000000       0x34 ..\obj\stm32f4xx_adc.o
 .text.ADC_ExternalTrigInjectedConvConfig
                0x00000000       0x38 ..\obj\stm32f4xx_adc.o
 .text.ADC_ExternalTrigInjectedConvEdgeConfig
                0x00000000       0x38 ..\obj\stm32f4xx_adc.o
 .text.ADC_SoftwareStartInjectedConv
                0x00000000       0x20 ..\obj\stm32f4xx_adc.o
 .text.ADC_GetSoftwareStartInjectedConvCmdStatus
                0x00000000       0x38 ..\obj\stm32f4xx_adc.o
 .text.ADC_AutoInjectedConvCmd
                0x00000000       0x38 ..\obj\stm32f4xx_adc.o
 .text.ADC_InjectedDiscModeCmd
                0x00000000       0x38 ..\obj\stm32f4xx_adc.o
 .text.ADC_GetInjectedConversionValue
                0x00000000       0x34 ..\obj\stm32f4xx_adc.o
 .text.ADC_ITConfig
                0x00000000       0x58 ..\obj\stm32f4xx_adc.o
 .text.ADC_GetFlagStatus
                0x00000000       0x3c ..\obj\stm32f4xx_adc.o
 .text.ADC_ClearFlag
                0x00000000       0x20 ..\obj\stm32f4xx_adc.o
 .text.ADC_GetITStatus
                0x00000000       0x6c ..\obj\stm32f4xx_adc.o
 .text.ADC_ClearITPendingBit
                0x00000000       0x30 ..\obj\stm32f4xx_adc.o
 .debug_info    0x00000000      0xd14 ..\obj\stm32f4xx_adc.o
 .debug_abbrev  0x00000000      0x198 ..\obj\stm32f4xx_adc.o
 .debug_loc     0x00000000      0x838 ..\obj\stm32f4xx_adc.o
 .debug_aranges
                0x00000000      0x148 ..\obj\stm32f4xx_adc.o
 .debug_ranges  0x00000000      0x138 ..\obj\stm32f4xx_adc.o
 .debug_line    0x00000000      0x57f ..\obj\stm32f4xx_adc.o
 .debug_str     0x00000000      0x7bd ..\obj\stm32f4xx_adc.o
 .comment       0x00000000       0x71 ..\obj\stm32f4xx_adc.o
 .ARM.attributes
                0x00000000       0x39 ..\obj\stm32f4xx_adc.o
 .debug_frame   0x00000000      0x434 ..\obj\stm32f4xx_adc.o
 .text          0x00000000        0x0 ..\obj\flight.o
 .data          0x00000000        0x0 ..\obj\flight.o
 .bss           0x00000000        0x0 ..\obj\flight.o
 .text.ucFlightIsStationary
                0x00000000       0x8c ..\obj\flight.o
 .text.vFlightAvoidMvt
                0x00000000       0x60 ..\obj\flight.o
 .text          0x00000000        0x0 ..\obj\printf.o
 .bss           0x00000000        0x0 ..\obj\printf.o
 .text.snprintf
                0x00000000       0x34 ..\obj\printf.o
 .text.fprintf  0x00000000       0x30 ..\obj\printf.o
 .text.sprintf  0x00000000       0x30 ..\obj\printf.o
 .text          0x00000000        0x0 ..\obj\drone.o
 .data          0x00000000        0x0 ..\obj\drone.o
 .text          0x00000000        0x0 ..\obj\tasks.o
 .text.vTaskEndScheduler
                0x00000000       0x20 ..\obj\tasks.o
 .text.xTaskGetTickCountFromISR
                0x00000000       0x38 ..\obj\tasks.o
 .text.uxTaskGetNumberOfTasks
                0x00000000       0x18 ..\obj\tasks.o
 .text.vTaskGetRunTimeStats
                0x00000000      0x110 ..\obj\tasks.o
 .text.xTaskGetIdleTaskHandle
                0x00000000       0x64 ..\obj\tasks.o
 .text.vTaskSetApplicationTaskTag
                0x00000000       0x38 ..\obj\tasks.o
 .text.xTaskGetApplicationTaskTag
                0x00000000       0x3c ..\obj\tasks.o
 .text.xTaskCallApplicationTaskHook
                0x00000000       0x48 ..\obj\tasks.o
 .text.prvGenerateRunTimeStatsForTasksInList
                0x00000000      0x168 ..\obj\tasks.o
 .text.usTaskCheckFreeStackSpace
                0x00000000       0x38 ..\obj\tasks.o
 .text.uxTaskGetStackHighWaterMark
                0x00000000       0x3c ..\obj\tasks.o
 .text          0x00000000        0x0 ..\obj\stm32f4xx_gpio.o
 .data          0x00000000        0x0 ..\obj\stm32f4xx_gpio.o
 .bss           0x00000000        0x0 ..\obj\stm32f4xx_gpio.o
 .text.GPIO_DeInit
                0x00000000      0x178 ..\obj\stm32f4xx_gpio.o
 .text.GPIO_StructInit
                0x00000000       0x3c ..\obj\stm32f4xx_gpio.o
 .text.GPIO_PinLockConfig
                0x00000000       0x44 ..\obj\stm32f4xx_gpio.o
 .text.GPIO_ReadInputDataBit
                0x00000000       0x3c ..\obj\stm32f4xx_gpio.o
 .text.GPIO_ReadInputData
                0x00000000       0x1c ..\obj\stm32f4xx_gpio.o
 .text.GPIO_ReadOutputDataBit
                0x00000000       0x3c ..\obj\stm32f4xx_gpio.o
 .text.GPIO_ReadOutputData
                0x00000000       0x1c ..\obj\stm32f4xx_gpio.o
 .text.GPIO_SetBits
                0x00000000       0x1c ..\obj\stm32f4xx_gpio.o
 .text.GPIO_ResetBits
                0x00000000       0x1c ..\obj\stm32f4xx_gpio.o
 .text.GPIO_WriteBit
                0x00000000       0x30 ..\obj\stm32f4xx_gpio.o
 .text.GPIO_Write
                0x00000000       0x1c ..\obj\stm32f4xx_gpio.o
 .text.GPIO_ToggleBits
                0x00000000       0x24 ..\obj\stm32f4xx_gpio.o
 .data          0x00000000        0x0 ..\obj\sh_cmd.o
 .bss           0x00000000        0x0 ..\obj\sh_cmd.o
 .text          0x00000000        0x0 ..\obj\list.o
 .data          0x00000000        0x0 ..\obj\list.o
 .bss           0x00000000        0x0 ..\obj\list.o
 .text          0x00000000        0x0 ..\obj\system_stm32f4xx.o
 .bss           0x00000000        0x0 ..\obj\system_stm32f4xx.o
 .text          0x00000000        0x0 ..\obj\syscalls.o
 .data          0x00000000        0x0 ..\obj\syscalls.o
 .text.link     0x00000000       0x1c ..\obj\syscalls.o
 .text._close   0x00000000       0x18 ..\obj\syscalls.o
 .text._fstat   0x00000000       0x24 ..\obj\syscalls.o
 .text._isatty  0x00000000       0x18 ..\obj\syscalls.o
 .text._lseek   0x00000000       0x1c ..\obj\syscalls.o
 .text._read    0x00000000       0x1c ..\obj\syscalls.o
 .text._write   0x00000000       0x1c ..\obj\syscalls.o
 .text.abort    0x00000000        0x8 ..\obj\syscalls.o
 .text          0x00000000        0x0 ..\obj\stm32f4xx_dma.o
 .data          0x00000000        0x0 ..\obj\stm32f4xx_dma.o
 .bss           0x00000000        0x0 ..\obj\stm32f4xx_dma.o
 .text.DMA_DeInit
                0x00000000      0x244 ..\obj\stm32f4xx_dma.o
 .text.DMA_Init
                0x00000000       0xb0 ..\obj\stm32f4xx_dma.o
 .text.DMA_StructInit
                0x00000000       0x8c ..\obj\stm32f4xx_dma.o
 .text.DMA_Cmd  0x00000000       0x38 ..\obj\stm32f4xx_dma.o
 .text.DMA_PeriphIncOffsetSizeConfig
                0x00000000       0x34 ..\obj\stm32f4xx_dma.o
 .text.DMA_FlowControllerConfig
                0x00000000       0x34 ..\obj\stm32f4xx_dma.o
 .text.DMA_SetCurrDataCounter
                0x00000000       0x1c ..\obj\stm32f4xx_dma.o
 .text.DMA_GetCurrDataCounter
                0x00000000       0x1c ..\obj\stm32f4xx_dma.o
 .text.DMA_DoubleBufferModeConfig
                0x00000000       0x3c ..\obj\stm32f4xx_dma.o
 .text.DMA_DoubleBufferModeCmd
                0x00000000       0x38 ..\obj\stm32f4xx_dma.o
 .text.DMA_MemoryTargetConfig
                0x00000000       0x2c ..\obj\stm32f4xx_dma.o
 .text.DMA_GetCurrentMemoryTarget
                0x00000000       0x38 ..\obj\stm32f4xx_dma.o
 .text.DMA_GetCmdStatus
                0x00000000       0x38 ..\obj\stm32f4xx_dma.o
 .text.DMA_GetFIFOStatus
                0x00000000       0x28 ..\obj\stm32f4xx_dma.o
 .text.DMA_GetFlagStatus
                0x00000000       0x84 ..\obj\stm32f4xx_dma.o
 .text.DMA_ClearFlag
                0x00000000       0x60 ..\obj\stm32f4xx_dma.o
 .text.DMA_ITConfig
                0x00000000       0x74 ..\obj\stm32f4xx_dma.o
 .text.DMA_GetITStatus
                0x00000000       0xc0 ..\obj\stm32f4xx_dma.o
 .text.DMA_ClearITPendingBit
                0x00000000       0x60 ..\obj\stm32f4xx_dma.o
 .debug_info    0x00000000      0x7af ..\obj\stm32f4xx_dma.o
 .debug_abbrev  0x00000000      0x157 ..\obj\stm32f4xx_dma.o
 .debug_loc     0x00000000      0x428 ..\obj\stm32f4xx_dma.o
 .debug_aranges
                0x00000000       0xb0 ..\obj\stm32f4xx_dma.o
 .debug_ranges  0x00000000       0xa0 ..\obj\stm32f4xx_dma.o
 .debug_line    0x00000000      0x407 ..\obj\stm32f4xx_dma.o
 .debug_str     0x00000000      0x505 ..\obj\stm32f4xx_dma.o
 .comment       0x00000000       0x71 ..\obj\stm32f4xx_dma.o
 .ARM.attributes
                0x00000000       0x39 ..\obj\stm32f4xx_dma.o
 .debug_frame   0x00000000      0x224 ..\obj\stm32f4xx_dma.o
 .text          0x00000000        0x0 ..\obj\gps.o
 .data          0x00000000        0x0 ..\obj\gps.o
 .bss           0x00000000        0x0 ..\obj\gps.o
 .text.ucGPSTest
                0x00000000       0x60 ..\obj\gps.o
 .text          0x00000000        0x0 ..\obj\port.o
 .bss           0x00000000        0x0 ..\obj\port.o
 .rodata        0x00000000        0x4 ..\obj\port.o
 .text.vPortEndScheduler
                0x00000000        0xc ..\obj\port.o
 .text          0x00000000        0x0 ..\obj\queue.o
 .data          0x00000000        0x0 ..\obj\queue.o
 .bss           0x00000000        0x0 ..\obj\queue.o
 .text.xQueueCreateMutex
                0x00000000       0xdc ..\obj\queue.o
 .text.xQueueGenericSendFromISR
                0x00000000      0x170 ..\obj\queue.o
 .text.xQueueReceiveFromISR
                0x00000000      0x174 ..\obj\queue.o
 .text.uxQueueMessagesWaiting
                0x00000000       0x68 ..\obj\queue.o
 .text.uxQueueMessagesWaitingFromISR
                0x00000000       0x60 ..\obj\queue.o
 .text.vQueueDelete
                0x00000000       0x64 ..\obj\queue.o
 .text.xQueueIsQueueEmptyFromISR
                0x00000000       0x68 ..\obj\queue.o
 .text.xQueueIsQueueFullFromISR
                0x00000000       0x6c ..\obj\queue.o
 .text          0x00000000        0x0 ..\obj\debug.o
 .data          0x00000000        0x0 ..\obj\debug.o
 .bss           0x00000000        0x0 ..\obj\debug.o
 .text          0x00000000        0x0 ..\obj\croutine.o
 .data          0x00000000        0x0 ..\obj\croutine.o
 .bss           0x00000000       0x80 ..\obj\croutine.o
 .text.xCoRoutineCreate
                0x00000000       0xf4 ..\obj\croutine.o
 .text.vCoRoutineAddToDelayedList
                0x00000000       0xb4 ..\obj\croutine.o
 .text.prvCheckPendingReadyList
                0x00000000       0x9c ..\obj\croutine.o
 .text.prvCheckDelayedList
                0x00000000      0x170 ..\obj\croutine.o
 .text.vCoRoutineSchedule
                0x00000000       0xe8 ..\obj\croutine.o
 .text.prvInitialiseCoRoutineLists
                0x00000000       0x8c ..\obj\croutine.o
 .text.xCoRoutineRemoveFromEventList
                0x00000000       0x60 ..\obj\croutine.o
 .debug_info    0x00000000      0x4f5 ..\obj\croutine.o
 .debug_abbrev  0x00000000      0x19a ..\obj\croutine.o
 .debug_loc     0x00000000      0x188 ..\obj\croutine.o
 .debug_aranges
                0x00000000       0x50 ..\obj\croutine.o
 .debug_ranges  0x00000000       0x40 ..\obj\croutine.o
 .debug_line    0x00000000      0x38b ..\obj\croutine.o
 .debug_str     0x00000000      0x4d5 ..\obj\croutine.o
 .comment       0x00000000       0x71 ..\obj\croutine.o
 .ARM.attributes
                0x00000000       0x39 ..\obj\croutine.o
 .debug_frame   0x00000000       0xf0 ..\obj\croutine.o
 .text          0x00000000        0x0 ..\obj\stm32f4xx_exti.o
 .data          0x00000000        0x0 ..\obj\stm32f4xx_exti.o
 .bss           0x00000000        0x0 ..\obj\stm32f4xx_exti.o
 .text.EXTI_DeInit
                0x00000000       0x54 ..\obj\stm32f4xx_exti.o
 .text.EXTI_Init
                0x00000000      0x138 ..\obj\stm32f4xx_exti.o
 .text.EXTI_StructInit
                0x00000000       0x34 ..\obj\stm32f4xx_exti.o
 .text.EXTI_GenerateSWInterrupt
                0x00000000       0x2c ..\obj\stm32f4xx_exti.o
 .text.EXTI_GetFlagStatus
                0x00000000       0x3c ..\obj\stm32f4xx_exti.o
 .text.EXTI_ClearFlag
                0x00000000       0x20 ..\obj\stm32f4xx_exti.o
 .text.EXTI_GetITStatus
                0x00000000       0x58 ..\obj\stm32f4xx_exti.o
 .text.EXTI_ClearITPendingBit
                0x00000000       0x20 ..\obj\stm32f4xx_exti.o
 .debug_info    0x00000000      0x373 ..\obj\stm32f4xx_exti.o
 .debug_abbrev  0x00000000      0x1a7 ..\obj\stm32f4xx_exti.o
 .debug_loc     0x00000000      0x1b4 ..\obj\stm32f4xx_exti.o
 .debug_aranges
                0x00000000       0x58 ..\obj\stm32f4xx_exti.o
 .debug_ranges  0x00000000       0x48 ..\obj\stm32f4xx_exti.o
 .debug_line    0x00000000      0x2d0 ..\obj\stm32f4xx_exti.o
 .debug_str     0x00000000      0x327 ..\obj\stm32f4xx_exti.o
 .comment       0x00000000       0x71 ..\obj\stm32f4xx_exti.o
 .ARM.attributes
                0x00000000       0x39 ..\obj\stm32f4xx_exti.o
 .debug_frame   0x00000000       0xec ..\obj\stm32f4xx_exti.o
 .text          0x00000000        0x0 ..\obj\misc.o
 .data          0x00000000        0x0 ..\obj\misc.o
 .bss           0x00000000        0x0 ..\obj\misc.o
 .text.NVIC_PriorityGroupConfig
                0x00000000       0x28 ..\obj\misc.o
 .text.NVIC_Init
                0x00000000       0xe4 ..\obj\misc.o
 .text.NVIC_SetVectorTable
                0x00000000       0x2c ..\obj\misc.o
 .text.NVIC_SystemLPConfig
                0x00000000       0x54 ..\obj\misc.o
 .text.SysTick_CLKSourceConfig
                0x00000000       0x4c ..\obj\misc.o
 .debug_info    0x00000000      0x592 ..\obj\misc.o
 .debug_abbrev  0x00000000      0x129 ..\obj\misc.o
 .debug_loc     0x00000000      0x118 ..\obj\misc.o
 .debug_aranges
                0x00000000       0x40 ..\obj\misc.o
 .debug_ranges  0x00000000       0x30 ..\obj\misc.o
 .debug_line    0x00000000      0x270 ..\obj\misc.o
 .debug_str     0x00000000      0x392 ..\obj\misc.o
 .comment       0x00000000       0x71 ..\obj\misc.o
 .ARM.attributes
                0x00000000       0x39 ..\obj\misc.o
 .debug_frame   0x00000000       0x9c ..\obj\misc.o
 .text          0x00000000        0x0 ..\obj\pid.o
 .data          0x00000000        0x0 ..\obj\pid.o
 .bss           0x00000000        0x0 ..\obj\pid.o
 .debug_info    0x00000000       0x90 ..\obj\pid.o
 .debug_abbrev  0x00000000       0x4b ..\obj\pid.o
 .debug_aranges
                0x00000000       0x18 ..\obj\pid.o
 .debug_line    0x00000000       0xf9 ..\obj\pid.o
 .debug_str     0x00000000      0x182 ..\obj\pid.o
 .comment       0x00000000       0x71 ..\obj\pid.o
 .ARM.attributes
                0x00000000       0x39 ..\obj\pid.o
 .text          0x00000000        0x0 c:/program files (x86)/gnu tools arm embedded/4.7 2013q3/bin/../lib/gcc/arm-none-eabi/4.7.4/../../../../arm-none-eabi/lib/armv7e-m/softfp\libc.a(lib_a-malloc.o)
 .data          0x00000000        0x0 c:/program files (x86)/gnu tools arm embedded/4.7 2013q3/bin/../lib/gcc/arm-none-eabi/4.7.4/../../../../arm-none-eabi/lib/armv7e-m/softfp\libc.a(lib_a-malloc.o)
 .bss           0x00000000        0x0 c:/program files (x86)/gnu tools arm embedded/4.7 2013q3/bin/../lib/gcc/arm-none-eabi/4.7.4/../../../../arm-none-eabi/lib/armv7e-m/softfp\libc.a(lib_a-malloc.o)
 .text          0x00000000        0x0 c:/program files (x86)/gnu tools arm embedded/4.7 2013q3/bin/../lib/gcc/arm-none-eabi/4.7.4/../../../../arm-none-eabi/lib/armv7e-m/softfp\libc.a(lib_a-mallocr.o)
 .data          0x00000000        0x0 c:/program files (x86)/gnu tools arm embedded/4.7 2013q3/bin/../lib/gcc/arm-none-eabi/4.7.4/../../../../arm-none-eabi/lib/armv7e-m/softfp\libc.a(lib_a-mallocr.o)
 .bss           0x00000000        0x0 c:/program files (x86)/gnu tools arm embedded/4.7 2013q3/bin/../lib/gcc/arm-none-eabi/4.7.4/../../../../arm-none-eabi/lib/armv7e-m/softfp\libc.a(lib_a-mallocr.o)
 .text          0x00000000        0x0 c:/program files (x86)/gnu tools arm embedded/4.7 2013q3/bin/../lib/gcc/arm-none-eabi/4.7.4/../../../../arm-none-eabi/lib/armv7e-m/softfp\libc.a(lib_a-memcpy.o)
 .data          0x00000000        0x0 c:/program files (x86)/gnu tools arm embedded/4.7 2013q3/bin/../lib/gcc/arm-none-eabi/4.7.4/../../../../arm-none-eabi/lib/armv7e-m/softfp\libc.a(lib_a-memcpy.o)
 .bss           0x00000000        0x0 c:/program files (x86)/gnu tools arm embedded/4.7 2013q3/bin/../lib/gcc/arm-none-eabi/4.7.4/../../../../arm-none-eabi/lib/armv7e-m/softfp\libc.a(lib_a-memcpy.o)
 .text          0x00000000        0x0 c:/program files (x86)/gnu tools arm embedded/4.7 2013q3/bin/../lib/gcc/arm-none-eabi/4.7.4/../../../../arm-none-eabi/lib/armv7e-m/softfp\libc.a(lib_a-memset.o)
 .data          0x00000000        0x0 c:/program files (x86)/gnu tools arm embedded/4.7 2013q3/bin/../lib/gcc/arm-none-eabi/4.7.4/../../../../arm-none-eabi/lib/armv7e-m/softfp\libc.a(lib_a-memset.o)
 .bss           0x00000000        0x0 c:/program files (x86)/gnu tools arm embedded/4.7 2013q3/bin/../lib/gcc/arm-none-eabi/4.7.4/../../../../arm-none-eabi/lib/armv7e-m/softfp\libc.a(lib_a-memset.o)
 .text          0x00000000        0x0 c:/program files (x86)/gnu tools arm embedded/4.7 2013q3/bin/../lib/gcc/arm-none-eabi/4.7.4/../../../../arm-none-eabi/lib/armv7e-m/softfp\libc.a(lib_a-mlock.o)
 .data          0x00000000        0x0 c:/program files (x86)/gnu tools arm embedded/4.7 2013q3/bin/../lib/gcc/arm-none-eabi/4.7.4/../../../../arm-none-eabi/lib/armv7e-m/softfp\libc.a(lib_a-mlock.o)
 .bss           0x00000000        0x0 c:/program files (x86)/gnu tools arm embedded/4.7 2013q3/bin/../lib/gcc/arm-none-eabi/4.7.4/../../../../arm-none-eabi/lib/armv7e-m/softfp\libc.a(lib_a-mlock.o)
 .text          0x00000000        0x0 c:/program files (x86)/gnu tools arm embedded/4.7 2013q3/bin/../lib/gcc/arm-none-eabi/4.7.4/../../../../arm-none-eabi/lib/armv7e-m/softfp\libc.a(lib_a-sbrkr.o)
 .data          0x00000000        0x0 c:/program files (x86)/gnu tools arm embedded/4.7 2013q3/bin/../lib/gcc/arm-none-eabi/4.7.4/../../../../arm-none-eabi/lib/armv7e-m/softfp\libc.a(lib_a-sbrkr.o)
 .bss           0x00000000        0x0 c:/program files (x86)/gnu tools arm embedded/4.7 2013q3/bin/../lib/gcc/arm-none-eabi/4.7.4/../../../../arm-none-eabi/lib/armv7e-m/softfp\libc.a(lib_a-sbrkr.o)
 .text          0x00000000        0x0 c:/program files (x86)/gnu tools arm embedded/4.7 2013q3/bin/../lib/gcc/arm-none-eabi/4.7.4/../../../../arm-none-eabi/lib/armv7e-m/softfp\libc.a(lib_a-strcat.o)
 .data          0x00000000        0x0 c:/program files (x86)/gnu tools arm embedded/4.7 2013q3/bin/../lib/gcc/arm-none-eabi/4.7.4/../../../../arm-none-eabi/lib/armv7e-m/softfp\libc.a(lib_a-strcat.o)
 .bss           0x00000000        0x0 c:/program files (x86)/gnu tools arm embedded/4.7 2013q3/bin/../lib/gcc/arm-none-eabi/4.7.4/../../../../arm-none-eabi/lib/armv7e-m/softfp\libc.a(lib_a-strcat.o)
 .text.strcat   0x00000000       0x4c c:/program files (x86)/gnu tools arm embedded/4.7 2013q3/bin/../lib/gcc/arm-none-eabi/4.7.4/../../../../arm-none-eabi/lib/armv7e-m/softfp\libc.a(lib_a-strcat.o)
 .ARM.attributes
                0x00000000       0x34 c:/program files (x86)/gnu tools arm embedded/4.7 2013q3/bin/../lib/gcc/arm-none-eabi/4.7.4/../../../../arm-none-eabi/lib/armv7e-m/softfp\libc.a(lib_a-strcat.o)
 .debug_frame   0x00000000       0x2c c:/program files (x86)/gnu tools arm embedded/4.7 2013q3/bin/../lib/gcc/arm-none-eabi/4.7.4/../../../../arm-none-eabi/lib/armv7e-m/softfp\libc.a(lib_a-strcat.o)
 .text          0x00000000        0x0 c:/program files (x86)/gnu tools arm embedded/4.7 2013q3/bin/../lib/gcc/arm-none-eabi/4.7.4/../../../../arm-none-eabi/lib/armv7e-m/softfp\libc.a(lib_a-strcpy.o)
 .data          0x00000000        0x0 c:/program files (x86)/gnu tools arm embedded/4.7 2013q3/bin/../lib/gcc/arm-none-eabi/4.7.4/../../../../arm-none-eabi/lib/armv7e-m/softfp\libc.a(lib_a-strcpy.o)
 .bss           0x00000000        0x0 c:/program files (x86)/gnu tools arm embedded/4.7 2013q3/bin/../lib/gcc/arm-none-eabi/4.7.4/../../../../arm-none-eabi/lib/armv7e-m/softfp\libc.a(lib_a-strcpy.o)
 .text.strcpy   0x00000000       0xbc c:/program files (x86)/gnu tools arm embedded/4.7 2013q3/bin/../lib/gcc/arm-none-eabi/4.7.4/../../../../arm-none-eabi/lib/armv7e-m/softfp\libc.a(lib_a-strcpy.o)
 .ARM.attributes
                0x00000000       0x34 c:/program files (x86)/gnu tools arm embedded/4.7 2013q3/bin/../lib/gcc/arm-none-eabi/4.7.4/../../../../arm-none-eabi/lib/armv7e-m/softfp\libc.a(lib_a-strcpy.o)
 .debug_frame   0x00000000       0x20 c:/program files (x86)/gnu tools arm embedded/4.7 2013q3/bin/../lib/gcc/arm-none-eabi/4.7.4/../../../../arm-none-eabi/lib/armv7e-m/softfp\libc.a(lib_a-strcpy.o)
 .text          0x00000000        0x0 c:/program files (x86)/gnu tools arm embedded/4.7 2013q3/bin/../lib/gcc/arm-none-eabi/4.7.4/../../../../arm-none-eabi/lib/armv7e-m/softfp\libc.a(lib_a-strlen.o)
 .data          0x00000000        0x0 c:/program files (x86)/gnu tools arm embedded/4.7 2013q3/bin/../lib/gcc/arm-none-eabi/4.7.4/../../../../arm-none-eabi/lib/armv7e-m/softfp\libc.a(lib_a-strlen.o)
 .bss           0x00000000        0x0 c:/program files (x86)/gnu tools arm embedded/4.7 2013q3/bin/../lib/gcc/arm-none-eabi/4.7.4/../../../../arm-none-eabi/lib/armv7e-m/softfp\libc.a(lib_a-strlen.o)
 .text.strlen   0x00000000       0x60 c:/program files (x86)/gnu tools arm embedded/4.7 2013q3/bin/../lib/gcc/arm-none-eabi/4.7.4/../../../../arm-none-eabi/lib/armv7e-m/softfp\libc.a(lib_a-strlen.o)
 .ARM.attributes
                0x00000000       0x34 c:/program files (x86)/gnu tools arm embedded/4.7 2013q3/bin/../lib/gcc/arm-none-eabi/4.7.4/../../../../arm-none-eabi/lib/armv7e-m/softfp\libc.a(lib_a-strlen.o)
 .debug_frame   0x00000000       0x20 c:/program files (x86)/gnu tools arm embedded/4.7 2013q3/bin/../lib/gcc/arm-none-eabi/4.7.4/../../../../arm-none-eabi/lib/armv7e-m/softfp\libc.a(lib_a-strlen.o)
 .text          0x00000000        0x0 c:/program files (x86)/gnu tools arm embedded/4.7 2013q3/bin/../lib/gcc/arm-none-eabi/4.7.4/../../../../arm-none-eabi/lib/armv7e-m/softfp\libc.a(lib_a-strncpy.o)
 .data          0x00000000        0x0 c:/program files (x86)/gnu tools arm embedded/4.7 2013q3/bin/../lib/gcc/arm-none-eabi/4.7.4/../../../../arm-none-eabi/lib/armv7e-m/softfp\libc.a(lib_a-strncpy.o)
 .bss           0x00000000        0x0 c:/program files (x86)/gnu tools arm embedded/4.7 2013q3/bin/../lib/gcc/arm-none-eabi/4.7.4/../../../../arm-none-eabi/lib/armv7e-m/softfp\libc.a(lib_a-strncpy.o)
 .text          0x00000000        0x0 c:/program files (x86)/gnu tools arm embedded/4.7 2013q3/bin/../lib/gcc/arm-none-eabi/4.7.4/../../../../arm-none-eabi/lib/armv7e-m/softfp\libc.a(lib_a-freer.o)
 .data          0x00000000        0x0 c:/program files (x86)/gnu tools arm embedded/4.7 2013q3/bin/../lib/gcc/arm-none-eabi/4.7.4/../../../../arm-none-eabi/lib/armv7e-m/softfp\libc.a(lib_a-freer.o)
 .bss           0x00000000        0x0 c:/program files (x86)/gnu tools arm embedded/4.7 2013q3/bin/../lib/gcc/arm-none-eabi/4.7.4/../../../../arm-none-eabi/lib/armv7e-m/softfp\libc.a(lib_a-freer.o)
 .text          0x00000000        0x0 c:/program files (x86)/gnu tools arm embedded/4.7 2013q3/bin/../lib/gcc/arm-none-eabi/4.7.4/../../../../arm-none-eabi/lib/armv7e-m/softfp\libc.a(lib_a-reent.o)
 .data          0x00000000        0x0 c:/program files (x86)/gnu tools arm embedded/4.7 2013q3/bin/../lib/gcc/arm-none-eabi/4.7.4/../../../../arm-none-eabi/lib/armv7e-m/softfp\libc.a(lib_a-reent.o)
 .bss           0x00000000        0x0 c:/program files (x86)/gnu tools arm embedded/4.7 2013q3/bin/../lib/gcc/arm-none-eabi/4.7.4/../../../../arm-none-eabi/lib/armv7e-m/softfp\libc.a(lib_a-reent.o)
 .text.cleanup_glue
                0x00000000       0x1c c:/program files (x86)/gnu tools arm embedded/4.7 2013q3/bin/../lib/gcc/arm-none-eabi/4.7.4/../../../../arm-none-eabi/lib/armv7e-m/softfp\libc.a(lib_a-reent.o)
 .text._reclaim_reent
                0x00000000       0x8c c:/program files (x86)/gnu tools arm embedded/4.7 2013q3/bin/../lib/gcc/arm-none-eabi/4.7.4/../../../../arm-none-eabi/lib/armv7e-m/softfp\libc.a(lib_a-reent.o)
 .text._wrapup_reent
                0x00000000       0x74 c:/program files (x86)/gnu tools arm embedded/4.7 2013q3/bin/../lib/gcc/arm-none-eabi/4.7.4/../../../../arm-none-eabi/lib/armv7e-m/softfp\libc.a(lib_a-reent.o)

Memory Configuration

Name             Origin             Length             Attributes
rom              0x08000000         0x00100000         xr
ram              0x20000000         0x00020000         xrw
ram1             0x10000000         0x00010000         xrw
*default*        0x00000000         0xffffffff

Linker script and memory map

                0x20020000                _eram = 0x20020000

.text           0x08000000     0x85dc
 *(.isr_vector .isr_vector.*)
 .isr_vector    0x08000000      0x188 ..\obj\startup_stm32f4xx.o
                0x08000000                g_pfnVectors
 *(.text .text.* .gnu.linkonce.t.*)
 .text.vIMUInit
                0x08000188       0x4c ..\obj\imu.o
                0x08000188                vIMUInit
 .text.ucIMUInitTest
                0x080001d4       0x50 ..\obj\imu.o
                0x080001d4                ucIMUInitTest
 .text.vIMUGetData
                0x08000224       0x88 ..\obj\imu.o
                0x08000224                vIMUGetData
 .text.eIMUIsDataValid
                0x080002ac       0xd4 ..\obj\imu.o
                0x080002ac                eIMUIsDataValid
 .text.prvIsAltitudeValid
                0x08000380       0x2c ..\obj\imu.o
 .text.prvIsAngleValid
                0x080003ac       0x78 ..\obj\imu.o
 .text.usart_init
                0x08000424       0xe0 ..\obj\imu.o
 .text.imu_main
                0x08000504      0x3dc ..\obj\imu.o
 .text.USART_Init
                0x080008e0      0x1ac ..\obj\stm32f4xx_usart.o
                0x080008e0                USART_Init
 .text.USART_Cmd
                0x08000a8c       0x40 ..\obj\stm32f4xx_usart.o
                0x08000a8c                USART_Cmd
 .text.USART_SendData
                0x08000acc       0x28 ..\obj\stm32f4xx_usart.o
                0x08000acc                USART_SendData
 .text.USART_ReceiveData
                0x08000af4       0x24 ..\obj\stm32f4xx_usart.o
                0x08000af4                USART_ReceiveData
 .text.USART_GetFlagStatus
                0x08000b18       0x40 ..\obj\stm32f4xx_usart.o
                0x08000b18                USART_GetFlagStatus
 .text.vZigbeeInit
                0x08000b58       0x48 ..\obj\zigbee.o
                0x08000b58                vZigbeeInit
 .text.ucZigbeeInitTest
                0x08000ba0       0x50 ..\obj\zigbee.o
                0x08000ba0                ucZigbeeInitTest
 .text.vZigbeeReceiveData
                0x08000bf0       0x5c ..\obj\zigbee.o
                0x08000bf0                vZigbeeReceiveData
 .text.prvTelemeterIsDistValid
                0x08000c4c       0xe0 ..\obj\telemeter.o
 .text.vTelemeterInit
                0x08000d2c       0x48 ..\obj\telemeter.o
                0x08000d2c                vTelemeterInit
 .text.ucTelemeterInitTest
                0x08000d74       0x50 ..\obj\telemeter.o
                0x08000d74                ucTelemeterInitTest
 .text.usTelemeterGetDist
                0x08000dc4       0x64 ..\obj\telemeter.o
                0x08000dc4                usTelemeterGetDist
 .text.ucTelemeterIsDataValid
                0x08000e28      0x12c ..\obj\telemeter.o
                0x08000e28                ucTelemeterIsDataValid
 .text.vTelemeterGetData
                0x08000f54       0x80 ..\obj\telemeter.o
                0x08000f54                vTelemeterGetData
 .text.Default_Reset_Handler
                0x08000fd4       0x7c ..\obj\startup_stm32f4xx.o
                0x08000fd4                Default_Reset_Handler
                0x08000fd4                Reset_Handler
 .text.Default_Handler
                0x08001050        0x8 ..\obj\startup_stm32f4xx.o
                0x08001050                RTC_Alarm_IRQHandler
                0x08001050                HASH_RNG_IRQHandler
                0x08001050                EXTI2_IRQHandler
                0x08001050                TIM8_CC_IRQHandler
                0x08001050                DebugMon_Handler
                0x08001050                TIM1_CC_IRQHandler
                0x08001050                DMA2_Stream5_IRQHandler
                0x08001050                DMA1_Stream5_IRQHandler
                0x08001050                PVD_IRQHandler
                0x08001050                SDIO_IRQHandler
                0x08001050                TAMP_STAMP_IRQHandler
                0x08001050                NMI_Handler
                0x08001050                CAN2_RX1_IRQHandler
                0x08001050                EXTI3_IRQHandler
                0x08001050                TIM8_TRG_COM_TIM14_IRQHandler
                0x08001050                TIM1_UP_TIM10_IRQHandler
                0x08001050                TIM8_UP_TIM13_IRQHandler
                0x08001050                I2C3_ER_IRQHandler
                0x08001050                EXTI0_IRQHandler
                0x08001050                I2C2_EV_IRQHandler
                0x08001050                DMA1_Stream2_IRQHandler
                0x08001050                CAN1_RX0_IRQHandler
                0x08001050                FPU_IRQHandler
                0x08001050                OTG_HS_WKUP_IRQHandler
                0x08001050                UsageFault_Handler
                0x08001050                CAN2_SCE_IRQHandler
                0x08001050                DMA2_Stream2_IRQHandler
                0x08001050                SPI1_IRQHandler
                0x08001050                TIM6_DAC_IRQHandler
                0x08001050                TIM1_BRK_TIM9_IRQHandler
                0x08001050                DCMI_IRQHandler
                0x08001050                CAN2_RX0_IRQHandler
                0x08001050                DMA2_Stream3_IRQHandler
                0x08001050                USART6_IRQHandler
                0x08001050                USART3_IRQHandler
                0x08001050                CRYP_IRQHandler
                0x08001050                CAN1_RX1_IRQHandler
                0x08001050                UART5_IRQHandler
                0x08001050                DMA2_Stream0_IRQHandler
                0x08001050                TIM4_IRQHandler
                0x08001050                I2C1_EV_IRQHandler
                0x08001050                DMA1_Stream6_IRQHandler
                0x08001050                DMA1_Stream1_IRQHandler
                0x08001050                UART4_IRQHandler
                0x08001050                TIM3_IRQHandler
                0x08001050                RCC_IRQHandler
                0x08001050                TIM8_BRK_TIM12_IRQHandler
                0x08001050                EXTI15_10_IRQHandler
                0x08001050                ADC_IRQHandler
                0x08001050                DMA1_Stream7_IRQHandler
                0x08001050                TIM7_IRQHandler
                0x08001050                CAN2_TX_IRQHandler
                0x08001050                TIM5_IRQHandler
                0x08001050                DMA2_Stream7_IRQHandler
                0x08001050                I2C3_EV_IRQHandler
                0x08001050                EXTI9_5_IRQHandler
                0x08001050                RTC_WKUP_IRQHandler
                0x08001050                ETH_WKUP_IRQHandler
                0x08001050                SPI2_IRQHandler
                0x08001050                OTG_HS_EP1_IN_IRQHandler
                0x08001050                MemManage_Handler
                0x08001050                DMA1_Stream0_IRQHandler
                0x08001050                CAN1_TX_IRQHandler
                0x08001050                EXTI4_IRQHandler
                0x08001050                FSMC_IRQHandler
                0x08001050                ETH_IRQHandler
                0x08001050                OTG_HS_EP1_OUT_IRQHandler
                0x08001050                WWDG_IRQHandler
                0x08001050                TIM2_IRQHandler
                0x08001050                OTG_FS_WKUP_IRQHandler
                0x08001050                TIM1_TRG_COM_TIM11_IRQHandler
                0x08001050                OTG_HS_IRQHandler
                0x08001050                EXTI1_IRQHandler
                0x08001050                USART2_IRQHandler
                0x08001050                I2C2_ER_IRQHandler
                0x08001050                DMA2_Stream1_IRQHandler
                0x08001050                CAN1_SCE_IRQHandler
                0x08001050                FLASH_IRQHandler
                0x08001050                DMA2_Stream4_IRQHandler
                0x08001050                BusFault_Handler
                0x08001050                USART1_IRQHandler
                0x08001050                OTG_FS_IRQHandler
                0x08001050                SPI3_IRQHandler
                0x08001050                DMA1_Stream4_IRQHandler
                0x08001050                I2C1_ER_IRQHandler
                0x08001050                DMA2_Stream6_IRQHandler
                0x08001050                DMA1_Stream3_IRQHandler
 .text.RCC_GetClocksFreq
                0x08001058      0x1cc ..\obj\stm32f4xx_rcc.o
                0x08001058                RCC_GetClocksFreq
 .text.RCC_AHB1PeriphClockCmd
                0x08001224       0x54 ..\obj\stm32f4xx_rcc.o
                0x08001224                RCC_AHB1PeriphClockCmd
 .text.RCC_APB1PeriphClockCmd
                0x08001278       0x54 ..\obj\stm32f4xx_rcc.o
                0x08001278                RCC_APB1PeriphClockCmd
 .text.RCC_APB2PeriphClockCmd
                0x080012cc       0x54 ..\obj\stm32f4xx_rcc.o
                0x080012cc                RCC_APB2PeriphClockCmd
 .text.ucFlightCmdValid
                0x08001320       0x78 ..\obj\flight.o
                0x08001320                ucFlightCmdValid
 .text.vFlightTakeoffMvt
                0x08001398       0x60 ..\obj\flight.o
                0x08001398                vFlightTakeoffMvt
 .text.vFlightLandMvt
                0x080013f8       0x60 ..\obj\flight.o
                0x080013f8                vFlightLandMvt
 .text.ucFlightAutotuneMvt
                0x08001458       0x64 ..\obj\flight.o
                0x08001458                ucFlightAutotuneMvt
 .text.vFlightCommandMvt
                0x080014bc       0x60 ..\obj\flight.o
                0x080014bc                vFlightCommandMvt
 .text.vFlightExecuteMvt
                0x0800151c       0x5c ..\obj\flight.o
                0x0800151c                vFlightExecuteMvt
 .text.PrintChar
                0x08001578       0x1c ..\obj\printf.o
                0x08001578                PrintChar
 .text.PutChar  0x08001594       0x24 ..\obj\printf.o
                0x08001594                PutChar
 .text.PutString
                0x080015b8       0x48 ..\obj\printf.o
                0x080015b8                PutString
 .text.PutUnsignedInt
                0x08001600       0xbc ..\obj\printf.o
                0x08001600                PutUnsignedInt
 .text.PutSignedInt
                0x080016bc      0x12c ..\obj\printf.o
                0x080016bc                PutSignedInt
 .text.PutHexa  0x080017e8       0xe8 ..\obj\printf.o
                0x080017e8                PutHexa
 .text.vsnprintf
                0x080018d0      0x2a4 ..\obj\printf.o
                0x080018d0                vsnprintf
 .text.vsprintf
                0x08001b74       0x28 ..\obj\printf.o
                0x08001b74                vsprintf
 .text.vfprintf
                0x08001b9c       0x6c ..\obj\printf.o
                0x08001b9c                vfprintf
 .text.vprintf  0x08001c08       0x2c ..\obj\printf.o
                0x08001c08                vprintf
 .text.printf   0x08001c34       0x2c ..\obj\printf.o
                0x08001c34                printf
 .text.puts     0x08001c60       0x28 ..\obj\printf.o
                0x08001c60                puts
 .text.fputc    0x08001c88       0x4c ..\obj\printf.o
                0x08001c88                fputc
 .text.fputs    0x08001cd4       0x50 ..\obj\printf.o
                0x08001cd4                fputs
 .text.NVIC_SetPriorityGrouping
                0x08001d24       0x50 ..\obj\drone.o
 .text.NVIC_SystemReset
                0x08001d74       0x30 ..\obj\drone.o
 .text.main     0x08001da4      0x610 ..\obj\drone.o
                0x08001da4                main
 .text.prvDetectObstacleTask
                0x080023b4      0x1ec ..\obj\drone.o
 .text.prvFlightCtrlTask
                0x080025a0      0x380 ..\obj\drone.o
 .text.prvZigbeeReceiveTask
                0x08002920      0x428 ..\obj\drone.o
 .text.prvBatteryMonitoringTask
                0x08002d48      0x190 ..\obj\drone.o
 .text.prvGPSReceiveTask
                0x08002ed8      0x10c ..\obj\drone.o
 .text.vApplicationIdleHook
                0x08002fe4       0xa4 ..\obj\drone.o
                0x08002fe4                vApplicationIdleHook
 .text.prvInitDroneConfig
                0x08003088       0x88 ..\obj\drone.o
 .text.prvSetupHardware
                0x08003110       0x54 ..\obj\drone.o
 .text.prvBatteryInit
                0x08003164       0x44 ..\obj\drone.o
 .text.prvInitPeriph
                0x080031a8       0x1c ..\obj\drone.o
 .text.prvInitTestPeriph
                0x080031c4       0x74 ..\obj\drone.o
 .text.prvDroneConfigValid
                0x08003238       0x18 ..\obj\drone.o
 .text.prvBatteryValid
                0x08003250       0x18 ..\obj\drone.o
 .text.prvSendConfig
                0x08003268       0x4c ..\obj\drone.o
 .text.prvSendStatus
                0x080032b4      0x174 ..\obj\drone.o
 .text.prvSendError
                0x08003428       0x14 ..\obj\drone.o
 .text.prvResetDroneConfig
                0x0800343c       0x14 ..\obj\drone.o
 .text.prvSelectErrorState
                0x08003450       0x40 ..\obj\drone.o
 .text.prvSafeSetIMUData
                0x08003490       0x8c ..\obj\drone.o
 .text.prvSafeSetGPSData
                0x0800351c       0x88 ..\obj\drone.o
 .text.prvSafeSetZigbeeData
                0x080035a4       0xa0 ..\obj\drone.o
 .text.prvSafeSetBatteryData
                0x08003644       0x88 ..\obj\drone.o
 .text.prvSafeSetDroneConfig
                0x080036cc       0x84 ..\obj\drone.o
 .text.prvSafeSetTelemeterData
                0x08003750       0x94 ..\obj\drone.o
 .text.prvSafeSetDroneState
                0x080037e4       0x80 ..\obj\drone.o
 .text.prvSafeGetIMUData
                0x08003864       0x2c ..\obj\drone.o
 .text.prvSafeGetGPSData
                0x08003890       0x2c ..\obj\drone.o
 .text.prvSafeGetZigbeeData
                0x080038bc       0x2c ..\obj\drone.o
 .text.prvSafeGetBatteryData
                0x080038e8       0x2c ..\obj\drone.o
 .text.prvSafeGetDroneConfig
                0x08003914       0x3c ..\obj\drone.o
 .text.prvSafeGetTelemeterData
                0x08003950       0x30 ..\obj\drone.o
 .text.prvSafeGetDroneState
                0x08003980       0x28 ..\obj\drone.o
 .text.prvEnableVideo
                0x080039a8       0x58 ..\obj\drone.o
 .text.prvDisableVideo
                0x08003a00       0x58 ..\obj\drone.o
 .text.prvTakeoffDone
                0x08003a58       0xcc ..\obj\drone.o
 .text.prvLandingDone
                0x08003b24       0x64 ..\obj\drone.o
 .text.prvObstacleDetected
                0x08003b88       0x24 ..\obj\drone.o
 .text.prvTelemeterTimedout
                0x08003bac       0x3c ..\obj\drone.o
 .text.prvBatteryCritical
                0x08003be8       0x28 ..\obj\drone.o
 .text.prvBatteryTimedout
                0x08003c10       0x3c ..\obj\drone.o
 .text.prvIMUTimedout
                0x08003c4c       0x3c ..\obj\drone.o
 .text.prvGPSTimedout
                0x08003c88       0x3c ..\obj\drone.o
 .text.prvZigbeeTimedout
                0x08003cc4       0x3c ..\obj\drone.o
 .text.prvFltCmdTimedout
                0x08003d00       0x3c ..\obj\drone.o
 .text.ucBatteryInitTest
                0x08003d3c       0x60 ..\obj\drone.o
 .text.prvHandleTimouts
                0x08003d9c      0x154 ..\obj\drone.o
 .text.prvInitAltitude
                0x08003ef0       0x24 ..\obj\drone.o
 .text.prvGetBatteryLvl
                0x08003f14       0x5c ..\obj\drone.o
 .text.prvReboot
                0x08003f70       0x54 ..\obj\drone.o
 .text.prvShutdown
                0x08003fc4       0x54 ..\obj\drone.o
 .text.xTaskGenericCreate
                0x08004018      0x344 ..\obj\tasks.o
                0x08004018                xTaskGenericCreate
 .text.vTaskDelayUntil
                0x0800435c      0x190 ..\obj\tasks.o
                0x0800435c                vTaskDelayUntil
 .text.uxTaskPriorityGet
                0x080044ec       0x38 ..\obj\tasks.o
                0x080044ec                uxTaskPriorityGet
 .text.vTaskStartScheduler
                0x08004524       0xbc ..\obj\tasks.o
                0x08004524                vTaskStartScheduler
 .text.vTaskSuspendAll
                0x080045e0       0x24 ..\obj\tasks.o
                0x080045e0                vTaskSuspendAll
 .text.xTaskResumeAll
                0x08004604      0x19c ..\obj\tasks.o
                0x08004604                xTaskResumeAll
 .text.xTaskGetTickCount
                0x080047a0       0x28 ..\obj\tasks.o
                0x080047a0                xTaskGetTickCount
 .text.pcTaskGetTaskName
                0x080047c8       0x74 ..\obj\tasks.o
                0x080047c8                pcTaskGetTaskName
 .text.vTaskIncrementTick
                0x0800483c      0x204 ..\obj\tasks.o
                0x0800483c                vTaskIncrementTick
 .text.vTaskSwitchContext
                0x08004a40      0x1e4 ..\obj\tasks.o
                0x08004a40                vTaskSwitchContext
 .text.vTaskPlaceOnEventList
                0x08004c24       0x98 ..\obj\tasks.o
                0x08004c24                vTaskPlaceOnEventList
 .text.xTaskRemoveFromEventList
                0x08004cbc      0x108 ..\obj\tasks.o
                0x08004cbc                xTaskRemoveFromEventList
 .text.vTaskSetTimeOutState
                0x08004dc4       0x70 ..\obj\tasks.o
                0x08004dc4                vTaskSetTimeOutState
 .text.xTaskCheckForTimeOut
                0x08004e34      0x118 ..\obj\tasks.o
                0x08004e34                xTaskCheckForTimeOut
 .text.vTaskMissedYield
                0x08004f4c       0x18 ..\obj\tasks.o
                0x08004f4c                vTaskMissedYield
 .text.prvIdleTask
                0x08004f64       0x14 ..\obj\tasks.o
 .text.prvInitialiseTCBVariables
                0x08004f78       0x88 ..\obj\tasks.o
 .text.prvInitialiseTaskLists
                0x08005000       0x8c ..\obj\tasks.o
 .text.prvCheckTasksWaitingTermination
                0x0800508c        0xc ..\obj\tasks.o
 .text.prvAddCurrentTaskToDelayedList
                0x08005098       0x8c ..\obj\tasks.o
 .text.prvAllocateTCBAndStack
                0x08005124       0x74 ..\obj\tasks.o
 .text.xTaskGetCurrentTaskHandle
                0x08005198       0x20 ..\obj\tasks.o
                0x08005198                xTaskGetCurrentTaskHandle
 .text.vTaskPriorityInherit
                0x080051b8      0x118 ..\obj\tasks.o
                0x080051b8                vTaskPriorityInherit
 .text.vTaskPriorityDisinherit
                0x080052d0       0x90 ..\obj\tasks.o
                0x080052d0                vTaskPriorityDisinherit
 .text.GPIO_Init
                0x08005360      0x144 ..\obj\stm32f4xx_gpio.o
                0x08005360                GPIO_Init
 .text.GPIO_PinAFConfig
                0x080054a4       0xa8 ..\obj\stm32f4xx_gpio.o
                0x080054a4                GPIO_PinAFConfig
 .text          0x0800554c       0x30 ..\obj\sh_cmd.o
                0x0800554c                SH_DoCommand
                0x08005562                HardFault_Handler
 .text.vListInitialise
                0x0800557c       0x40 ..\obj\list.o
                0x0800557c                vListInitialise
 .text.vListInitialiseItem
                0x080055bc       0x1c ..\obj\list.o
                0x080055bc                vListInitialiseItem
 .text.vListInsertEnd
                0x080055d8       0x50 ..\obj\list.o
                0x080055d8                vListInsertEnd
 .text.vListInsert
                0x08005628       0x74 ..\obj\list.o
                0x08005628                vListInsert
 .text.vListRemove
                0x0800569c       0x54 ..\obj\list.o
                0x0800569c                vListRemove
 .text.SystemInit
                0x080056f0       0xb0 ..\obj\system_stm32f4xx.o
                0x080056f0                SystemInit
 .text.SystemCoreClockUpdate
                0x080057a0      0x170 ..\obj\system_stm32f4xx.o
                0x080057a0                SystemCoreClockUpdate
 .text.SetSysClock
                0x08005910      0x188 ..\obj\system_stm32f4xx.o
 .text._sbrk    0x08005a98       0x5c ..\obj\syscalls.o
                0x08005a98                _sbrk
 .text.vGPSInit
                0x08005af4       0x48 ..\obj\gps.o
                0x08005af4                vGPSInit
 .text.ucGPSInitTest
                0x08005b3c       0x50 ..\obj\gps.o
                0x08005b3c                ucGPSInitTest
 .text.vGPSGetData
                0x08005b8c       0x5c ..\obj\gps.o
                0x08005b8c                vGPSGetData
 .text.eGPSIsDataValid
                0x08005be8       0x18 ..\obj\gps.o
                0x08005be8                eGPSIsDataValid
 .text.pxPortInitialiseStack
                0x08005c00       0x68 ..\obj\port.o
                0x08005c00                pxPortInitialiseStack
 .text.SVC_Handler
                0x08005c68       0x20 ..\obj\port.o
                0x08005c68                SVC_Handler
 .text.vPortStartFirstTask
                0x08005c88       0x14 ..\obj\port.o
                0x08005c88                vPortStartFirstTask
 .text.xPortStartScheduler
                0x08005c9c       0x54 ..\obj\port.o
                0x08005c9c                xPortStartScheduler
 .text.vPortYieldFromISR
                0x08005cf0       0x18 ..\obj\port.o
                0x08005cf0                vPortYieldFromISR
 .text.vPortEnterCritical
                0x08005d08       0x2c ..\obj\port.o
                0x08005d08                vPortEnterCritical
 .text.vPortExitCritical
                0x08005d34       0x38 ..\obj\port.o
                0x08005d34                vPortExitCritical
 .text.PendSV_Handler
                0x08005d6c       0x58 ..\obj\port.o
                0x08005d6c                PendSV_Handler
 .text.SysTick_Handler
                0x08005dc4       0x38 ..\obj\port.o
                0x08005dc4                SysTick_Handler
 .text.prvSetupTimerInterrupt
                0x08005dfc       0x40 ..\obj\port.o
 .text.xQueueCreate
                0x08005e3c      0x194 ..\obj\queue.o
                0x08005e3c                xQueueCreate
 .text.xQueueGenericSend
                0x08005fd0      0x23c ..\obj\queue.o
                0x08005fd0                xQueueGenericSend
 .text.xQueueGenericReceive
                0x0800620c      0x2a0 ..\obj\queue.o
                0x0800620c                xQueueGenericReceive
 .text.prvCopyDataToQueue
                0x080064ac       0xc4 ..\obj\queue.o
 .text.prvCopyDataFromQueue
                0x08006570       0x50 ..\obj\queue.o
 .text.prvUnlockQueue
                0x080065c0       0xa0 ..\obj\queue.o
 .text.prvIsQueueEmpty
                0x08006660       0x2c ..\obj\queue.o
 .text.prvIsQueueFull
                0x0800668c       0x30 ..\obj\queue.o
 .text.vDebugUARTInit
                0x080066bc      0x100 ..\obj\debug.o
                0x080066bc                vDebugUARTInit
 .text.ulDebugMsg
                0x080067bc       0x40 ..\obj\debug.o
                0x080067bc                ulDebugMsg
 .text.vDebugUARTPutchar
                0x080067fc       0x3c ..\obj\debug.o
                0x080067fc                vDebugUARTPutchar
 .text.malloc   0x08006838       0x10 c:/program files (x86)/gnu tools arm embedded/4.7 2013q3/bin/../lib/gcc/arm-none-eabi/4.7.4/../../../../arm-none-eabi/lib/armv7e-m/softfp\libc.a(lib_a-malloc.o)
                0x08006838                malloc
 .text.free     0x08006848       0x10 c:/program files (x86)/gnu tools arm embedded/4.7 2013q3/bin/../lib/gcc/arm-none-eabi/4.7.4/../../../../arm-none-eabi/lib/armv7e-m/softfp\libc.a(lib_a-malloc.o)
                0x08006848                free
 .text._malloc_r
                0x08006858      0x55c c:/program files (x86)/gnu tools arm embedded/4.7 2013q3/bin/../lib/gcc/arm-none-eabi/4.7.4/../../../../arm-none-eabi/lib/armv7e-m/softfp\libc.a(lib_a-mallocr.o)
                0x08006858                _malloc_r
 .text.memcpy   0x08006db4      0x144 c:/program files (x86)/gnu tools arm embedded/4.7 2013q3/bin/../lib/gcc/arm-none-eabi/4.7.4/../../../../arm-none-eabi/lib/armv7e-m/softfp\libc.a(lib_a-memcpy.o)
                0x08006db4                memcpy
 .text.memset   0x08006ef8      0x12c c:/program files (x86)/gnu tools arm embedded/4.7 2013q3/bin/../lib/gcc/arm-none-eabi/4.7.4/../../../../arm-none-eabi/lib/armv7e-m/softfp\libc.a(lib_a-memset.o)
                0x08006ef8                memset
 .text.__malloc_lock
                0x08007024        0x4 c:/program files (x86)/gnu tools arm embedded/4.7 2013q3/bin/../lib/gcc/arm-none-eabi/4.7.4/../../../../arm-none-eabi/lib/armv7e-m/softfp\libc.a(lib_a-mlock.o)
                0x08007024                __malloc_lock
 .text.__malloc_unlock
                0x08007028        0x4 c:/program files (x86)/gnu tools arm embedded/4.7 2013q3/bin/../lib/gcc/arm-none-eabi/4.7.4/../../../../arm-none-eabi/lib/armv7e-m/softfp\libc.a(lib_a-mlock.o)
                0x08007028                __malloc_unlock
 .text._sbrk_r  0x0800702c       0x24 c:/program files (x86)/gnu tools arm embedded/4.7 2013q3/bin/../lib/gcc/arm-none-eabi/4.7.4/../../../../arm-none-eabi/lib/armv7e-m/softfp\libc.a(lib_a-sbrkr.o)
                0x0800702c                _sbrk_r
 .text.strncpy  0x08007050      0x110 c:/program files (x86)/gnu tools arm embedded/4.7 2013q3/bin/../lib/gcc/arm-none-eabi/4.7.4/../../../../arm-none-eabi/lib/armv7e-m/softfp\libc.a(lib_a-strncpy.o)
                0x08007050                strncpy
 .text._malloc_trim_r
                0x08007160       0x98 c:/program files (x86)/gnu tools arm embedded/4.7 2013q3/bin/../lib/gcc/arm-none-eabi/4.7.4/../../../../arm-none-eabi/lib/armv7e-m/softfp\libc.a(lib_a-freer.o)
                0x08007160                _malloc_trim_r
 .text._free_r  0x080071f8      0x194 c:/program files (x86)/gnu tools arm embedded/4.7 2013q3/bin/../lib/gcc/arm-none-eabi/4.7.4/../../../../arm-none-eabi/lib/armv7e-m/softfp\libc.a(lib_a-freer.o)
                0x080071f8                _free_r
 *(.glue_7t)
 .glue_7t       0x00000000        0x0 linker stubs
 *(.glue_7)
 .glue_7        0x00000000        0x0 linker stubs
 *(.rodata .rodata* .gnu.linkonce.r.*)
 .rodata        0x0800738c      0x148 ..\obj\imu.o
 .rodata        0x080074d4       0x80 ..\obj\zigbee.o
 .rodata        0x08007554      0x13c ..\obj\telemeter.o
 .rodata        0x08007690       0xbc ..\obj\flight.o
                0x08007690                xStationaryFlightMvt
                0x080076a8                xStationaryFlightCmd
 .rodata        0x0800774c       0x24 ..\obj\printf.o
 .rodata        0x08007770      0x9b8 ..\obj\drone.o
                0x08007770                xDfltDroneConfig
                0x080077a8                xInitDroneState
 .rodata        0x08008128      0x198 ..\obj\tasks.o
 .rodata        0x080082c0       0x58 ..\obj\gps.o
 .rodata        0x08008318      0x178 ..\obj\queue.o
 .rodata        0x08008490      0x14c ..\obj\debug.o

.vfp11_veneer   0x080085dc        0x0
 .vfp11_veneer  0x00000000        0x0 linker stubs

.v4_bx          0x080085dc        0x0
 .v4_bx         0x00000000        0x0 linker stubs

.iplt           0x080085dc        0x0
 .iplt          0x00000000        0x0 ..\obj\semihosting.o

.rel.dyn        0x080085dc        0x0
 .rel.iplt      0x00000000        0x0 ..\obj\semihosting.o

.ARM.extab
 *(.ARM.extab* .gnu.linkonce.armextab.*)
                0x080085dc                __exidx_start = .

.ARM.exidx
 *(.ARM.exidx* .gnu.linkonce.armexidx.*)
                0x080085dc                __exidx_end = .
                0x080085dc                . = ALIGN (0x4)
                0x080085dc                _etext = .
                0x080085dc                _sidata = .

.data           0x20000000      0x86c load address 0x080085dc
                0x20000000                _sdata = .
 *(.data .data.*)
 .data          0x20000000       0x10 ..\obj\stm32f4xx_rcc.o
 .data          0x20000010      0x430 ..\obj\printf.o
                0x20000010                r
                0x20000438                _impure_ptr
 .data          0x20000440        0x4 ..\obj\tasks.o
 .data          0x20000444       0x14 ..\obj\system_stm32f4xx.o
                0x20000444                SystemCoreClock
                0x20000448                AHBPrescTable
 .data          0x20000458        0x4 ..\obj\port.o
 .data.__malloc_av_
                0x2000045c      0x408 c:/program files (x86)/gnu tools arm embedded/4.7 2013q3/bin/../lib/gcc/arm-none-eabi/4.7.4/../../../../arm-none-eabi/lib/armv7e-m/softfp\libc.a(lib_a-mallocr.o)
                0x2000045c                __malloc_av_
 .data.__malloc_trim_threshold
                0x20000864        0x4 c:/program files (x86)/gnu tools arm embedded/4.7 2013q3/bin/../lib/gcc/arm-none-eabi/4.7.4/../../../../arm-none-eabi/lib/armv7e-m/softfp\libc.a(lib_a-mallocr.o)
                0x20000864                __malloc_trim_threshold
 .data.__malloc_sbrk_base
                0x20000868        0x4 c:/program files (x86)/gnu tools arm embedded/4.7 2013q3/bin/../lib/gcc/arm-none-eabi/4.7.4/../../../../arm-none-eabi/lib/armv7e-m/softfp\libc.a(lib_a-mallocr.o)
                0x20000868                __malloc_sbrk_base
                0x2000086c                . = ALIGN (0x4)
                0x2000086c                _edata = .

.igot.plt       0x2000086c        0x0 load address 0x08008e48
 .igot.plt      0x00000000        0x0 ..\obj\semihosting.o

.bss            0x2000086c      0x1e4 load address 0x08008e48
                0x2000086c                _sbss = .
 *(.bss .bss.*)
 .bss           0x2000086c       0x80 ..\obj\drone.o
 .bss           0x200008ec      0x110 ..\obj\tasks.o
                0x200008ec                pxCurrentTCB
 .bss           0x200009fc        0x4 ..\obj\syscalls.o
 .bss.__malloc_max_total_mem
                0x20000a00        0x4 c:/program files (x86)/gnu tools arm embedded/4.7 2013q3/bin/../lib/gcc/arm-none-eabi/4.7.4/../../../../arm-none-eabi/lib/armv7e-m/softfp\libc.a(lib_a-mallocr.o)
                0x20000a00                __malloc_max_total_mem
 .bss.__malloc_max_sbrked_mem
                0x20000a04        0x4 c:/program files (x86)/gnu tools arm embedded/4.7 2013q3/bin/../lib/gcc/arm-none-eabi/4.7.4/../../../../arm-none-eabi/lib/armv7e-m/softfp\libc.a(lib_a-mallocr.o)
                0x20000a04                __malloc_max_sbrked_mem
 .bss.__malloc_top_pad
                0x20000a08        0x4 c:/program files (x86)/gnu tools arm embedded/4.7 2013q3/bin/../lib/gcc/arm-none-eabi/4.7.4/../../../../arm-none-eabi/lib/armv7e-m/softfp\libc.a(lib_a-mallocr.o)
                0x20000a08                __malloc_top_pad
 .bss.__malloc_current_mallinfo
                0x20000a0c       0x28 c:/program files (x86)/gnu tools arm embedded/4.7 2013q3/bin/../lib/gcc/arm-none-eabi/4.7.4/../../../../arm-none-eabi/lib/armv7e-m/softfp\libc.a(lib_a-mallocr.o)
                0x20000a0c                __malloc_current_mallinfo
 *(COMMON)
 COMMON         0x20000a34       0x18 ..\obj\drone.o
                0x20000a34                xDetectObstacleHandle
                0x20000a38                xFlightCtrlHandle
                0x20000a3c                xBatteryMonitoringHandle
                0x20000a40                xDroneState
                0x20000a44                xGPSReceiveHandle
                0x20000a48                xZigbeeReceiveHandle
 COMMON         0x20000a4c        0x4 c:/program files (x86)/gnu tools arm embedded/4.7 2013q3/bin/../lib/gcc/arm-none-eabi/4.7.4/../../../../arm-none-eabi/lib/armv7e-m/softfp\libc.a(lib_a-reent.o)
                0x20000a4c                errno
                0x20000a50                . = ALIGN (0x4)
                0x20000a50                _ebss = .

.co_stack       0x20000a50      0x800 load address 0x0800902c
                0x20000a50                . = ALIGN (0x8)
 *(.co_stack .co_stack.*)
 .co_stack      0x20000a50      0x800 ..\obj\startup_stm32f4xx.o
                0x20000a50                pulStack
                0x20001250                . = ALIGN (0x4)
                0x20001250                _end = .
LOAD ..\obj\semihosting.o
LOAD ..\obj\stm32f4xx_syscfg.o
LOAD ..\obj\imu.o
LOAD ..\obj\stm32f4xx_usart.o
LOAD ..\obj\zigbee.o
LOAD ..\obj\telemeter.o
LOAD ..\obj\pwm.o
LOAD ..\obj\stm32f4xx_dac.o
LOAD ..\obj\startup_stm32f4xx.o
LOAD ..\obj\stm32f4xx_rcc.o
LOAD ..\obj\timers.o
LOAD ..\obj\stm32f4xx_adc.o
LOAD ..\obj\flight.o
LOAD ..\obj\printf.o
LOAD ..\obj\drone.o
LOAD ..\obj\tasks.o
LOAD ..\obj\stm32f4xx_gpio.o
LOAD ..\obj\sh_cmd.o
LOAD ..\obj\list.o
LOAD ..\obj\system_stm32f4xx.o
LOAD ..\obj\syscalls.o
LOAD ..\obj\stm32f4xx_dma.o
LOAD ..\obj\gps.o
LOAD ..\obj\port.o
LOAD ..\obj\queue.o
LOAD ..\obj\debug.o
LOAD ..\obj\croutine.o
LOAD ..\obj\stm32f4xx_exti.o
LOAD ..\obj\misc.o
LOAD ..\obj\pid.o
LOAD c:/program files (x86)/gnu tools arm embedded/4.7 2013q3/bin/../lib/gcc/arm-none-eabi/4.7.4/../../../../arm-none-eabi/lib/armv7e-m/softfp\libm.a
LOAD c:/program files (x86)/gnu tools arm embedded/4.7 2013q3/bin/../lib/gcc/arm-none-eabi/4.7.4/armv7e-m/softfp\libgcc.a
LOAD c:/program files (x86)/gnu tools arm embedded/4.7 2013q3/bin/../lib/gcc/arm-none-eabi/4.7.4/../../../../arm-none-eabi/lib/armv7e-m/softfp\libc.a
LOAD c:/program files (x86)/gnu tools arm embedded/4.7 2013q3/bin/../lib/gcc/arm-none-eabi/4.7.4/../../../../arm-none-eabi/lib/armv7e-m/softfp\librdimon.a
START GROUP
LOAD c:/program files (x86)/gnu tools arm embedded/4.7 2013q3/bin/../lib/gcc/arm-none-eabi/4.7.4/armv7e-m/softfp\libgcc.a
LOAD c:/program files (x86)/gnu tools arm embedded/4.7 2013q3/bin/../lib/gcc/arm-none-eabi/4.7.4/../../../../arm-none-eabi/lib/armv7e-m/softfp\libg.a
LOAD c:/program files (x86)/gnu tools arm embedded/4.7 2013q3/bin/../lib/gcc/arm-none-eabi/4.7.4/../../../../arm-none-eabi/lib/armv7e-m/softfp\libc.a
END GROUP
OUTPUT(drone.elf elf32-littlearm)

.debug_info     0x00000000     0x835e
 .debug_info    0x00000000      0x652 ..\obj\imu.o
 .debug_info    0x00000652      0xa65 ..\obj\stm32f4xx_usart.o
 .debug_info    0x000010b7      0x393 ..\obj\zigbee.o
 .debug_info    0x0000144a      0x2df ..\obj\telemeter.o
 .debug_info    0x00001729      0x103 ..\obj\startup_stm32f4xx.o
 .debug_info    0x0000182c      0xd49 ..\obj\stm32f4xx_rcc.o
 .debug_info    0x00002575      0x4d8 ..\obj\flight.o
 .debug_info    0x00002a4d      0xf8e ..\obj\printf.o
 .debug_info    0x000039db     0x164e ..\obj\drone.o
 .debug_info    0x00005029      0xec0 ..\obj\tasks.o
 .debug_info    0x00005ee9      0x640 ..\obj\stm32f4xx_gpio.o
 .debug_info    0x00006529       0xc9 ..\obj\sh_cmd.o
 .debug_info    0x000065f2      0x2d8 ..\obj\list.o
 .debug_info    0x000068ca      0x5f5 ..\obj\system_stm32f4xx.o
 .debug_info    0x00006ebf      0x443 ..\obj\syscalls.o
 .debug_info    0x00007302      0x196 ..\obj\gps.o
 .debug_info    0x00007498      0x247 ..\obj\port.o
 .debug_info    0x000076df      0x798 ..\obj\queue.o
 .debug_info    0x00007e77      0x4e7 ..\obj\debug.o

.debug_abbrev   0x00000000     0x1989
 .debug_abbrev  0x00000000      0x1d8 ..\obj\imu.o
 .debug_abbrev  0x000001d8      0x157 ..\obj\stm32f4xx_usart.o
 .debug_abbrev  0x0000032f      0x10e ..\obj\zigbee.o
 .debug_abbrev  0x0000043d      0x137 ..\obj\telemeter.o
 .debug_abbrev  0x00000574       0xb2 ..\obj\startup_stm32f4xx.o
 .debug_abbrev  0x00000626      0x1e5 ..\obj\stm32f4xx_rcc.o
 .debug_abbrev  0x0000080b      0x11b ..\obj\flight.o
 .debug_abbrev  0x00000926      0x27a ..\obj\printf.o
 .debug_abbrev  0x00000ba0      0x239 ..\obj\drone.o
 .debug_abbrev  0x00000dd9      0x22e ..\obj\tasks.o
 .debug_abbrev  0x00001007      0x1a5 ..\obj\stm32f4xx_gpio.o
 .debug_abbrev  0x000011ac       0x14 ..\obj\sh_cmd.o
 .debug_abbrev  0x000011c0       0xb7 ..\obj\list.o
 .debug_abbrev  0x00001277      0x138 ..\obj\system_stm32f4xx.o
 .debug_abbrev  0x000013af       0xe4 ..\obj\syscalls.o
 .debug_abbrev  0x00001493      0x10e ..\obj\gps.o
 .debug_abbrev  0x000015a1      0x15d ..\obj\port.o
 .debug_abbrev  0x000016fe      0x14b ..\obj\queue.o
 .debug_abbrev  0x00001849      0x140 ..\obj\debug.o

.debug_loc      0x00000000     0x3b0c
 .debug_loc     0x00000000      0x1fa ..\obj\imu.o
 .debug_loc     0x000001fa      0x658 ..\obj\stm32f4xx_usart.o
 .debug_loc     0x00000852      0x118 ..\obj\zigbee.o
 .debug_loc     0x0000096a      0x1c0 ..\obj\telemeter.o
 .debug_loc     0x00000b2a       0x64 ..\obj\startup_stm32f4xx.o
 .debug_loc     0x00000b8e      0x97c ..\obj\stm32f4xx_rcc.o
 .debug_loc     0x0000150a      0x1c0 ..\obj\flight.o
 .debug_loc     0x000016ca      0x3ea ..\obj\printf.o
 .debug_loc     0x00001ab4      0xb80 ..\obj\drone.o
 .debug_loc     0x00002634      0x770 ..\obj\tasks.o
 .debug_loc     0x00002da4      0x310 ..\obj\stm32f4xx_gpio.o
 .debug_loc     0x000030b4      0x118 ..\obj\list.o
 .debug_loc     0x000031cc       0x9c ..\obj\system_stm32f4xx.o
 .debug_loc     0x00003268      0x1ec ..\obj\syscalls.o
 .debug_loc     0x00003454      0x118 ..\obj\gps.o
 .debug_loc     0x0000356c      0x178 ..\obj\port.o
 .debug_loc     0x000036e4      0x380 ..\obj\queue.o
 .debug_loc     0x00003a64       0xa8 ..\obj\debug.o

.debug_aranges  0x00000000      0xa70
 .debug_aranges
                0x00000000       0x60 ..\obj\imu.o
 .debug_aranges
                0x00000060      0x100 ..\obj\stm32f4xx_usart.o
 .debug_aranges
                0x00000160       0x40 ..\obj\zigbee.o
 .debug_aranges
                0x000001a0       0x58 ..\obj\telemeter.o
 .debug_aranges
                0x000001f8       0x28 ..\obj\startup_stm32f4xx.o
 .debug_aranges
                0x00000220      0x178 ..\obj\stm32f4xx_rcc.o
 .debug_aranges
                0x00000398       0x58 ..\obj\flight.o
 .debug_aranges
                0x000003f0       0xa0 ..\obj\printf.o
 .debug_aranges
                0x00000490      0x1c0 ..\obj\drone.o
 .debug_aranges
                0x00000650      0x130 ..\obj\tasks.o
 .debug_aranges
                0x00000780       0x88 ..\obj\stm32f4xx_gpio.o
 .debug_aranges
                0x00000808       0x20 ..\obj\sh_cmd.o
 .debug_aranges
                0x00000828       0x40 ..\obj\list.o
 .debug_aranges
                0x00000868       0x30 ..\obj\system_stm32f4xx.o
 .debug_aranges
                0x00000898       0x60 ..\obj\syscalls.o
 .debug_aranges
                0x000008f8       0x40 ..\obj\gps.o
 .debug_aranges
                0x00000938       0x70 ..\obj\port.o
 .debug_aranges
                0x000009a8       0x98 ..\obj\queue.o
 .debug_aranges
                0x00000a40       0x30 ..\obj\debug.o

.debug_ranges   0x00000000      0x930
 .debug_ranges  0x00000000       0x50 ..\obj\imu.o
 .debug_ranges  0x00000050       0xf0 ..\obj\stm32f4xx_usart.o
 .debug_ranges  0x00000140       0x30 ..\obj\zigbee.o
 .debug_ranges  0x00000170       0x48 ..\obj\telemeter.o
 .debug_ranges  0x000001b8       0x18 ..\obj\startup_stm32f4xx.o
 .debug_ranges  0x000001d0      0x168 ..\obj\stm32f4xx_rcc.o
 .debug_ranges  0x00000338       0x48 ..\obj\flight.o
 .debug_ranges  0x00000380       0x90 ..\obj\printf.o
 .debug_ranges  0x00000410      0x1b0 ..\obj\drone.o
 .debug_ranges  0x000005c0      0x120 ..\obj\tasks.o
 .debug_ranges  0x000006e0       0x78 ..\obj\stm32f4xx_gpio.o
 .debug_ranges  0x00000758       0x30 ..\obj\list.o
 .debug_ranges  0x00000788       0x20 ..\obj\system_stm32f4xx.o
 .debug_ranges  0x000007a8       0x50 ..\obj\syscalls.o
 .debug_ranges  0x000007f8       0x30 ..\obj\gps.o
 .debug_ranges  0x00000828       0x60 ..\obj\port.o
 .debug_ranges  0x00000888       0x88 ..\obj\queue.o
 .debug_ranges  0x00000910       0x20 ..\obj\debug.o

.debug_line     0x00000000     0x4376
 .debug_line    0x00000000      0x368 ..\obj\imu.o
 .debug_line    0x00000368      0x4cf ..\obj\stm32f4xx_usart.o
 .debug_line    0x00000837      0x24b ..\obj\zigbee.o
 .debug_line    0x00000a82      0x223 ..\obj\telemeter.o
 .debug_line    0x00000ca5       0xb8 ..\obj\startup_stm32f4xx.o
 .debug_line    0x00000d5d      0x5c6 ..\obj\stm32f4xx_rcc.o
 .debug_line    0x00001323      0x22a ..\obj\flight.o
 .debug_line    0x0000154d      0x46f ..\obj\printf.o
 .debug_line    0x000019bc      0x978 ..\obj\drone.o
 .debug_line    0x00002334      0x86e ..\obj\tasks.o
 .debug_line    0x00002ba2      0x36a ..\obj\stm32f4xx_gpio.o
 .debug_line    0x00002f0c       0x98 ..\obj\sh_cmd.o
 .debug_line    0x00002fa4      0x2bc ..\obj\list.o
 .debug_line    0x00003260      0x1e9 ..\obj\system_stm32f4xx.o
 .debug_line    0x00003449      0x1b8 ..\obj\syscalls.o
 .debug_line    0x00003601      0x1a4 ..\obj\gps.o
 .debug_line    0x000037a5      0x38e ..\obj\port.o
 .debug_line    0x00003b33      0x5df ..\obj\queue.o
 .debug_line    0x00004112      0x264 ..\obj\debug.o

.debug_str      0x00000000     0x387b
 .debug_str     0x00000000      0x4ff ..\obj\imu.o
                                0x565 (size before relaxing)
 .debug_str     0x000004ff      0x43a ..\obj\stm32f4xx_usart.o
                                0x648 (size before relaxing)
 .debug_str     0x00000939      0x35b ..\obj\zigbee.o
                                0x4d2 (size before relaxing)
 .debug_str     0x00000c94      0x202 ..\obj\telemeter.o
                                0x35f (size before relaxing)
 .debug_str     0x00000e96       0xc6 ..\obj\startup_stm32f4xx.o
                                0x12a (size before relaxing)
 .debug_str     0x00000f5c      0x5f9 ..\obj\stm32f4xx_rcc.o
                                0x809 (size before relaxing)
 .debug_str     0x00001555      0x16c ..\obj\flight.o
                                0x41c (size before relaxing)
 .debug_str     0x000016c1      0x4c8 ..\obj\printf.o
                                0x66e (size before relaxing)
 .debug_str     0x00001b89      0x9f4 ..\obj\drone.o
                               0x10cb (size before relaxing)
 .debug_str     0x0000257d      0x880 ..\obj\tasks.o
                                0xa19 (size before relaxing)
 .debug_str     0x00002dfd      0x1b9 ..\obj\stm32f4xx_gpio.o
                                0x45c (size before relaxing)
 .debug_str     0x00002fb6       0xe1 ..\obj\list.o
                                0x2c4 (size before relaxing)
 .debug_str     0x00003097       0xda ..\obj\system_stm32f4xx.o
                                0x363 (size before relaxing)
 .debug_str     0x00003171      0x160 ..\obj\syscalls.o
                                0x2c9 (size before relaxing)
 .debug_str     0x000032d1       0xa5 ..\obj\gps.o
                                0x215 (size before relaxing)
 .debug_str     0x00003376      0x166 ..\obj\port.o
                                0x2f0 (size before relaxing)
 .debug_str     0x000034dc      0x2ea ..\obj\queue.o
                                0x54e (size before relaxing)
 .debug_str     0x000037c6       0xb5 ..\obj\debug.o
                                0x49a (size before relaxing)

.comment        0x00000000       0x70
 .comment       0x00000000       0x70 ..\obj\imu.o
                                 0x71 (size before relaxing)
 .comment       0x00000000       0x71 ..\obj\stm32f4xx_usart.o
 .comment       0x00000000       0x71 ..\obj\zigbee.o
 .comment       0x00000000       0x71 ..\obj\telemeter.o
 .comment       0x00000000       0x71 ..\obj\startup_stm32f4xx.o
 .comment       0x00000000       0x71 ..\obj\stm32f4xx_rcc.o
 .comment       0x00000000       0x71 ..\obj\flight.o
 .comment       0x00000000       0x71 ..\obj\printf.o
 .comment       0x00000000       0x71 ..\obj\drone.o
 .comment       0x00000000       0x71 ..\obj\tasks.o
 .comment       0x00000000       0x71 ..\obj\stm32f4xx_gpio.o
 .comment       0x00000000       0x71 ..\obj\list.o
 .comment       0x00000000       0x71 ..\obj\system_stm32f4xx.o
 .comment       0x00000000       0x71 ..\obj\syscalls.o
 .comment       0x00000000       0x71 ..\obj\gps.o
 .comment       0x00000000       0x71 ..\obj\port.o
 .comment       0x00000000       0x71 ..\obj\queue.o
 .comment       0x00000000       0x71 ..\obj\debug.o

.ARM.attributes
                0x00000000       0x37
 .ARM.attributes
                0x00000000       0x39 ..\obj\imu.o
 .ARM.attributes
                0x00000039       0x39 ..\obj\stm32f4xx_usart.o
 .ARM.attributes
                0x00000072       0x39 ..\obj\zigbee.o
 .ARM.attributes
                0x000000ab       0x39 ..\obj\telemeter.o
 .ARM.attributes
                0x000000e4       0x39 ..\obj\startup_stm32f4xx.o
 .ARM.attributes
                0x0000011d       0x39 ..\obj\stm32f4xx_rcc.o
 .ARM.attributes
                0x00000156       0x39 ..\obj\flight.o
 .ARM.attributes
                0x0000018f       0x39 ..\obj\printf.o
 .ARM.attributes
                0x000001c8       0x39 ..\obj\drone.o
 .ARM.attributes
                0x00000201       0x39 ..\obj\tasks.o
 .ARM.attributes
                0x0000023a       0x39 ..\obj\stm32f4xx_gpio.o
 .ARM.attributes
                0x00000273       0x27 ..\obj\sh_cmd.o
 .ARM.attributes
                0x0000029a       0x39 ..\obj\list.o
 .ARM.attributes
                0x000002d3       0x39 ..\obj\system_stm32f4xx.o
 .ARM.attributes
                0x0000030c       0x39 ..\obj\syscalls.o
 .ARM.attributes
                0x00000345       0x39 ..\obj\gps.o
 .ARM.attributes
                0x0000037e       0x39 ..\obj\port.o
 .ARM.attributes
                0x000003b7       0x39 ..\obj\queue.o
 .ARM.attributes
                0x000003f0       0x39 ..\obj\debug.o
 .ARM.attributes
                0x00000429       0x34 c:/program files (x86)/gnu tools arm embedded/4.7 2013q3/bin/../lib/gcc/arm-none-eabi/4.7.4/../../../../arm-none-eabi/lib/armv7e-m/softfp\libc.a(lib_a-malloc.o)
 .ARM.attributes
                0x0000045d       0x34 c:/program files (x86)/gnu tools arm embedded/4.7 2013q3/bin/../lib/gcc/arm-none-eabi/4.7.4/../../../../arm-none-eabi/lib/armv7e-m/softfp\libc.a(lib_a-mallocr.o)
 .ARM.attributes
                0x00000491       0x34 c:/program files (x86)/gnu tools arm embedded/4.7 2013q3/bin/../lib/gcc/arm-none-eabi/4.7.4/../../../../arm-none-eabi/lib/armv7e-m/softfp\libc.a(lib_a-memcpy.o)
 .ARM.attributes
                0x000004c5       0x34 c:/program files (x86)/gnu tools arm embedded/4.7 2013q3/bin/../lib/gcc/arm-none-eabi/4.7.4/../../../../arm-none-eabi/lib/armv7e-m/softfp\libc.a(lib_a-memset.o)
 .ARM.attributes
                0x000004f9       0x34 c:/program files (x86)/gnu tools arm embedded/4.7 2013q3/bin/../lib/gcc/arm-none-eabi/4.7.4/../../../../arm-none-eabi/lib/armv7e-m/softfp\libc.a(lib_a-mlock.o)
 .ARM.attributes
                0x0000052d       0x34 c:/program files (x86)/gnu tools arm embedded/4.7 2013q3/bin/../lib/gcc/arm-none-eabi/4.7.4/../../../../arm-none-eabi/lib/armv7e-m/softfp\libc.a(lib_a-sbrkr.o)
 .ARM.attributes
                0x00000561       0x34 c:/program files (x86)/gnu tools arm embedded/4.7 2013q3/bin/../lib/gcc/arm-none-eabi/4.7.4/../../../../arm-none-eabi/lib/armv7e-m/softfp\libc.a(lib_a-strncpy.o)
 .ARM.attributes
                0x00000595       0x34 c:/program files (x86)/gnu tools arm embedded/4.7 2013q3/bin/../lib/gcc/arm-none-eabi/4.7.4/../../../../arm-none-eabi/lib/armv7e-m/softfp\libc.a(lib_a-freer.o)
 .ARM.attributes
                0x000005c9       0x34 c:/program files (x86)/gnu tools arm embedded/4.7 2013q3/bin/../lib/gcc/arm-none-eabi/4.7.4/../../../../arm-none-eabi/lib/armv7e-m/softfp\libc.a(lib_a-reent.o)

.debug_frame    0x00000000     0x2410
 .debug_frame   0x00000000      0x134 ..\obj\imu.o
 .debug_frame   0x00000134      0x344 ..\obj\stm32f4xx_usart.o
 .debug_frame   0x00000478       0xbc ..\obj\zigbee.o
 .debug_frame   0x00000534      0x124 ..\obj\telemeter.o
 .debug_frame   0x00000658       0x48 ..\obj\startup_stm32f4xx.o
 .debug_frame   0x000006a0      0x4d8 ..\obj\stm32f4xx_rcc.o
 .debug_frame   0x00000b78      0x120 ..\obj\flight.o
 .debug_frame   0x00000c98      0x248 ..\obj\printf.o
 .debug_frame   0x00000ee0      0x6e8 ..\obj\drone.o
 .debug_frame   0x000015c8      0x458 ..\obj\tasks.o
 .debug_frame   0x00001a20      0x19c ..\obj\stm32f4xx_gpio.o
 .debug_frame   0x00001bbc       0x9c ..\obj\list.o
 .debug_frame   0x00001c58       0x64 ..\obj\system_stm32f4xx.o
 .debug_frame   0x00001cbc      0x108 ..\obj\syscalls.o
 .debug_frame   0x00001dc4       0xb4 ..\obj\gps.o
 .debug_frame   0x00001e78      0x110 ..\obj\port.o
 .debug_frame   0x00001f88      0x210 ..\obj\queue.o
 .debug_frame   0x00002198       0x70 ..\obj\debug.o
 .debug_frame   0x00002208       0x30 c:/program files (x86)/gnu tools arm embedded/4.7 2013q3/bin/../lib/gcc/arm-none-eabi/4.7.4/../../../../arm-none-eabi/lib/armv7e-m/softfp\libc.a(lib_a-malloc.o)
 .debug_frame   0x00002238       0x38 c:/program files (x86)/gnu tools arm embedded/4.7 2013q3/bin/../lib/gcc/arm-none-eabi/4.7.4/../../../../arm-none-eabi/lib/armv7e-m/softfp\libc.a(lib_a-mallocr.o)
 .debug_frame   0x00002270       0x30 c:/program files (x86)/gnu tools arm embedded/4.7 2013q3/bin/../lib/gcc/arm-none-eabi/4.7.4/../../../../arm-none-eabi/lib/armv7e-m/softfp\libc.a(lib_a-memcpy.o)
 .debug_frame   0x000022a0       0x2c c:/program files (x86)/gnu tools arm embedded/4.7 2013q3/bin/../lib/gcc/arm-none-eabi/4.7.4/../../../../arm-none-eabi/lib/armv7e-m/softfp\libc.a(lib_a-memset.o)
 .debug_frame   0x000022cc       0x30 c:/program files (x86)/gnu tools arm embedded/4.7 2013q3/bin/../lib/gcc/arm-none-eabi/4.7.4/../../../../arm-none-eabi/lib/armv7e-m/softfp\libc.a(lib_a-mlock.o)
 .debug_frame   0x000022fc       0x2c c:/program files (x86)/gnu tools arm embedded/4.7 2013q3/bin/../lib/gcc/arm-none-eabi/4.7.4/../../../../arm-none-eabi/lib/armv7e-m/softfp\libc.a(lib_a-sbrkr.o)
 .debug_frame   0x00002328       0x2c c:/program files (x86)/gnu tools arm embedded/4.7 2013q3/bin/../lib/gcc/arm-none-eabi/4.7.4/../../../../arm-none-eabi/lib/armv7e-m/softfp\libc.a(lib_a-strncpy.o)
 .debug_frame   0x00002354       0x50 c:/program files (x86)/gnu tools arm embedded/4.7 2013q3/bin/../lib/gcc/arm-none-eabi/4.7.4/../../../../arm-none-eabi/lib/armv7e-m/softfp\libc.a(lib_a-freer.o)
 .debug_frame   0x000023a4       0x6c c:/program files (x86)/gnu tools arm embedded/4.7 2013q3/bin/../lib/gcc/arm-none-eabi/4.7.4/../../../../arm-none-eabi/lib/armv7e-m/softfp\libc.a(lib_a-reent.o)
