Archive member included because of file (symbol)

c:/program files (x86)/gnu tools arm embedded/4.7 2013q3/bin/../lib/gcc/arm-none-eabi/4.7.4/../../../../arm-none-eabi/lib/armv7e-m/softfp\libc.a(lib_a-malloc.o)
                              ..\obj\tasks.o (malloc)
c:/program files (x86)/gnu tools arm embedded/4.7 2013q3/bin/../lib/gcc/arm-none-eabi/4.7.4/../../../../arm-none-eabi/lib/armv7e-m/softfp\libc.a(lib_a-mallocr.o)
                              c:/program files (x86)/gnu tools arm embedded/4.7 2013q3/bin/../lib/gcc/arm-none-eabi/4.7.4/../../../../arm-none-eabi/lib/armv7e-m/softfp\libc.a(lib_a-malloc.o) (_malloc_r)
c:/program files (x86)/gnu tools arm embedded/4.7 2013q3/bin/../lib/gcc/arm-none-eabi/4.7.4/../../../../arm-none-eabi/lib/armv7e-m/softfp\libc.a(lib_a-memcpy.o)
                              ..\obj\queue.o (memcpy)
c:/program files (x86)/gnu tools arm embedded/4.7 2013q3/bin/../lib/gcc/arm-none-eabi/4.7.4/../../../../arm-none-eabi/lib/armv7e-m/softfp\libc.a(lib_a-memset.o)
                              ..\obj\tasks.o (memset)
c:/program files (x86)/gnu tools arm embedded/4.7 2013q3/bin/../lib/gcc/arm-none-eabi/4.7.4/../../../../arm-none-eabi/lib/armv7e-m/softfp\libc.a(lib_a-mlock.o)
                              c:/program files (x86)/gnu tools arm embedded/4.7 2013q3/bin/../lib/gcc/arm-none-eabi/4.7.4/../../../../arm-none-eabi/lib/armv7e-m/softfp\libc.a(lib_a-mallocr.o) (__malloc_lock)
c:/program files (x86)/gnu tools arm embedded/4.7 2013q3/bin/../lib/gcc/arm-none-eabi/4.7.4/../../../../arm-none-eabi/lib/armv7e-m/softfp\libc.a(lib_a-sbrkr.o)
                              c:/program files (x86)/gnu tools arm embedded/4.7 2013q3/bin/../lib/gcc/arm-none-eabi/4.7.4/../../../../arm-none-eabi/lib/armv7e-m/softfp\libc.a(lib_a-mallocr.o) (_sbrk_r)
c:/program files (x86)/gnu tools arm embedded/4.7 2013q3/bin/../lib/gcc/arm-none-eabi/4.7.4/../../../../arm-none-eabi/lib/armv7e-m/softfp\libc.a(lib_a-strcat.o)
                              ..\obj\tasks.o (strcat)
c:/program files (x86)/gnu tools arm embedded/4.7 2013q3/bin/../lib/gcc/arm-none-eabi/4.7.4/../../../../arm-none-eabi/lib/armv7e-m/softfp\libc.a(lib_a-strcpy.o)
                              c:/program files (x86)/gnu tools arm embedded/4.7 2013q3/bin/../lib/gcc/arm-none-eabi/4.7.4/../../../../arm-none-eabi/lib/armv7e-m/softfp\libc.a(lib_a-strcat.o) (strcpy)
c:/program files (x86)/gnu tools arm embedded/4.7 2013q3/bin/../lib/gcc/arm-none-eabi/4.7.4/../../../../arm-none-eabi/lib/armv7e-m/softfp\libc.a(lib_a-strlen.o)
                              ..\obj\tasks.o (strlen)
c:/program files (x86)/gnu tools arm embedded/4.7 2013q3/bin/../lib/gcc/arm-none-eabi/4.7.4/../../../../arm-none-eabi/lib/armv7e-m/softfp\libc.a(lib_a-strncpy.o)
                              ..\obj\tasks.o (strncpy)
c:/program files (x86)/gnu tools arm embedded/4.7 2013q3/bin/../lib/gcc/arm-none-eabi/4.7.4/../../../../arm-none-eabi/lib/armv7e-m/softfp\libc.a(lib_a-freer.o)
                              c:/program files (x86)/gnu tools arm embedded/4.7 2013q3/bin/../lib/gcc/arm-none-eabi/4.7.4/../../../../arm-none-eabi/lib/armv7e-m/softfp\libc.a(lib_a-malloc.o) (_free_r)
c:/program files (x86)/gnu tools arm embedded/4.7 2013q3/bin/../lib/gcc/arm-none-eabi/4.7.4/../../../../arm-none-eabi/lib/armv7e-m/softfp\libc.a(lib_a-reent.o)
                              c:/program files (x86)/gnu tools arm embedded/4.7 2013q3/bin/../lib/gcc/arm-none-eabi/4.7.4/../../../../arm-none-eabi/lib/armv7e-m/softfp\libc.a(lib_a-sbrkr.o) (errno)

Allocating common symbols
Common symbol       size              file

errno               0x4               c:/program files (x86)/gnu tools arm embedded/4.7 2013q3/bin/../lib/gcc/arm-none-eabi/4.7.4/../../../../arm-none-eabi/lib/armv7e-m/softfp\libc.a(lib_a-reent.o)
xDetectObstacleHandle
                    0x4               ..\obj\drone.o
xFlightCtrlHandle   0x4               ..\obj\drone.o
xBatteryMonitoringHandle
                    0x4               ..\obj\drone.o
xDroneState         0x4               ..\obj\drone.o
xGPSReceiveHandle   0x4               ..\obj\drone.o
xZigbeeReceiveHandle
                    0x4               ..\obj\drone.o

Discarded input sections

 .text          0x00000000        0x0 ..\obj\semihosting.o
 .data          0x00000000        0x0 ..\obj\semihosting.o
 .bss           0x00000000       0x14 ..\obj\semihosting.o
 .text.SH_SendChar
                0x00000000       0x9c ..\obj\semihosting.o
 .text.SH_SendString
                0x00000000       0x28 ..\obj\semihosting.o
 .text.SH_GetChar
                0x00000000       0x4c ..\obj\semihosting.o
 .debug_info    0x00000000      0x135 ..\obj\semihosting.o
 .debug_abbrev  0x00000000       0xa0 ..\obj\semihosting.o
 .debug_loc     0x00000000       0xa8 ..\obj\semihosting.o
 .debug_aranges
                0x00000000       0x30 ..\obj\semihosting.o
 .debug_ranges  0x00000000       0x20 ..\obj\semihosting.o
 .debug_line    0x00000000       0xc7 ..\obj\semihosting.o
 .debug_str     0x00000000      0x171 ..\obj\semihosting.o
 .comment       0x00000000       0x71 ..\obj\semihosting.o
 .ARM.attributes
                0x00000000       0x39 ..\obj\semihosting.o
 .debug_frame   0x00000000       0x70 ..\obj\semihosting.o
 .text          0x00000000        0x0 ..\obj\stm32f4xx_syscfg.o
 .data          0x00000000        0x0 ..\obj\stm32f4xx_syscfg.o
 .bss           0x00000000        0x0 ..\obj\stm32f4xx_syscfg.o
 .text.SYSCFG_DeInit
                0x00000000       0x20 ..\obj\stm32f4xx_syscfg.o
 .text.SYSCFG_MemoryRemapConfig
                0x00000000       0x20 ..\obj\stm32f4xx_syscfg.o
 .text.SYSCFG_EXTILineConfig
                0x00000000       0xb0 ..\obj\stm32f4xx_syscfg.o
 .text.SYSCFG_ETH_MediaInterfaceConfig
                0x00000000       0x20 ..\obj\stm32f4xx_syscfg.o
 .text.SYSCFG_CompensationCellCmd
                0x00000000       0x20 ..\obj\stm32f4xx_syscfg.o
 .text.SYSCFG_GetCompensationCellStatus
                0x00000000       0x3c ..\obj\stm32f4xx_syscfg.o
 .debug_info    0x00000000      0x279 ..\obj\stm32f4xx_syscfg.o
 .debug_abbrev  0x00000000      0x133 ..\obj\stm32f4xx_syscfg.o
 .debug_loc     0x00000000      0x144 ..\obj\stm32f4xx_syscfg.o
 .debug_aranges
                0x00000000       0x48 ..\obj\stm32f4xx_syscfg.o
 .debug_ranges  0x00000000       0x38 ..\obj\stm32f4xx_syscfg.o
 .debug_line    0x00000000      0x239 ..\obj\stm32f4xx_syscfg.o
 .debug_str     0x00000000      0x2bc ..\obj\stm32f4xx_syscfg.o
 .comment       0x00000000       0x71 ..\obj\stm32f4xx_syscfg.o
 .ARM.attributes
                0x00000000       0x39 ..\obj\stm32f4xx_syscfg.o
 .debug_frame   0x00000000       0xbc ..\obj\stm32f4xx_syscfg.o
 .text          0x00000000        0x0 ..\obj\imu.o
 .data          0x00000000        0x0 ..\obj\imu.o
 .bss           0x00000000        0x0 ..\obj\imu.o
 .text.ucIMUTest
                0x00000000       0x60 ..\obj\imu.o
 .text          0x00000000        0x0 ..\obj\stm32f4xx_usart.o
 .data          0x00000000        0x0 ..\obj\stm32f4xx_usart.o
 .bss           0x00000000        0x0 ..\obj\stm32f4xx_usart.o
 .text.USART_DeInit
                0x00000000      0x100 ..\obj\stm32f4xx_usart.o
 .text.USART_StructInit
                0x00000000       0x44 ..\obj\stm32f4xx_usart.o
 .text.USART_ClockInit
                0x00000000       0x54 ..\obj\stm32f4xx_usart.o
 .text.USART_ClockStructInit
                0x00000000       0x34 ..\obj\stm32f4xx_usart.o
 .text.USART_SetPrescaler
                0x00000000       0x38 ..\obj\stm32f4xx_usart.o
 .text.USART_OverSampling8Cmd
                0x00000000       0x48 ..\obj\stm32f4xx_usart.o
 .text.USART_OneBitMethodCmd
                0x00000000       0x40 ..\obj\stm32f4xx_usart.o
 .text.USART_ReceiveData
                0x00000000       0x24 ..\obj\stm32f4xx_usart.o
 .text.USART_SetAddress
                0x00000000       0x38 ..\obj\stm32f4xx_usart.o
 .text.USART_ReceiverWakeUpCmd
                0x00000000       0x40 ..\obj\stm32f4xx_usart.o
 .text.USART_WakeUpConfig
                0x00000000       0x38 ..\obj\stm32f4xx_usart.o
 .text.USART_LINBreakDetectLengthConfig
                0x00000000       0x38 ..\obj\stm32f4xx_usart.o
 .text.USART_LINCmd
                0x00000000       0x40 ..\obj\stm32f4xx_usart.o
 .text.USART_SendBreak
                0x00000000       0x24 ..\obj\stm32f4xx_usart.o
 .text.USART_HalfDuplexCmd
                0x00000000       0x40 ..\obj\stm32f4xx_usart.o
 .text.USART_SetGuardTime
                0x00000000       0x3c ..\obj\stm32f4xx_usart.o
 .text.USART_SmartCardCmd
                0x00000000       0x40 ..\obj\stm32f4xx_usart.o
 .text.USART_SmartCardNACKCmd
                0x00000000       0x40 ..\obj\stm32f4xx_usart.o
 .text.USART_IrDAConfig
                0x00000000       0x38 ..\obj\stm32f4xx_usart.o
 .text.USART_IrDACmd
                0x00000000       0x40 ..\obj\stm32f4xx_usart.o
 .text.USART_DMACmd
                0x00000000       0x48 ..\obj\stm32f4xx_usart.o
 .text.USART_ITConfig
                0x00000000       0xa4 ..\obj\stm32f4xx_usart.o
 .text.USART_ClearFlag
                0x00000000       0x24 ..\obj\stm32f4xx_usart.o
 .text.USART_GetITStatus
                0x00000000       0xc4 ..\obj\stm32f4xx_usart.o
 .text.USART_ClearITPendingBit
                0x00000000       0x44 ..\obj\stm32f4xx_usart.o
 .text          0x00000000        0x0 ..\obj\zigbee.o
 .data          0x00000000        0x0 ..\obj\zigbee.o
 .bss           0x00000000        0x0 ..\obj\zigbee.o
 .text.ucZigbeeTest
                0x00000000       0x60 ..\obj\zigbee.o
 .text.vZigbeeSendData
                0x00000000       0x5c ..\obj\zigbee.o
 .text          0x00000000        0x0 ..\obj\telemeter.o
 .data          0x00000000        0x0 ..\obj\telemeter.o
 .bss           0x00000000        0x0 ..\obj\telemeter.o
 .text.ucTelemeterTest
                0x00000000       0x60 ..\obj\telemeter.o
 .text.ucTelemeterIdValid
                0x00000000       0xdc ..\obj\telemeter.o
 .text          0x00000000        0x0 ..\obj\pwm.o
 .data          0x00000000        0x0 ..\obj\pwm.o
 .bss           0x00000000        0x0 ..\obj\pwm.o
 .rodata        0x00000000       0x60 ..\obj\pwm.o
 .text.vPWMInit
                0x00000000       0x48 ..\obj\pwm.o
 .text.ucPWMInitTest
                0x00000000       0x50 ..\obj\pwm.o
 .text.ucPWMTest
                0x00000000       0x60 ..\obj\pwm.o
 .text.vPWMSet  0x00000000       0x5c ..\obj\pwm.o
 .debug_info    0x00000000      0x14b ..\obj\pwm.o
 .debug_abbrev  0x00000000       0xc4 ..\obj\pwm.o
 .debug_loc     0x00000000       0xe0 ..\obj\pwm.o
 .debug_aranges
                0x00000000       0x38 ..\obj\pwm.o
 .debug_ranges  0x00000000       0x28 ..\obj\pwm.o
 .debug_line    0x00000000      0x19d ..\obj\pwm.o
 .debug_str     0x00000000      0x208 ..\obj\pwm.o
 .comment       0x00000000       0x71 ..\obj\pwm.o
 .ARM.attributes
                0x00000000       0x39 ..\obj\pwm.o
 .debug_frame   0x00000000       0x98 ..\obj\pwm.o
 .text          0x00000000        0x0 ..\obj\stm32f4xx_dac.o
 .data          0x00000000        0x0 ..\obj\stm32f4xx_dac.o
 .bss           0x00000000        0x0 ..\obj\stm32f4xx_dac.o
 .text.DAC_DeInit
                0x00000000       0x20 ..\obj\stm32f4xx_dac.o
 .text.DAC_Init
                0x00000000       0x74 ..\obj\stm32f4xx_dac.o
 .text.DAC_StructInit
                0x00000000       0x34 ..\obj\stm32f4xx_dac.o
 .text.DAC_Cmd  0x00000000       0x64 ..\obj\stm32f4xx_dac.o
 .text.DAC_SoftwareTriggerCmd
                0x00000000       0x6c ..\obj\stm32f4xx_dac.o
 .text.DAC_DualSoftwareTriggerCmd
                0x00000000       0x4c ..\obj\stm32f4xx_dac.o
 .text.DAC_WaveGenerationCmd
                0x00000000       0x60 ..\obj\stm32f4xx_dac.o
 .text.DAC_SetChannel1Data
                0x00000000       0x38 ..\obj\stm32f4xx_dac.o
 .text.DAC_SetChannel2Data
                0x00000000       0x38 ..\obj\stm32f4xx_dac.o
 .text.DAC_SetDualChannelData
                0x00000000       0x64 ..\obj\stm32f4xx_dac.o
 .text.DAC_GetDataOutputValue
                0x00000000       0x3c ..\obj\stm32f4xx_dac.o
 .text.DAC_DMACmd
                0x00000000       0x64 ..\obj\stm32f4xx_dac.o
 .text.DAC_ITConfig
                0x00000000       0x60 ..\obj\stm32f4xx_dac.o
 .text.DAC_GetFlagStatus
                0x00000000       0x44 ..\obj\stm32f4xx_dac.o
 .text.DAC_ClearFlag
                0x00000000       0x28 ..\obj\stm32f4xx_dac.o
 .text.DAC_GetITStatus
                0x00000000       0x68 ..\obj\stm32f4xx_dac.o
 .text.DAC_ClearITPendingBit
                0x00000000       0x28 ..\obj\stm32f4xx_dac.o
 .debug_info    0x00000000      0x68d ..\obj\stm32f4xx_dac.o
 .debug_abbrev  0x00000000      0x17e ..\obj\stm32f4xx_dac.o
 .debug_loc     0x00000000      0x3ac ..\obj\stm32f4xx_dac.o
 .debug_aranges
                0x00000000       0xa0 ..\obj\stm32f4xx_dac.o
 .debug_ranges  0x00000000       0x90 ..\obj\stm32f4xx_dac.o
 .debug_line    0x00000000      0x39b ..\obj\stm32f4xx_dac.o
 .debug_str     0x00000000      0x410 ..\obj\stm32f4xx_dac.o
 .comment       0x00000000       0x71 ..\obj\stm32f4xx_dac.o
 .ARM.attributes
                0x00000000       0x39 ..\obj\stm32f4xx_dac.o
 .debug_frame   0x00000000      0x1ec ..\obj\stm32f4xx_dac.o
 .text          0x00000000        0x0 ..\obj\startup_stm32f4xx.o
 .data          0x00000000        0x0 ..\obj\startup_stm32f4xx.o
 .bss           0x00000000        0x0 ..\obj\startup_stm32f4xx.o
 .text          0x00000000        0x0 ..\obj\stm32f4xx_rcc.o
 .bss           0x00000000        0x0 ..\obj\stm32f4xx_rcc.o
 .text.RCC_DeInit
                0x00000000       0x84 ..\obj\stm32f4xx_rcc.o
 .text.RCC_HSEConfig
                0x00000000       0x30 ..\obj\stm32f4xx_rcc.o
 .text.RCC_WaitForHSEStartUp
                0x00000000       0x64 ..\obj\stm32f4xx_rcc.o
 .text.RCC_AdjustHSICalibrationValue
                0x00000000       0x48 ..\obj\stm32f4xx_rcc.o
 .text.RCC_HSICmd
                0x00000000       0x20 ..\obj\stm32f4xx_rcc.o
 .text.RCC_LSEConfig
                0x00000000       0x60 ..\obj\stm32f4xx_rcc.o
 .text.RCC_LSICmd
                0x00000000       0x20 ..\obj\stm32f4xx_rcc.o
 .text.RCC_PLLConfig
                0x00000000       0x48 ..\obj\stm32f4xx_rcc.o
 .text.RCC_PLLCmd
                0x00000000       0x20 ..\obj\stm32f4xx_rcc.o
 .text.RCC_PLLI2SConfig
                0x00000000       0x30 ..\obj\stm32f4xx_rcc.o
 .text.RCC_PLLI2SCmd
                0x00000000       0x20 ..\obj\stm32f4xx_rcc.o
 .text.RCC_ClockSecuritySystemCmd
                0x00000000       0x20 ..\obj\stm32f4xx_rcc.o
 .text.RCC_MCO1Config
                0x00000000       0x48 ..\obj\stm32f4xx_rcc.o
 .text.RCC_MCO2Config
                0x00000000       0x48 ..\obj\stm32f4xx_rcc.o
 .text.RCC_SYSCLKConfig
                0x00000000       0x40 ..\obj\stm32f4xx_rcc.o
 .text.RCC_GetSYSCLKSource
                0x00000000       0x20 ..\obj\stm32f4xx_rcc.o
 .text.RCC_HCLKConfig
                0x00000000       0x40 ..\obj\stm32f4xx_rcc.o
 .text.RCC_PCLK1Config
                0x00000000       0x40 ..\obj\stm32f4xx_rcc.o
 .text.RCC_PCLK2Config
                0x00000000       0x44 ..\obj\stm32f4xx_rcc.o
 .text.RCC_RTCCLKConfig
                0x00000000       0x74 ..\obj\stm32f4xx_rcc.o
 .text.RCC_RTCCLKCmd
                0x00000000       0x20 ..\obj\stm32f4xx_rcc.o
 .text.RCC_BackupResetCmd
                0x00000000       0x20 ..\obj\stm32f4xx_rcc.o
 .text.RCC_I2SCLKConfig
                0x00000000       0x20 ..\obj\stm32f4xx_rcc.o
 .text.RCC_AHB2PeriphClockCmd
                0x00000000       0x54 ..\obj\stm32f4xx_rcc.o
 .text.RCC_AHB3PeriphClockCmd
                0x00000000       0x54 ..\obj\stm32f4xx_rcc.o
 .text.RCC_AHB1PeriphResetCmd
                0x00000000       0x54 ..\obj\stm32f4xx_rcc.o
 .text.RCC_AHB2PeriphResetCmd
                0x00000000       0x54 ..\obj\stm32f4xx_rcc.o
 .text.RCC_AHB3PeriphResetCmd
                0x00000000       0x54 ..\obj\stm32f4xx_rcc.o
 .text.RCC_APB1PeriphResetCmd
                0x00000000       0x54 ..\obj\stm32f4xx_rcc.o
 .text.RCC_APB2PeriphResetCmd
                0x00000000       0x54 ..\obj\stm32f4xx_rcc.o
 .text.RCC_AHB1PeriphClockLPModeCmd
                0x00000000       0x54 ..\obj\stm32f4xx_rcc.o
 .text.RCC_AHB2PeriphClockLPModeCmd
                0x00000000       0x54 ..\obj\stm32f4xx_rcc.o
 .text.RCC_AHB3PeriphClockLPModeCmd
                0x00000000       0x54 ..\obj\stm32f4xx_rcc.o
 .text.RCC_APB1PeriphClockLPModeCmd
                0x00000000       0x54 ..\obj\stm32f4xx_rcc.o
 .text.RCC_APB2PeriphClockLPModeCmd
                0x00000000       0x54 ..\obj\stm32f4xx_rcc.o
 .text.RCC_ITConfig
                0x00000000       0x60 ..\obj\stm32f4xx_rcc.o
 .text.RCC_GetFlagStatus
                0x00000000       0x90 ..\obj\stm32f4xx_rcc.o
 .text.RCC_ClearFlag
                0x00000000       0x24 ..\obj\stm32f4xx_rcc.o
 .text.RCC_GetITStatus
                0x00000000       0x40 ..\obj\stm32f4xx_rcc.o
 .text.RCC_ClearITPendingBit
                0x00000000       0x20 ..\obj\stm32f4xx_rcc.o
 .text          0x00000000        0x0 ..\obj\timers.o
 .data          0x00000000        0x0 ..\obj\timers.o
 .bss           0x00000000        0x0 ..\obj\timers.o
 .debug_info    0x00000000       0x90 ..\obj\timers.o
 .debug_abbrev  0x00000000       0x4b ..\obj\timers.o
 .debug_aranges
                0x00000000       0x18 ..\obj\timers.o
 .debug_line    0x00000000       0xfd ..\obj\timers.o
 .debug_str     0x00000000      0x19d ..\obj\timers.o
 .comment       0x00000000       0x71 ..\obj\timers.o
 .ARM.attributes
                0x00000000       0x39 ..\obj\timers.o
 .text          0x00000000        0x0 ..\obj\stm32f4xx_adc.o
 .data          0x00000000        0x0 ..\obj\stm32f4xx_adc.o
 .bss           0x00000000        0x0 ..\obj\stm32f4xx_adc.o
 .text.ADC_DeInit
                0x00000000       0x20 ..\obj\stm32f4xx_adc.o
 .text.ADC_Init
                0x00000000       0xb8 ..\obj\stm32f4xx_adc.o
 .text.ADC_StructInit
                0x00000000       0x4c ..\obj\stm32f4xx_adc.o
 .text.ADC_CommonInit
                0x00000000       0x5c ..\obj\stm32f4xx_adc.o
 .text.ADC_CommonStructInit
                0x00000000       0x34 ..\obj\stm32f4xx_adc.o
 .text.ADC_Cmd  0x00000000       0x38 ..\obj\stm32f4xx_adc.o
 .text.ADC_AnalogWatchdogCmd
                0x00000000       0x3c ..\obj\stm32f4xx_adc.o
 .text.ADC_AnalogWatchdogThresholdsConfig
                0x00000000       0x28 ..\obj\stm32f4xx_adc.o
 .text.ADC_AnalogWatchdogSingleChannelConfig
                0x00000000       0x38 ..\obj\stm32f4xx_adc.o
 .text.ADC_TempSensorVrefintCmd
                0x00000000       0x4c ..\obj\stm32f4xx_adc.o
 .text.ADC_VBATCmd
                0x00000000       0x4c ..\obj\stm32f4xx_adc.o
 .text.ADC_RegularChannelConfig
                0x00000000      0x1bc ..\obj\stm32f4xx_adc.o
 .text.ADC_SoftwareStartConv
                0x00000000       0x20 ..\obj\stm32f4xx_adc.o
 .text.ADC_GetSoftwareStartConvStatus
                0x00000000       0x38 ..\obj\stm32f4xx_adc.o
 .text.ADC_EOCOnEachRegularChannelCmd
                0x00000000       0x38 ..\obj\stm32f4xx_adc.o
 .text.ADC_ContinuousModeCmd
                0x00000000       0x38 ..\obj\stm32f4xx_adc.o
 .text.ADC_DiscModeChannelCountConfig
                0x00000000       0x4c ..\obj\stm32f4xx_adc.o
 .text.ADC_DiscModeCmd
                0x00000000       0x38 ..\obj\stm32f4xx_adc.o
 .text.ADC_GetConversionValue
                0x00000000       0x1c ..\obj\stm32f4xx_adc.o
 .text.ADC_GetMultiModeConversionValue
                0x00000000       0x18 ..\obj\stm32f4xx_adc.o
 .text.ADC_DMACmd
                0x00000000       0x38 ..\obj\stm32f4xx_adc.o
 .text.ADC_DMARequestAfterLastTransferCmd
                0x00000000       0x38 ..\obj\stm32f4xx_adc.o
 .text.ADC_MultiModeDMARequestAfterLastTransferCmd
                0x00000000       0x4c ..\obj\stm32f4xx_adc.o
 .text.ADC_InjectedChannelConfig
                0x00000000      0x144 ..\obj\stm32f4xx_adc.o
 .text.ADC_InjectedSequencerLengthConfig
                0x00000000       0x4c ..\obj\stm32f4xx_adc.o
 .text.ADC_SetInjectedOffset
                0x00000000       0x34 ..\obj\stm32f4xx_adc.o
 .text.ADC_ExternalTrigInjectedConvConfig
                0x00000000       0x38 ..\obj\stm32f4xx_adc.o
 .text.ADC_ExternalTrigInjectedConvEdgeConfig
                0x00000000       0x38 ..\obj\stm32f4xx_adc.o
 .text.ADC_SoftwareStartInjectedConv
                0x00000000       0x20 ..\obj\stm32f4xx_adc.o
 .text.ADC_GetSoftwareStartInjectedConvCmdStatus
                0x00000000       0x38 ..\obj\stm32f4xx_adc.o
 .text.ADC_AutoInjectedConvCmd
                0x00000000       0x38 ..\obj\stm32f4xx_adc.o
 .text.ADC_InjectedDiscModeCmd
                0x00000000       0x38 ..\obj\stm32f4xx_adc.o
 .text.ADC_GetInjectedConversionValue
                0x00000000       0x34 ..\obj\stm32f4xx_adc.o
 .text.ADC_ITConfig
                0x00000000       0x58 ..\obj\stm32f4xx_adc.o
 .text.ADC_GetFlagStatus
                0x00000000       0x3c ..\obj\stm32f4xx_adc.o
 .text.ADC_ClearFlag
                0x00000000       0x20 ..\obj\stm32f4xx_adc.o
 .text.ADC_GetITStatus
                0x00000000       0x6c ..\obj\stm32f4xx_adc.o
 .text.ADC_ClearITPendingBit
                0x00000000       0x30 ..\obj\stm32f4xx_adc.o
 .debug_info    0x00000000      0xd14 ..\obj\stm32f4xx_adc.o
 .debug_abbrev  0x00000000      0x198 ..\obj\stm32f4xx_adc.o
 .debug_loc     0x00000000      0x838 ..\obj\stm32f4xx_adc.o
 .debug_aranges
                0x00000000      0x148 ..\obj\stm32f4xx_adc.o
 .debug_ranges  0x00000000      0x138 ..\obj\stm32f4xx_adc.o
 .debug_line    0x00000000      0x58f ..\obj\stm32f4xx_adc.o
 .debug_str     0x00000000      0x7c1 ..\obj\stm32f4xx_adc.o
 .comment       0x00000000       0x71 ..\obj\stm32f4xx_adc.o
 .ARM.attributes
                0x00000000       0x39 ..\obj\stm32f4xx_adc.o
 .debug_frame   0x00000000      0x434 ..\obj\stm32f4xx_adc.o
 .text          0x00000000        0x0 ..\obj\flight.o
 .data          0x00000000        0x0 ..\obj\flight.o
 .bss           0x00000000        0x0 ..\obj\flight.o
 .text.ucFlightStationary
                0x00000000       0x8c ..\obj\flight.o
 .text          0x00000000        0x0 ..\obj\printf.o
 .bss           0x00000000        0x0 ..\obj\printf.o
 .text.snprintf
                0x00000000       0x34 ..\obj\printf.o
 .text.fprintf  0x00000000       0x30 ..\obj\printf.o
 .text.sprintf  0x00000000       0x30 ..\obj\printf.o
 .text          0x00000000        0x0 ..\obj\drone.o
 .data          0x00000000        0x0 ..\obj\drone.o
 .text          0x00000000        0x0 ..\obj\tasks.o
 .text.vTaskEndScheduler
                0x00000000       0x20 ..\obj\tasks.o
 .text.xTaskGetTickCountFromISR
                0x00000000       0x38 ..\obj\tasks.o
 .text.uxTaskGetNumberOfTasks
                0x00000000       0x18 ..\obj\tasks.o
 .text.vTaskGetRunTimeStats
                0x00000000      0x110 ..\obj\tasks.o
 .text.xTaskGetIdleTaskHandle
                0x00000000       0x64 ..\obj\tasks.o
 .text.vTaskSetApplicationTaskTag
                0x00000000       0x38 ..\obj\tasks.o
 .text.xTaskGetApplicationTaskTag
                0x00000000       0x3c ..\obj\tasks.o
 .text.xTaskCallApplicationTaskHook
                0x00000000       0x48 ..\obj\tasks.o
 .text.prvGenerateRunTimeStatsForTasksInList
                0x00000000      0x168 ..\obj\tasks.o
 .text.usTaskCheckFreeStackSpace
                0x00000000       0x38 ..\obj\tasks.o
 .text.uxTaskGetStackHighWaterMark
                0x00000000       0x3c ..\obj\tasks.o
 .text          0x00000000        0x0 ..\obj\stm32f4xx_gpio.o
 .data          0x00000000        0x0 ..\obj\stm32f4xx_gpio.o
 .bss           0x00000000        0x0 ..\obj\stm32f4xx_gpio.o
 .text.GPIO_DeInit
                0x00000000      0x178 ..\obj\stm32f4xx_gpio.o
 .text.GPIO_StructInit
                0x00000000       0x3c ..\obj\stm32f4xx_gpio.o
 .text.GPIO_PinLockConfig
                0x00000000       0x44 ..\obj\stm32f4xx_gpio.o
 .text.GPIO_ReadInputDataBit
                0x00000000       0x3c ..\obj\stm32f4xx_gpio.o
 .text.GPIO_ReadInputData
                0x00000000       0x1c ..\obj\stm32f4xx_gpio.o
 .text.GPIO_ReadOutputDataBit
                0x00000000       0x3c ..\obj\stm32f4xx_gpio.o
 .text.GPIO_ReadOutputData
                0x00000000       0x1c ..\obj\stm32f4xx_gpio.o
 .text.GPIO_SetBits
                0x00000000       0x1c ..\obj\stm32f4xx_gpio.o
 .text.GPIO_ResetBits
                0x00000000       0x1c ..\obj\stm32f4xx_gpio.o
 .text.GPIO_WriteBit
                0x00000000       0x30 ..\obj\stm32f4xx_gpio.o
 .text.GPIO_Write
                0x00000000       0x1c ..\obj\stm32f4xx_gpio.o
 .text.GPIO_ToggleBits
                0x00000000       0x24 ..\obj\stm32f4xx_gpio.o
 .data          0x00000000        0x0 ..\obj\sh_cmd.o
 .bss           0x00000000        0x0 ..\obj\sh_cmd.o
 .text          0x00000000        0x0 ..\obj\list.o
 .data          0x00000000        0x0 ..\obj\list.o
 .bss           0x00000000        0x0 ..\obj\list.o
 .text          0x00000000        0x0 ..\obj\system_stm32f4xx.o
 .bss           0x00000000        0x0 ..\obj\system_stm32f4xx.o
 .text          0x00000000        0x0 ..\obj\syscalls.o
 .data          0x00000000        0x0 ..\obj\syscalls.o
 .text.link     0x00000000       0x1c ..\obj\syscalls.o
 .text._close   0x00000000       0x18 ..\obj\syscalls.o
 .text._fstat   0x00000000       0x24 ..\obj\syscalls.o
 .text._isatty  0x00000000       0x18 ..\obj\syscalls.o
 .text._lseek   0x00000000       0x1c ..\obj\syscalls.o
 .text._read    0x00000000       0x1c ..\obj\syscalls.o
 .text._write   0x00000000       0x1c ..\obj\syscalls.o
 .text.abort    0x00000000        0x8 ..\obj\syscalls.o
 .text          0x00000000        0x0 ..\obj\stm32f4xx_dma.o
 .data          0x00000000        0x0 ..\obj\stm32f4xx_dma.o
 .bss           0x00000000        0x0 ..\obj\stm32f4xx_dma.o
 .text.DMA_DeInit
                0x00000000      0x244 ..\obj\stm32f4xx_dma.o
 .text.DMA_Init
                0x00000000       0xb0 ..\obj\stm32f4xx_dma.o
 .text.DMA_StructInit
                0x00000000       0x8c ..\obj\stm32f4xx_dma.o
 .text.DMA_Cmd  0x00000000       0x38 ..\obj\stm32f4xx_dma.o
 .text.DMA_PeriphIncOffsetSizeConfig
                0x00000000       0x34 ..\obj\stm32f4xx_dma.o
 .text.DMA_FlowControllerConfig
                0x00000000       0x34 ..\obj\stm32f4xx_dma.o
 .text.DMA_SetCurrDataCounter
                0x00000000       0x1c ..\obj\stm32f4xx_dma.o
 .text.DMA_GetCurrDataCounter
                0x00000000       0x1c ..\obj\stm32f4xx_dma.o
 .text.DMA_DoubleBufferModeConfig
                0x00000000       0x3c ..\obj\stm32f4xx_dma.o
 .text.DMA_DoubleBufferModeCmd
                0x00000000       0x38 ..\obj\stm32f4xx_dma.o
 .text.DMA_MemoryTargetConfig
                0x00000000       0x2c ..\obj\stm32f4xx_dma.o
 .text.DMA_GetCurrentMemoryTarget
                0x00000000       0x38 ..\obj\stm32f4xx_dma.o
 .text.DMA_GetCmdStatus
                0x00000000       0x38 ..\obj\stm32f4xx_dma.o
 .text.DMA_GetFIFOStatus
                0x00000000       0x28 ..\obj\stm32f4xx_dma.o
 .text.DMA_GetFlagStatus
                0x00000000       0x84 ..\obj\stm32f4xx_dma.o
 .text.DMA_ClearFlag
                0x00000000       0x60 ..\obj\stm32f4xx_dma.o
 .text.DMA_ITConfig
                0x00000000       0x74 ..\obj\stm32f4xx_dma.o
 .text.DMA_GetITStatus
                0x00000000       0xc0 ..\obj\stm32f4xx_dma.o
 .text.DMA_ClearITPendingBit
                0x00000000       0x60 ..\obj\stm32f4xx_dma.o
 .debug_info    0x00000000      0x7af ..\obj\stm32f4xx_dma.o
 .debug_abbrev  0x00000000      0x157 ..\obj\stm32f4xx_dma.o
 .debug_loc     0x00000000      0x428 ..\obj\stm32f4xx_dma.o
 .debug_aranges
                0x00000000       0xb0 ..\obj\stm32f4xx_dma.o
 .debug_ranges  0x00000000       0xa0 ..\obj\stm32f4xx_dma.o
 .debug_line    0x00000000      0x417 ..\obj\stm32f4xx_dma.o
 .debug_str     0x00000000      0x509 ..\obj\stm32f4xx_dma.o
 .comment       0x00000000       0x71 ..\obj\stm32f4xx_dma.o
 .ARM.attributes
                0x00000000       0x39 ..\obj\stm32f4xx_dma.o
 .debug_frame   0x00000000      0x224 ..\obj\stm32f4xx_dma.o
 .text          0x00000000        0x0 ..\obj\gps.o
 .data          0x00000000        0x0 ..\obj\gps.o
 .bss           0x00000000        0x0 ..\obj\gps.o
 .text.ucGPSTest
                0x00000000       0x60 ..\obj\gps.o
 .text          0x00000000        0x0 ..\obj\port.o
 .bss           0x00000000        0x0 ..\obj\port.o
 .rodata        0x00000000        0x4 ..\obj\port.o
 .text.vPortEndScheduler
                0x00000000        0xc ..\obj\port.o
 .text          0x00000000        0x0 ..\obj\queue.o
 .data          0x00000000        0x0 ..\obj\queue.o
 .bss           0x00000000        0x0 ..\obj\queue.o
 .text.xQueueCreateMutex
                0x00000000       0xdc ..\obj\queue.o
 .text.xQueueGenericSendFromISR
                0x00000000      0x170 ..\obj\queue.o
 .text.xQueueReceiveFromISR
                0x00000000      0x174 ..\obj\queue.o
 .text.uxQueueMessagesWaiting
                0x00000000       0x68 ..\obj\queue.o
 .text.uxQueueMessagesWaitingFromISR
                0x00000000       0x60 ..\obj\queue.o
 .text.vQueueDelete
                0x00000000       0x64 ..\obj\queue.o
 .text.xQueueIsQueueEmptyFromISR
                0x00000000       0x68 ..\obj\queue.o
 .text.xQueueIsQueueFullFromISR
                0x00000000       0x6c ..\obj\queue.o
 .text          0x00000000        0x0 ..\obj\debug.o
 .data          0x00000000        0x0 ..\obj\debug.o
 .bss           0x00000000        0x0 ..\obj\debug.o
 .text          0x00000000        0x0 ..\obj\croutine.o
 .data          0x00000000        0x0 ..\obj\croutine.o
 .bss           0x00000000       0x80 ..\obj\croutine.o
 .text.xCoRoutineCreate
                0x00000000       0xf4 ..\obj\croutine.o
 .text.vCoRoutineAddToDelayedList
                0x00000000       0xb4 ..\obj\croutine.o
 .text.prvCheckPendingReadyList
                0x00000000       0x9c ..\obj\croutine.o
 .text.prvCheckDelayedList
                0x00000000      0x170 ..\obj\croutine.o
 .text.vCoRoutineSchedule
                0x00000000       0xe8 ..\obj\croutine.o
 .text.prvInitialiseCoRoutineLists
                0x00000000       0x8c ..\obj\croutine.o
 .text.xCoRoutineRemoveFromEventList
                0x00000000       0x60 ..\obj\croutine.o
 .debug_info    0x00000000      0x4f5 ..\obj\croutine.o
 .debug_abbrev  0x00000000      0x19a ..\obj\croutine.o
 .debug_loc     0x00000000      0x188 ..\obj\croutine.o
 .debug_aranges
                0x00000000       0x50 ..\obj\croutine.o
 .debug_ranges  0x00000000       0x40 ..\obj\croutine.o
 .debug_line    0x00000000      0x39b ..\obj\croutine.o
 .debug_str     0x00000000      0x4dd ..\obj\croutine.o
 .comment       0x00000000       0x71 ..\obj\croutine.o
 .ARM.attributes
                0x00000000       0x39 ..\obj\croutine.o
 .debug_frame   0x00000000       0xf0 ..\obj\croutine.o
 .text          0x00000000        0x0 ..\obj\stm32f4xx_exti.o
 .data          0x00000000        0x0 ..\obj\stm32f4xx_exti.o
 .bss           0x00000000        0x0 ..\obj\stm32f4xx_exti.o
 .text.EXTI_DeInit
                0x00000000       0x54 ..\obj\stm32f4xx_exti.o
 .text.EXTI_Init
                0x00000000      0x138 ..\obj\stm32f4xx_exti.o
 .text.EXTI_StructInit
                0x00000000       0x34 ..\obj\stm32f4xx_exti.o
 .text.EXTI_GenerateSWInterrupt
                0x00000000       0x2c ..\obj\stm32f4xx_exti.o
 .text.EXTI_GetFlagStatus
                0x00000000       0x3c ..\obj\stm32f4xx_exti.o
 .text.EXTI_ClearFlag
                0x00000000       0x20 ..\obj\stm32f4xx_exti.o
 .text.EXTI_GetITStatus
                0x00000000       0x58 ..\obj\stm32f4xx_exti.o
 .text.EXTI_ClearITPendingBit
                0x00000000       0x20 ..\obj\stm32f4xx_exti.o
 .debug_info    0x00000000      0x373 ..\obj\stm32f4xx_exti.o
 .debug_abbrev  0x00000000      0x1a7 ..\obj\stm32f4xx_exti.o
 .debug_loc     0x00000000      0x1b4 ..\obj\stm32f4xx_exti.o
 .debug_aranges
                0x00000000       0x58 ..\obj\stm32f4xx_exti.o
 .debug_ranges  0x00000000       0x48 ..\obj\stm32f4xx_exti.o
 .debug_line    0x00000000      0x2e0 ..\obj\stm32f4xx_exti.o
 .debug_str     0x00000000      0x32b ..\obj\stm32f4xx_exti.o
 .comment       0x00000000       0x71 ..\obj\stm32f4xx_exti.o
 .ARM.attributes
                0x00000000       0x39 ..\obj\stm32f4xx_exti.o
 .debug_frame   0x00000000       0xec ..\obj\stm32f4xx_exti.o
 .text          0x00000000        0x0 ..\obj\misc.o
 .data          0x00000000        0x0 ..\obj\misc.o
 .bss           0x00000000        0x0 ..\obj\misc.o
 .text.NVIC_PriorityGroupConfig
                0x00000000       0x28 ..\obj\misc.o
 .text.NVIC_Init
                0x00000000       0xe4 ..\obj\misc.o
 .text.NVIC_SetVectorTable
                0x00000000       0x2c ..\obj\misc.o
 .text.NVIC_SystemLPConfig
                0x00000000       0x54 ..\obj\misc.o
 .text.SysTick_CLKSourceConfig
                0x00000000       0x4c ..\obj\misc.o
 .debug_info    0x00000000      0x592 ..\obj\misc.o
 .debug_abbrev  0x00000000      0x129 ..\obj\misc.o
 .debug_loc     0x00000000      0x118 ..\obj\misc.o
 .debug_aranges
                0x00000000       0x40 ..\obj\misc.o
 .debug_ranges  0x00000000       0x30 ..\obj\misc.o
 .debug_line    0x00000000      0x280 ..\obj\misc.o
 .debug_str     0x00000000      0x396 ..\obj\misc.o
 .comment       0x00000000       0x71 ..\obj\misc.o
 .ARM.attributes
                0x00000000       0x39 ..\obj\misc.o
 .debug_frame   0x00000000       0x9c ..\obj\misc.o
 .text          0x00000000        0x0 ..\obj\pid.o
 .data          0x00000000        0x0 ..\obj\pid.o
 .bss           0x00000000        0x0 ..\obj\pid.o
 .debug_info    0x00000000       0x90 ..\obj\pid.o
 .debug_abbrev  0x00000000       0x4b ..\obj\pid.o
 .debug_aranges
                0x00000000       0x18 ..\obj\pid.o
 .debug_line    0x00000000       0xfd ..\obj\pid.o
 .debug_str     0x00000000      0x18a ..\obj\pid.o
 .comment       0x00000000       0x71 ..\obj\pid.o
 .ARM.attributes
                0x00000000       0x39 ..\obj\pid.o
 .text          0x00000000        0x0 c:/program files (x86)/gnu tools arm embedded/4.7 2013q3/bin/../lib/gcc/arm-none-eabi/4.7.4/../../../../arm-none-eabi/lib/armv7e-m/softfp\libc.a(lib_a-malloc.o)
 .data          0x00000000        0x0 c:/program files (x86)/gnu tools arm embedded/4.7 2013q3/bin/../lib/gcc/arm-none-eabi/4.7.4/../../../../arm-none-eabi/lib/armv7e-m/softfp\libc.a(lib_a-malloc.o)
 .bss           0x00000000        0x0 c:/program files (x86)/gnu tools arm embedded/4.7 2013q3/bin/../lib/gcc/arm-none-eabi/4.7.4/../../../../arm-none-eabi/lib/armv7e-m/softfp\libc.a(lib_a-malloc.o)
 .text          0x00000000        0x0 c:/program files (x86)/gnu tools arm embedded/4.7 2013q3/bin/../lib/gcc/arm-none-eabi/4.7.4/../../../../arm-none-eabi/lib/armv7e-m/softfp\libc.a(lib_a-mallocr.o)
 .data          0x00000000        0x0 c:/program files (x86)/gnu tools arm embedded/4.7 2013q3/bin/../lib/gcc/arm-none-eabi/4.7.4/../../../../arm-none-eabi/lib/armv7e-m/softfp\libc.a(lib_a-mallocr.o)
 .bss           0x00000000        0x0 c:/program files (x86)/gnu tools arm embedded/4.7 2013q3/bin/../lib/gcc/arm-none-eabi/4.7.4/../../../../arm-none-eabi/lib/armv7e-m/softfp\libc.a(lib_a-mallocr.o)
 .text          0x00000000        0x0 c:/program files (x86)/gnu tools arm embedded/4.7 2013q3/bin/../lib/gcc/arm-none-eabi/4.7.4/../../../../arm-none-eabi/lib/armv7e-m/softfp\libc.a(lib_a-memcpy.o)
 .data          0x00000000        0x0 c:/program files (x86)/gnu tools arm embedded/4.7 2013q3/bin/../lib/gcc/arm-none-eabi/4.7.4/../../../../arm-none-eabi/lib/armv7e-m/softfp\libc.a(lib_a-memcpy.o)
 .bss           0x00000000        0x0 c:/program files (x86)/gnu tools arm embedded/4.7 2013q3/bin/../lib/gcc/arm-none-eabi/4.7.4/../../../../arm-none-eabi/lib/armv7e-m/softfp\libc.a(lib_a-memcpy.o)
 .text          0x00000000        0x0 c:/program files (x86)/gnu tools arm embedded/4.7 2013q3/bin/../lib/gcc/arm-none-eabi/4.7.4/../../../../arm-none-eabi/lib/armv7e-m/softfp\libc.a(lib_a-memset.o)
 .data          0x00000000        0x0 c:/program files (x86)/gnu tools arm embedded/4.7 2013q3/bin/../lib/gcc/arm-none-eabi/4.7.4/../../../../arm-none-eabi/lib/armv7e-m/softfp\libc.a(lib_a-memset.o)
 .bss           0x00000000        0x0 c:/program files (x86)/gnu tools arm embedded/4.7 2013q3/bin/../lib/gcc/arm-none-eabi/4.7.4/../../../../arm-none-eabi/lib/armv7e-m/softfp\libc.a(lib_a-memset.o)
 .text          0x00000000        0x0 c:/program files (x86)/gnu tools arm embedded/4.7 2013q3/bin/../lib/gcc/arm-none-eabi/4.7.4/../../../../arm-none-eabi/lib/armv7e-m/softfp\libc.a(lib_a-mlock.o)
 .data          0x00000000        0x0 c:/program files (x86)/gnu tools arm embedded/4.7 2013q3/bin/../lib/gcc/arm-none-eabi/4.7.4/../../../../arm-none-eabi/lib/armv7e-m/softfp\libc.a(lib_a-mlock.o)
 .bss           0x00000000        0x0 c:/program files (x86)/gnu tools arm embedded/4.7 2013q3/bin/../lib/gcc/arm-none-eabi/4.7.4/../../../../arm-none-eabi/lib/armv7e-m/softfp\libc.a(lib_a-mlock.o)
 .text          0x00000000        0x0 c:/program files (x86)/gnu tools arm embedded/4.7 2013q3/bin/../lib/gcc/arm-none-eabi/4.7.4/../../../../arm-none-eabi/lib/armv7e-m/softfp\libc.a(lib_a-sbrkr.o)
 .data          0x00000000        0x0 c:/program files (x86)/gnu tools arm embedded/4.7 2013q3/bin/../lib/gcc/arm-none-eabi/4.7.4/../../../../arm-none-eabi/lib/armv7e-m/softfp\libc.a(lib_a-sbrkr.o)
 .bss           0x00000000        0x0 c:/program files (x86)/gnu tools arm embedded/4.7 2013q3/bin/../lib/gcc/arm-none-eabi/4.7.4/../../../../arm-none-eabi/lib/armv7e-m/softfp\libc.a(lib_a-sbrkr.o)
 .text          0x00000000        0x0 c:/program files (x86)/gnu tools arm embedded/4.7 2013q3/bin/../lib/gcc/arm-none-eabi/4.7.4/../../../../arm-none-eabi/lib/armv7e-m/softfp\libc.a(lib_a-strcat.o)
 .data          0x00000000        0x0 c:/program files (x86)/gnu tools arm embedded/4.7 2013q3/bin/../lib/gcc/arm-none-eabi/4.7.4/../../../../arm-none-eabi/lib/armv7e-m/softfp\libc.a(lib_a-strcat.o)
 .bss           0x00000000        0x0 c:/program files (x86)/gnu tools arm embedded/4.7 2013q3/bin/../lib/gcc/arm-none-eabi/4.7.4/../../../../arm-none-eabi/lib/armv7e-m/softfp\libc.a(lib_a-strcat.o)
 .text.strcat   0x00000000       0x4c c:/program files (x86)/gnu tools arm embedded/4.7 2013q3/bin/../lib/gcc/arm-none-eabi/4.7.4/../../../../arm-none-eabi/lib/armv7e-m/softfp\libc.a(lib_a-strcat.o)
 .ARM.attributes
                0x00000000       0x34 c:/program files (x86)/gnu tools arm embedded/4.7 2013q3/bin/../lib/gcc/arm-none-eabi/4.7.4/../../../../arm-none-eabi/lib/armv7e-m/softfp\libc.a(lib_a-strcat.o)
 .debug_frame   0x00000000       0x2c c:/program files (x86)/gnu tools arm embedded/4.7 2013q3/bin/../lib/gcc/arm-none-eabi/4.7.4/../../../../arm-none-eabi/lib/armv7e-m/softfp\libc.a(lib_a-strcat.o)
 .text          0x00000000        0x0 c:/program files (x86)/gnu tools arm embedded/4.7 2013q3/bin/../lib/gcc/arm-none-eabi/4.7.4/../../../../arm-none-eabi/lib/armv7e-m/softfp\libc.a(lib_a-strcpy.o)
 .data          0x00000000        0x0 c:/program files (x86)/gnu tools arm embedded/4.7 2013q3/bin/../lib/gcc/arm-none-eabi/4.7.4/../../../../arm-none-eabi/lib/armv7e-m/softfp\libc.a(lib_a-strcpy.o)
 .bss           0x00000000        0x0 c:/program files (x86)/gnu tools arm embedded/4.7 2013q3/bin/../lib/gcc/arm-none-eabi/4.7.4/../../../../arm-none-eabi/lib/armv7e-m/softfp\libc.a(lib_a-strcpy.o)
 .text.strcpy   0x00000000       0xbc c:/program files (x86)/gnu tools arm embedded/4.7 2013q3/bin/../lib/gcc/arm-none-eabi/4.7.4/../../../../arm-none-eabi/lib/armv7e-m/softfp\libc.a(lib_a-strcpy.o)
 .ARM.attributes
                0x00000000       0x34 c:/program files (x86)/gnu tools arm embedded/4.7 2013q3/bin/../lib/gcc/arm-none-eabi/4.7.4/../../../../arm-none-eabi/lib/armv7e-m/softfp\libc.a(lib_a-strcpy.o)
 .debug_frame   0x00000000       0x20 c:/program files (x86)/gnu tools arm embedded/4.7 2013q3/bin/../lib/gcc/arm-none-eabi/4.7.4/../../../../arm-none-eabi/lib/armv7e-m/softfp\libc.a(lib_a-strcpy.o)
 .text          0x00000000        0x0 c:/program files (x86)/gnu tools arm embedded/4.7 2013q3/bin/../lib/gcc/arm-none-eabi/4.7.4/../../../../arm-none-eabi/lib/armv7e-m/softfp\libc.a(lib_a-strlen.o)
 .data          0x00000000        0x0 c:/program files (x86)/gnu tools arm embedded/4.7 2013q3/bin/../lib/gcc/arm-none-eabi/4.7.4/../../../../arm-none-eabi/lib/armv7e-m/softfp\libc.a(lib_a-strlen.o)
 .bss           0x00000000        0x0 c:/program files (x86)/gnu tools arm embedded/4.7 2013q3/bin/../lib/gcc/arm-none-eabi/4.7.4/../../../../arm-none-eabi/lib/armv7e-m/softfp\libc.a(lib_a-strlen.o)
 .text.strlen   0x00000000       0x60 c:/program files (x86)/gnu tools arm embedded/4.7 2013q3/bin/../lib/gcc/arm-none-eabi/4.7.4/../../../../arm-none-eabi/lib/armv7e-m/softfp\libc.a(lib_a-strlen.o)
 .ARM.attributes
                0x00000000       0x34 c:/program files (x86)/gnu tools arm embedded/4.7 2013q3/bin/../lib/gcc/arm-none-eabi/4.7.4/../../../../arm-none-eabi/lib/armv7e-m/softfp\libc.a(lib_a-strlen.o)
 .debug_frame   0x00000000       0x20 c:/program files (x86)/gnu tools arm embedded/4.7 2013q3/bin/../lib/gcc/arm-none-eabi/4.7.4/../../../../arm-none-eabi/lib/armv7e-m/softfp\libc.a(lib_a-strlen.o)
 .text          0x00000000        0x0 c:/program files (x86)/gnu tools arm embedded/4.7 2013q3/bin/../lib/gcc/arm-none-eabi/4.7.4/../../../../arm-none-eabi/lib/armv7e-m/softfp\libc.a(lib_a-strncpy.o)
 .data          0x00000000        0x0 c:/program files (x86)/gnu tools arm embedded/4.7 2013q3/bin/../lib/gcc/arm-none-eabi/4.7.4/../../../../arm-none-eabi/lib/armv7e-m/softfp\libc.a(lib_a-strncpy.o)
 .bss           0x00000000        0x0 c:/program files (x86)/gnu tools arm embedded/4.7 2013q3/bin/../lib/gcc/arm-none-eabi/4.7.4/../../../../arm-none-eabi/lib/armv7e-m/softfp\libc.a(lib_a-strncpy.o)
 .text          0x00000000        0x0 c:/program files (x86)/gnu tools arm embedded/4.7 2013q3/bin/../lib/gcc/arm-none-eabi/4.7.4/../../../../arm-none-eabi/lib/armv7e-m/softfp\libc.a(lib_a-freer.o)
 .data          0x00000000        0x0 c:/program files (x86)/gnu tools arm embedded/4.7 2013q3/bin/../lib/gcc/arm-none-eabi/4.7.4/../../../../arm-none-eabi/lib/armv7e-m/softfp\libc.a(lib_a-freer.o)
 .bss           0x00000000        0x0 c:/program files (x86)/gnu tools arm embedded/4.7 2013q3/bin/../lib/gcc/arm-none-eabi/4.7.4/../../../../arm-none-eabi/lib/armv7e-m/softfp\libc.a(lib_a-freer.o)
 .text          0x00000000        0x0 c:/program files (x86)/gnu tools arm embedded/4.7 2013q3/bin/../lib/gcc/arm-none-eabi/4.7.4/../../../../arm-none-eabi/lib/armv7e-m/softfp\libc.a(lib_a-reent.o)
 .data          0x00000000        0x0 c:/program files (x86)/gnu tools arm embedded/4.7 2013q3/bin/../lib/gcc/arm-none-eabi/4.7.4/../../../../arm-none-eabi/lib/armv7e-m/softfp\libc.a(lib_a-reent.o)
 .bss           0x00000000        0x0 c:/program files (x86)/gnu tools arm embedded/4.7 2013q3/bin/../lib/gcc/arm-none-eabi/4.7.4/../../../../arm-none-eabi/lib/armv7e-m/softfp\libc.a(lib_a-reent.o)
 .text.cleanup_glue
                0x00000000       0x1c c:/program files (x86)/gnu tools arm embedded/4.7 2013q3/bin/../lib/gcc/arm-none-eabi/4.7.4/../../../../arm-none-eabi/lib/armv7e-m/softfp\libc.a(lib_a-reent.o)
 .text._reclaim_reent
                0x00000000       0x8c c:/program files (x86)/gnu tools arm embedded/4.7 2013q3/bin/../lib/gcc/arm-none-eabi/4.7.4/../../../../arm-none-eabi/lib/armv7e-m/softfp\libc.a(lib_a-reent.o)
 .text._wrapup_reent
                0x00000000       0x74 c:/program files (x86)/gnu tools arm embedded/4.7 2013q3/bin/../lib/gcc/arm-none-eabi/4.7.4/../../../../arm-none-eabi/lib/armv7e-m/softfp\libc.a(lib_a-reent.o)

Memory Configuration

Name             Origin             Length             Attributes
rom              0x08000000         0x00100000         xr
ram              0x20000000         0x00020000         xrw
ram1             0x10000000         0x00010000         xrw
*default*        0x00000000         0xffffffff

Linker script and memory map

                0x20020000                _eram = 0x20020000

.text           0x08000000     0x89f4
 *(.isr_vector .isr_vector.*)
 .isr_vector    0x08000000      0x188 ..\obj\startup_stm32f4xx.o
                0x08000000                g_pfnVectors
 *(.text .text.* .gnu.linkonce.t.*)
 .text.vIMUInit
                0x08000188       0x4c ..\obj\imu.o
                0x08000188                vIMUInit
 .text.ucIMUInitTest
                0x080001d4       0x50 ..\obj\imu.o
                0x080001d4                ucIMUInitTest
 .text.vIMUGetData
                0x08000224       0x5c ..\obj\imu.o
                0x08000224                vIMUGetData
 .text.eIMUDataValid
                0x08000280       0xd4 ..\obj\imu.o
                0x08000280                eIMUDataValid
 .text.prvAltitudeValid
                0x08000354       0x2c ..\obj\imu.o
 .text.prvAngleValid
                0x08000380       0x78 ..\obj\imu.o
 .text.usart_init
                0x080003f8       0xe0 ..\obj\imu.o
 .text.USART_Init
                0x080004d8      0x1ac ..\obj\stm32f4xx_usart.o
                0x080004d8                USART_Init
 .text.USART_Cmd
                0x08000684       0x40 ..\obj\stm32f4xx_usart.o
                0x08000684                USART_Cmd
 .text.USART_SendData
                0x080006c4       0x28 ..\obj\stm32f4xx_usart.o
                0x080006c4                USART_SendData
 .text.USART_GetFlagStatus
                0x080006ec       0x40 ..\obj\stm32f4xx_usart.o
                0x080006ec                USART_GetFlagStatus
 .text.vZigbeeInit
                0x0800072c       0x48 ..\obj\zigbee.o
                0x0800072c                vZigbeeInit
 .text.ucZigbeeInitTest
                0x08000774       0x50 ..\obj\zigbee.o
                0x08000774                ucZigbeeInitTest
 .text.vZigbeeReceiveData
                0x080007c4       0x5c ..\obj\zigbee.o
                0x080007c4                vZigbeeReceiveData
 .text.prvTelemeterDistValid
                0x08000820       0xe0 ..\obj\telemeter.o
 .text.vTelemeterInit
                0x08000900       0x48 ..\obj\telemeter.o
                0x08000900                vTelemeterInit
 .text.ucTelemeterInitTest
                0x08000948       0x50 ..\obj\telemeter.o
                0x08000948                ucTelemeterInitTest
 .text.usTelemeterGetDist
                0x08000998       0x64 ..\obj\telemeter.o
                0x08000998                usTelemeterGetDist
 .text.ucTelemeterDataValid
                0x080009fc      0x12c ..\obj\telemeter.o
                0x080009fc                ucTelemeterDataValid
 .text.vTelemeterGetData
                0x08000b28       0x80 ..\obj\telemeter.o
                0x08000b28                vTelemeterGetData
 .text.Default_Reset_Handler
                0x08000ba8       0x7c ..\obj\startup_stm32f4xx.o
                0x08000ba8                Default_Reset_Handler
                0x08000ba8                Reset_Handler
 .text.Default_Handler
                0x08000c24        0x8 ..\obj\startup_stm32f4xx.o
                0x08000c24                RTC_Alarm_IRQHandler
                0x08000c24                HASH_RNG_IRQHandler
                0x08000c24                EXTI2_IRQHandler
                0x08000c24                TIM8_CC_IRQHandler
                0x08000c24                DebugMon_Handler
                0x08000c24                TIM1_CC_IRQHandler
                0x08000c24                DMA2_Stream5_IRQHandler
                0x08000c24                DMA1_Stream5_IRQHandler
                0x08000c24                PVD_IRQHandler
                0x08000c24                SDIO_IRQHandler
                0x08000c24                TAMP_STAMP_IRQHandler
                0x08000c24                NMI_Handler
                0x08000c24                CAN2_RX1_IRQHandler
                0x08000c24                EXTI3_IRQHandler
                0x08000c24                TIM8_TRG_COM_TIM14_IRQHandler
                0x08000c24                TIM1_UP_TIM10_IRQHandler
                0x08000c24                TIM8_UP_TIM13_IRQHandler
                0x08000c24                I2C3_ER_IRQHandler
                0x08000c24                EXTI0_IRQHandler
                0x08000c24                I2C2_EV_IRQHandler
                0x08000c24                DMA1_Stream2_IRQHandler
                0x08000c24                CAN1_RX0_IRQHandler
                0x08000c24                FPU_IRQHandler
                0x08000c24                OTG_HS_WKUP_IRQHandler
                0x08000c24                UsageFault_Handler
                0x08000c24                CAN2_SCE_IRQHandler
                0x08000c24                DMA2_Stream2_IRQHandler
                0x08000c24                SPI1_IRQHandler
                0x08000c24                TIM6_DAC_IRQHandler
                0x08000c24                TIM1_BRK_TIM9_IRQHandler
                0x08000c24                DCMI_IRQHandler
                0x08000c24                CAN2_RX0_IRQHandler
                0x08000c24                DMA2_Stream3_IRQHandler
                0x08000c24                USART6_IRQHandler
                0x08000c24                USART3_IRQHandler
                0x08000c24                CRYP_IRQHandler
                0x08000c24                CAN1_RX1_IRQHandler
                0x08000c24                UART5_IRQHandler
                0x08000c24                DMA2_Stream0_IRQHandler
                0x08000c24                TIM4_IRQHandler
                0x08000c24                I2C1_EV_IRQHandler
                0x08000c24                DMA1_Stream6_IRQHandler
                0x08000c24                DMA1_Stream1_IRQHandler
                0x08000c24                UART4_IRQHandler
                0x08000c24                TIM3_IRQHandler
                0x08000c24                RCC_IRQHandler
                0x08000c24                TIM8_BRK_TIM12_IRQHandler
                0x08000c24                EXTI15_10_IRQHandler
                0x08000c24                ADC_IRQHandler
                0x08000c24                DMA1_Stream7_IRQHandler
                0x08000c24                TIM7_IRQHandler
                0x08000c24                CAN2_TX_IRQHandler
                0x08000c24                TIM5_IRQHandler
                0x08000c24                DMA2_Stream7_IRQHandler
                0x08000c24                I2C3_EV_IRQHandler
                0x08000c24                EXTI9_5_IRQHandler
                0x08000c24                RTC_WKUP_IRQHandler
                0x08000c24                ETH_WKUP_IRQHandler
                0x08000c24                SPI2_IRQHandler
                0x08000c24                OTG_HS_EP1_IN_IRQHandler
                0x08000c24                MemManage_Handler
                0x08000c24                DMA1_Stream0_IRQHandler
                0x08000c24                CAN1_TX_IRQHandler
                0x08000c24                EXTI4_IRQHandler
                0x08000c24                FSMC_IRQHandler
                0x08000c24                ETH_IRQHandler
                0x08000c24                OTG_HS_EP1_OUT_IRQHandler
                0x08000c24                WWDG_IRQHandler
                0x08000c24                TIM2_IRQHandler
                0x08000c24                OTG_FS_WKUP_IRQHandler
                0x08000c24                TIM1_TRG_COM_TIM11_IRQHandler
                0x08000c24                OTG_HS_IRQHandler
                0x08000c24                EXTI1_IRQHandler
                0x08000c24                USART2_IRQHandler
                0x08000c24                I2C2_ER_IRQHandler
                0x08000c24                DMA2_Stream1_IRQHandler
                0x08000c24                CAN1_SCE_IRQHandler
                0x08000c24                FLASH_IRQHandler
                0x08000c24                DMA2_Stream4_IRQHandler
                0x08000c24                BusFault_Handler
                0x08000c24                USART1_IRQHandler
                0x08000c24                OTG_FS_IRQHandler
                0x08000c24                SPI3_IRQHandler
                0x08000c24                DMA1_Stream4_IRQHandler
                0x08000c24                I2C1_ER_IRQHandler
                0x08000c24                DMA2_Stream6_IRQHandler
                0x08000c24                DMA1_Stream3_IRQHandler
 .text.RCC_GetClocksFreq
                0x08000c2c      0x1cc ..\obj\stm32f4xx_rcc.o
                0x08000c2c                RCC_GetClocksFreq
 .text.RCC_AHB1PeriphClockCmd
                0x08000df8       0x54 ..\obj\stm32f4xx_rcc.o
                0x08000df8                RCC_AHB1PeriphClockCmd
 .text.RCC_APB1PeriphClockCmd
                0x08000e4c       0x54 ..\obj\stm32f4xx_rcc.o
                0x08000e4c                RCC_APB1PeriphClockCmd
 .text.RCC_APB2PeriphClockCmd
                0x08000ea0       0x54 ..\obj\stm32f4xx_rcc.o
                0x08000ea0                RCC_APB2PeriphClockCmd
 .text.ucFlightCmdValid
                0x08000ef4      0x108 ..\obj\flight.o
                0x08000ef4                ucFlightCmdValid
 .text.vFlightTakeoffMvt
                0x08000ffc       0x60 ..\obj\flight.o
                0x08000ffc                vFlightTakeoffMvt
 .text.vFlightLandMvt
                0x0800105c       0x60 ..\obj\flight.o
                0x0800105c                vFlightLandMvt
 .text.ucFlightAutotuneMvt
                0x080010bc       0x64 ..\obj\flight.o
                0x080010bc                ucFlightAutotuneMvt
 .text.vFlightCommandMvt
                0x08001120       0x60 ..\obj\flight.o
                0x08001120                vFlightCommandMvt
 .text.vFlightExecuteMvt
                0x08001180       0x5c ..\obj\flight.o
                0x08001180                vFlightExecuteMvt
 .text.PrintChar
                0x080011dc       0x1c ..\obj\printf.o
                0x080011dc                PrintChar
 .text.PutChar  0x080011f8       0x24 ..\obj\printf.o
                0x080011f8                PutChar
 .text.PutString
                0x0800121c       0x48 ..\obj\printf.o
                0x0800121c                PutString
 .text.PutUnsignedInt
                0x08001264       0xbc ..\obj\printf.o
                0x08001264                PutUnsignedInt
 .text.PutSignedInt
                0x08001320      0x12c ..\obj\printf.o
                0x08001320                PutSignedInt
 .text.PutHexa  0x0800144c       0xe8 ..\obj\printf.o
                0x0800144c                PutHexa
 .text.vsnprintf
                0x08001534      0x2a4 ..\obj\printf.o
                0x08001534                vsnprintf
 .text.vsprintf
                0x080017d8       0x28 ..\obj\printf.o
                0x080017d8                vsprintf
 .text.vfprintf
                0x08001800       0x6c ..\obj\printf.o
                0x08001800                vfprintf
 .text.vprintf  0x0800186c       0x2c ..\obj\printf.o
                0x0800186c                vprintf
 .text.printf   0x08001898       0x2c ..\obj\printf.o
                0x08001898                printf
 .text.puts     0x080018c4       0x28 ..\obj\printf.o
                0x080018c4                puts
 .text.fputc    0x080018ec       0x4c ..\obj\printf.o
                0x080018ec                fputc
 .text.fputs    0x08001938       0x50 ..\obj\printf.o
                0x08001938                fputs
 .text.NVIC_SetPriorityGrouping
                0x08001988       0x50 ..\obj\drone.o
 .text.NVIC_SystemReset
                0x080019d8       0x30 ..\obj\drone.o
 .text.main     0x08001a08      0x650 ..\obj\drone.o
                0x08001a08                main
 .text.prvDetectObstacleTask
                0x08002058      0x1ec ..\obj\drone.o
 .text.prvFlightCtrlTask
                0x08002244      0x380 ..\obj\drone.o
 .text.prvZigbeeReceiveTask
                0x080025c4      0x428 ..\obj\drone.o
 .text.prvBatteryMonitoringTask
                0x080029ec      0x190 ..\obj\drone.o
 .text.prvGPSReceiveTask
                0x08002b7c      0x110 ..\obj\drone.o
 .text.vApplicationIdleHook
                0x08002c8c       0xa4 ..\obj\drone.o
                0x08002c8c                vApplicationIdleHook
 .text.prvInitDroneConfig
                0x08002d30       0x84 ..\obj\drone.o
 .text.prvSetupHardware
                0x08002db4       0x18 ..\obj\drone.o
 .text.prvBatteryInit
                0x08002dcc       0x44 ..\obj\drone.o
 .text.prvInitPeriph
                0x08002e10       0x1c ..\obj\drone.o
 .text.prvInitTestPeriph
                0x08002e2c       0x74 ..\obj\drone.o
 .text.prvDroneConfigValid
                0x08002ea0       0x18 ..\obj\drone.o
 .text.prvBatteryValid
                0x08002eb8       0x18 ..\obj\drone.o
 .text.prvSendConfig
                0x08002ed0       0x4c ..\obj\drone.o
 .text.prvSendStatus
                0x08002f1c      0x3c8 ..\obj\drone.o
 .text.prvSendError
                0x080032e4      0x170 ..\obj\drone.o
 .text.prvResetDroneConfig
                0x08003454       0x14 ..\obj\drone.o
 .text.prvSelectErrorState
                0x08003468       0x40 ..\obj\drone.o
 .text.prvSafeSetIMUData
                0x080034a8       0x8c ..\obj\drone.o
 .text.prvSafeSetGPSData
                0x08003534       0x9c ..\obj\drone.o
 .text.prvSafeSetZigbeeData
                0x080035d0       0xa0 ..\obj\drone.o
 .text.prvSafeSetBatteryData
                0x08003670       0x88 ..\obj\drone.o
 .text.prvSafeSetDroneConfig
                0x080036f8       0x80 ..\obj\drone.o
 .text.prvSafeSetTelemeterData
                0x08003778       0x94 ..\obj\drone.o
 .text.prvSafeSetDroneState
                0x0800380c       0x80 ..\obj\drone.o
 .text.prvSafeGetIMUData
                0x0800388c       0x2c ..\obj\drone.o
 .text.prvSafeGetGPSData
                0x080038b8       0x3c ..\obj\drone.o
 .text.prvSafeGetZigbeeData
                0x080038f4       0x2c ..\obj\drone.o
 .text.prvSafeGetBatteryData
                0x08003920       0x2c ..\obj\drone.o
 .text.prvSafeGetDroneConfig
                0x0800394c       0x38 ..\obj\drone.o
 .text.prvSafeGetTelemeterData
                0x08003984       0x30 ..\obj\drone.o
 .text.prvSafeGetDroneState
                0x080039b4       0x28 ..\obj\drone.o
 .text.prvEnableVideo
                0x080039dc       0x58 ..\obj\drone.o
 .text.prvDisableVideo
                0x08003a34       0x58 ..\obj\drone.o
 .text.prvTakeoffDone
                0x08003a8c       0xcc ..\obj\drone.o
 .text.prvLandingDone
                0x08003b58       0x64 ..\obj\drone.o
 .text.prvObstacleDetected
                0x08003bbc       0x24 ..\obj\drone.o
 .text.prvTelemeterTimedout
                0x08003be0       0x3c ..\obj\drone.o
 .text.prvBatteryCritical
                0x08003c1c       0x28 ..\obj\drone.o
 .text.prvBatteryTimedout
                0x08003c44       0x3c ..\obj\drone.o
 .text.prvIMUTimedout
                0x08003c80       0x3c ..\obj\drone.o
 .text.prvGPSTimedout
                0x08003cbc       0x3c ..\obj\drone.o
 .text.prvZigbeeTimedout
                0x08003cf8       0x3c ..\obj\drone.o
 .text.prvFltCmdTimedout
                0x08003d34       0x3c ..\obj\drone.o
 .text.prvBatteryInitTest
                0x08003d70       0x50 ..\obj\drone.o
 .text.prvHandleTimouts
                0x08003dc0      0x154 ..\obj\drone.o
 .text.prvInitAltitude
                0x08003f14       0x24 ..\obj\drone.o
 .text.prvGetBatteryLvl
                0x08003f38       0x5c ..\obj\drone.o
 .text.prvReboot
                0x08003f94       0x54 ..\obj\drone.o
 .text.prvShutdown
                0x08003fe8       0x54 ..\obj\drone.o
 .text.xTaskGenericCreate
                0x0800403c      0x344 ..\obj\tasks.o
                0x0800403c                xTaskGenericCreate
 .text.vTaskDelayUntil
                0x08004380      0x190 ..\obj\tasks.o
                0x08004380                vTaskDelayUntil
 .text.uxTaskPriorityGet
                0x08004510       0x38 ..\obj\tasks.o
                0x08004510                uxTaskPriorityGet
 .text.vTaskStartScheduler
                0x08004548       0xbc ..\obj\tasks.o
                0x08004548                vTaskStartScheduler
 .text.vTaskSuspendAll
                0x08004604       0x24 ..\obj\tasks.o
                0x08004604                vTaskSuspendAll
 .text.xTaskResumeAll
                0x08004628      0x19c ..\obj\tasks.o
                0x08004628                xTaskResumeAll
 .text.xTaskGetTickCount
                0x080047c4       0x28 ..\obj\tasks.o
                0x080047c4                xTaskGetTickCount
 .text.pcTaskGetTaskName
                0x080047ec       0x74 ..\obj\tasks.o
                0x080047ec                pcTaskGetTaskName
 .text.vTaskIncrementTick
                0x08004860      0x204 ..\obj\tasks.o
                0x08004860                vTaskIncrementTick
 .text.vTaskSwitchContext
                0x08004a64      0x1e4 ..\obj\tasks.o
                0x08004a64                vTaskSwitchContext
 .text.vTaskPlaceOnEventList
                0x08004c48       0x98 ..\obj\tasks.o
                0x08004c48                vTaskPlaceOnEventList
 .text.xTaskRemoveFromEventList
                0x08004ce0      0x108 ..\obj\tasks.o
                0x08004ce0                xTaskRemoveFromEventList
 .text.vTaskSetTimeOutState
                0x08004de8       0x70 ..\obj\tasks.o
                0x08004de8                vTaskSetTimeOutState
 .text.xTaskCheckForTimeOut
                0x08004e58      0x118 ..\obj\tasks.o
                0x08004e58                xTaskCheckForTimeOut
 .text.vTaskMissedYield
                0x08004f70       0x18 ..\obj\tasks.o
                0x08004f70                vTaskMissedYield
 .text.prvIdleTask
                0x08004f88       0x14 ..\obj\tasks.o
 .text.prvInitialiseTCBVariables
                0x08004f9c       0x88 ..\obj\tasks.o
 .text.prvInitialiseTaskLists
                0x08005024       0x8c ..\obj\tasks.o
 .text.prvCheckTasksWaitingTermination
                0x080050b0        0xc ..\obj\tasks.o
 .text.prvAddCurrentTaskToDelayedList
                0x080050bc       0x8c ..\obj\tasks.o
 .text.prvAllocateTCBAndStack
                0x08005148       0x74 ..\obj\tasks.o
 .text.xTaskGetCurrentTaskHandle
                0x080051bc       0x20 ..\obj\tasks.o
                0x080051bc                xTaskGetCurrentTaskHandle
 .text.vTaskPriorityInherit
                0x080051dc      0x118 ..\obj\tasks.o
                0x080051dc                vTaskPriorityInherit
 .text.vTaskPriorityDisinherit
                0x080052f4       0x90 ..\obj\tasks.o
                0x080052f4                vTaskPriorityDisinherit
 .text.GPIO_Init
                0x08005384      0x144 ..\obj\stm32f4xx_gpio.o
                0x08005384                GPIO_Init
 .text.GPIO_PinAFConfig
                0x080054c8       0xa8 ..\obj\stm32f4xx_gpio.o
                0x080054c8                GPIO_PinAFConfig
 .text          0x08005570       0x30 ..\obj\sh_cmd.o
                0x08005570                SH_DoCommand
                0x08005586                HardFault_Handler
 .text.vListInitialise
                0x080055a0       0x40 ..\obj\list.o
                0x080055a0                vListInitialise
 .text.vListInitialiseItem
                0x080055e0       0x1c ..\obj\list.o
                0x080055e0                vListInitialiseItem
 .text.vListInsertEnd
                0x080055fc       0x50 ..\obj\list.o
                0x080055fc                vListInsertEnd
 .text.vListInsert
                0x0800564c       0x74 ..\obj\list.o
                0x0800564c                vListInsert
 .text.vListRemove
                0x080056c0       0x54 ..\obj\list.o
                0x080056c0                vListRemove
 .text.SystemInit
                0x08005714       0xb0 ..\obj\system_stm32f4xx.o
                0x08005714                SystemInit
 .text.SystemCoreClockUpdate
                0x080057c4      0x170 ..\obj\system_stm32f4xx.o
                0x080057c4                SystemCoreClockUpdate
 .text.SetSysClock
                0x08005934      0x188 ..\obj\system_stm32f4xx.o
 .text._sbrk    0x08005abc       0x5c ..\obj\syscalls.o
                0x08005abc                _sbrk
 .text.vGPSInit
                0x08005b18       0x48 ..\obj\gps.o
                0x08005b18                vGPSInit
 .text.ucGPSInitTest
                0x08005b60       0x50 ..\obj\gps.o
                0x08005b60                ucGPSInitTest
 .text.vGPSGetData
                0x08005bb0       0x5c ..\obj\gps.o
                0x08005bb0                vGPSGetData
 .text.eGPSDataValid
                0x08005c0c       0x18 ..\obj\gps.o
                0x08005c0c                eGPSDataValid
 .text.pxPortInitialiseStack
                0x08005c24       0x68 ..\obj\port.o
                0x08005c24                pxPortInitialiseStack
 .text.SVC_Handler
                0x08005c8c       0x20 ..\obj\port.o
                0x08005c8c                SVC_Handler
 .text.vPortStartFirstTask
                0x08005cac       0x14 ..\obj\port.o
                0x08005cac                vPortStartFirstTask
 .text.xPortStartScheduler
                0x08005cc0       0x54 ..\obj\port.o
                0x08005cc0                xPortStartScheduler
 .text.vPortYieldFromISR
                0x08005d14       0x18 ..\obj\port.o
                0x08005d14                vPortYieldFromISR
 .text.vPortEnterCritical
                0x08005d2c       0x2c ..\obj\port.o
                0x08005d2c                vPortEnterCritical
 .text.vPortExitCritical
                0x08005d58       0x38 ..\obj\port.o
                0x08005d58                vPortExitCritical
 .text.PendSV_Handler
                0x08005d90       0x58 ..\obj\port.o
                0x08005d90                PendSV_Handler
 .text.SysTick_Handler
                0x08005de8       0x38 ..\obj\port.o
                0x08005de8                SysTick_Handler
 .text.prvSetupTimerInterrupt
                0x08005e20       0x40 ..\obj\port.o
 .text.xQueueCreate
                0x08005e60      0x194 ..\obj\queue.o
                0x08005e60                xQueueCreate
 .text.xQueueGenericSend
                0x08005ff4      0x23c ..\obj\queue.o
                0x08005ff4                xQueueGenericSend
 .text.xQueueGenericReceive
                0x08006230      0x2a0 ..\obj\queue.o
                0x08006230                xQueueGenericReceive
 .text.prvCopyDataToQueue
                0x080064d0       0xc4 ..\obj\queue.o
 .text.prvCopyDataFromQueue
                0x08006594       0x50 ..\obj\queue.o
 .text.prvUnlockQueue
                0x080065e4       0xa0 ..\obj\queue.o
 .text.prvIsQueueEmpty
                0x08006684       0x2c ..\obj\queue.o
 .text.prvIsQueueFull
                0x080066b0       0x30 ..\obj\queue.o
 .text.vDebugUARTInit
                0x080066e0      0x100 ..\obj\debug.o
                0x080066e0                vDebugUARTInit
 .text.ulDebugMsg
                0x080067e0       0x40 ..\obj\debug.o
                0x080067e0                ulDebugMsg
 .text.vDebugUARTPutchar
                0x08006820       0x3c ..\obj\debug.o
                0x08006820                vDebugUARTPutchar
 .text.malloc   0x0800685c       0x10 c:/program files (x86)/gnu tools arm embedded/4.7 2013q3/bin/../lib/gcc/arm-none-eabi/4.7.4/../../../../arm-none-eabi/lib/armv7e-m/softfp\libc.a(lib_a-malloc.o)
                0x0800685c                malloc
 .text.free     0x0800686c       0x10 c:/program files (x86)/gnu tools arm embedded/4.7 2013q3/bin/../lib/gcc/arm-none-eabi/4.7.4/../../../../arm-none-eabi/lib/armv7e-m/softfp\libc.a(lib_a-malloc.o)
                0x0800686c                free
 .text._malloc_r
                0x0800687c      0x55c c:/program files (x86)/gnu tools arm embedded/4.7 2013q3/bin/../lib/gcc/arm-none-eabi/4.7.4/../../../../arm-none-eabi/lib/armv7e-m/softfp\libc.a(lib_a-mallocr.o)
                0x0800687c                _malloc_r
 .text.memcpy   0x08006dd8      0x144 c:/program files (x86)/gnu tools arm embedded/4.7 2013q3/bin/../lib/gcc/arm-none-eabi/4.7.4/../../../../arm-none-eabi/lib/armv7e-m/softfp\libc.a(lib_a-memcpy.o)
                0x08006dd8                memcpy
 .text.memset   0x08006f1c      0x12c c:/program files (x86)/gnu tools arm embedded/4.7 2013q3/bin/../lib/gcc/arm-none-eabi/4.7.4/../../../../arm-none-eabi/lib/armv7e-m/softfp\libc.a(lib_a-memset.o)
                0x08006f1c                memset
 .text.__malloc_lock
                0x08007048        0x4 c:/program files (x86)/gnu tools arm embedded/4.7 2013q3/bin/../lib/gcc/arm-none-eabi/4.7.4/../../../../arm-none-eabi/lib/armv7e-m/softfp\libc.a(lib_a-mlock.o)
                0x08007048                __malloc_lock
 .text.__malloc_unlock
                0x0800704c        0x4 c:/program files (x86)/gnu tools arm embedded/4.7 2013q3/bin/../lib/gcc/arm-none-eabi/4.7.4/../../../../arm-none-eabi/lib/armv7e-m/softfp\libc.a(lib_a-mlock.o)
                0x0800704c                __malloc_unlock
 .text._sbrk_r  0x08007050       0x24 c:/program files (x86)/gnu tools arm embedded/4.7 2013q3/bin/../lib/gcc/arm-none-eabi/4.7.4/../../../../arm-none-eabi/lib/armv7e-m/softfp\libc.a(lib_a-sbrkr.o)
                0x08007050                _sbrk_r
 .text.strncpy  0x08007074      0x110 c:/program files (x86)/gnu tools arm embedded/4.7 2013q3/bin/../lib/gcc/arm-none-eabi/4.7.4/../../../../arm-none-eabi/lib/armv7e-m/softfp\libc.a(lib_a-strncpy.o)
                0x08007074                strncpy
 .text._malloc_trim_r
                0x08007184       0x98 c:/program files (x86)/gnu tools arm embedded/4.7 2013q3/bin/../lib/gcc/arm-none-eabi/4.7.4/../../../../arm-none-eabi/lib/armv7e-m/softfp\libc.a(lib_a-freer.o)
                0x08007184                _malloc_trim_r
 .text._free_r  0x0800721c      0x194 c:/program files (x86)/gnu tools arm embedded/4.7 2013q3/bin/../lib/gcc/arm-none-eabi/4.7.4/../../../../arm-none-eabi/lib/armv7e-m/softfp\libc.a(lib_a-freer.o)
                0x0800721c                _free_r
 *(.glue_7t)
 .glue_7t       0x00000000        0x0 linker stubs
 *(.glue_7)
 .glue_7        0x00000000        0x0 linker stubs
 *(.rodata .rodata* .gnu.linkonce.r.*)
 .rodata        0x080073b0      0x10c ..\obj\imu.o
 .rodata        0x080074bc       0x88 ..\obj\zigbee.o
 .rodata        0x08007544      0x16c ..\obj\telemeter.o
 .rodata        0x080076b0      0x120 ..\obj\flight.o
                0x080076b0                xStationaryFlightMvt
                0x080076c8                xStationaryFlightCmd
 .rodata        0x080077d0       0x24 ..\obj\printf.o
 .rodata        0x080077f4      0xd3c ..\obj\drone.o
                0x080077f4                xDfltDroneConfig
                0x08007828                xInitDroneState
 .rodata        0x08008530      0x19c ..\obj\tasks.o
 .rodata        0x080086cc       0x64 ..\obj\gps.o
 .rodata        0x08008730      0x17c ..\obj\queue.o
 .rodata        0x080088ac      0x148 ..\obj\debug.o

.vfp11_veneer   0x080089f4        0x0
 .vfp11_veneer  0x00000000        0x0 linker stubs

.v4_bx          0x080089f4        0x0
 .v4_bx         0x00000000        0x0 linker stubs

.iplt           0x080089f4        0x0
 .iplt          0x00000000        0x0 ..\obj\semihosting.o

.rel.dyn        0x080089f4        0x0
 .rel.iplt      0x00000000        0x0 ..\obj\semihosting.o

.ARM.extab
 *(.ARM.extab* .gnu.linkonce.armextab.*)
                0x080089f4                __exidx_start = .

.ARM.exidx
 *(.ARM.exidx* .gnu.linkonce.armexidx.*)
                0x080089f4                __exidx_end = .
                0x080089f4                . = ALIGN (0x4)
                0x080089f4                _etext = .
                0x080089f4                _sidata = .

.data           0x20000000      0x86c load address 0x080089f4
                0x20000000                _sdata = .
 *(.data .data.*)
 .data          0x20000000       0x10 ..\obj\stm32f4xx_rcc.o
 .data          0x20000010      0x430 ..\obj\printf.o
                0x20000010                r
                0x20000438                _impure_ptr
 .data          0x20000440        0x4 ..\obj\tasks.o
 .data          0x20000444       0x14 ..\obj\system_stm32f4xx.o
                0x20000444                SystemCoreClock
                0x20000448                AHBPrescTable
 .data          0x20000458        0x4 ..\obj\port.o
 .data.__malloc_av_
                0x2000045c      0x408 c:/program files (x86)/gnu tools arm embedded/4.7 2013q3/bin/../lib/gcc/arm-none-eabi/4.7.4/../../../../arm-none-eabi/lib/armv7e-m/softfp\libc.a(lib_a-mallocr.o)
                0x2000045c                __malloc_av_
 .data.__malloc_trim_threshold
                0x20000864        0x4 c:/program files (x86)/gnu tools arm embedded/4.7 2013q3/bin/../lib/gcc/arm-none-eabi/4.7.4/../../../../arm-none-eabi/lib/armv7e-m/softfp\libc.a(lib_a-mallocr.o)
                0x20000864                __malloc_trim_threshold
 .data.__malloc_sbrk_base
                0x20000868        0x4 c:/program files (x86)/gnu tools arm embedded/4.7 2013q3/bin/../lib/gcc/arm-none-eabi/4.7.4/../../../../arm-none-eabi/lib/armv7e-m/softfp\libc.a(lib_a-mallocr.o)
                0x20000868                __malloc_sbrk_base
                0x2000086c                . = ALIGN (0x4)
                0x2000086c                _edata = .

.igot.plt       0x2000086c        0x0 load address 0x08009260
 .igot.plt      0x00000000        0x0 ..\obj\semihosting.o

.bss            0x2000086c      0x218 load address 0x08009260
                0x2000086c                _sbss = .
 *(.bss .bss.*)
 .bss           0x2000086c       0xb4 ..\obj\drone.o
 .bss           0x20000920      0x110 ..\obj\tasks.o
                0x20000920                pxCurrentTCB
 .bss           0x20000a30        0x4 ..\obj\syscalls.o
 .bss.__malloc_max_total_mem
                0x20000a34        0x4 c:/program files (x86)/gnu tools arm embedded/4.7 2013q3/bin/../lib/gcc/arm-none-eabi/4.7.4/../../../../arm-none-eabi/lib/armv7e-m/softfp\libc.a(lib_a-mallocr.o)
                0x20000a34                __malloc_max_total_mem
 .bss.__malloc_max_sbrked_mem
                0x20000a38        0x4 c:/program files (x86)/gnu tools arm embedded/4.7 2013q3/bin/../lib/gcc/arm-none-eabi/4.7.4/../../../../arm-none-eabi/lib/armv7e-m/softfp\libc.a(lib_a-mallocr.o)
                0x20000a38                __malloc_max_sbrked_mem
 .bss.__malloc_top_pad
                0x20000a3c        0x4 c:/program files (x86)/gnu tools arm embedded/4.7 2013q3/bin/../lib/gcc/arm-none-eabi/4.7.4/../../../../arm-none-eabi/lib/armv7e-m/softfp\libc.a(lib_a-mallocr.o)
                0x20000a3c                __malloc_top_pad
 .bss.__malloc_current_mallinfo
                0x20000a40       0x28 c:/program files (x86)/gnu tools arm embedded/4.7 2013q3/bin/../lib/gcc/arm-none-eabi/4.7.4/../../../../arm-none-eabi/lib/armv7e-m/softfp\libc.a(lib_a-mallocr.o)
                0x20000a40                __malloc_current_mallinfo
 *(COMMON)
 COMMON         0x20000a68       0x18 ..\obj\drone.o
                0x20000a68                xDetectObstacleHandle
                0x20000a6c                xFlightCtrlHandle
                0x20000a70                xBatteryMonitoringHandle
                0x20000a74                xDroneState
                0x20000a78                xGPSReceiveHandle
                0x20000a7c                xZigbeeReceiveHandle
 COMMON         0x20000a80        0x4 c:/program files (x86)/gnu tools arm embedded/4.7 2013q3/bin/../lib/gcc/arm-none-eabi/4.7.4/../../../../arm-none-eabi/lib/armv7e-m/softfp\libc.a(lib_a-reent.o)
                0x20000a80                errno
                0x20000a84                . = ALIGN (0x4)
                0x20000a84                _ebss = .

.co_stack       0x20000a84      0x804 load address 0x08009478
                0x20000a88                . = ALIGN (0x8)
 *fill*         0x20000a84        0x4 00
 *(.co_stack .co_stack.*)
 .co_stack      0x20000a88      0x800 ..\obj\startup_stm32f4xx.o
                0x20000a88                pulStack
                0x20001288                . = ALIGN (0x4)
                0x20001288                _end = .
LOAD ..\obj\semihosting.o
LOAD ..\obj\stm32f4xx_syscfg.o
LOAD ..\obj\imu.o
LOAD ..\obj\stm32f4xx_usart.o
LOAD ..\obj\zigbee.o
LOAD ..\obj\telemeter.o
LOAD ..\obj\pwm.o
LOAD ..\obj\stm32f4xx_dac.o
LOAD ..\obj\startup_stm32f4xx.o
LOAD ..\obj\stm32f4xx_rcc.o
LOAD ..\obj\timers.o
LOAD ..\obj\stm32f4xx_adc.o
LOAD ..\obj\flight.o
LOAD ..\obj\printf.o
LOAD ..\obj\drone.o
LOAD ..\obj\tasks.o
LOAD ..\obj\stm32f4xx_gpio.o
LOAD ..\obj\sh_cmd.o
LOAD ..\obj\list.o
LOAD ..\obj\system_stm32f4xx.o
LOAD ..\obj\syscalls.o
LOAD ..\obj\stm32f4xx_dma.o
LOAD ..\obj\gps.o
LOAD ..\obj\port.o
LOAD ..\obj\queue.o
LOAD ..\obj\debug.o
LOAD ..\obj\croutine.o
LOAD ..\obj\stm32f4xx_exti.o
LOAD ..\obj\misc.o
LOAD ..\obj\pid.o
LOAD c:/program files (x86)/gnu tools arm embedded/4.7 2013q3/bin/../lib/gcc/arm-none-eabi/4.7.4/../../../../arm-none-eabi/lib/armv7e-m/softfp\libm.a
LOAD c:/program files (x86)/gnu tools arm embedded/4.7 2013q3/bin/../lib/gcc/arm-none-eabi/4.7.4/armv7e-m/softfp\libgcc.a
LOAD c:/program files (x86)/gnu tools arm embedded/4.7 2013q3/bin/../lib/gcc/arm-none-eabi/4.7.4/../../../../arm-none-eabi/lib/armv7e-m/softfp\libc.a
LOAD c:/program files (x86)/gnu tools arm embedded/4.7 2013q3/bin/../lib/gcc/arm-none-eabi/4.7.4/../../../../arm-none-eabi/lib/armv7e-m/softfp\librdimon.a
START GROUP
LOAD c:/program files (x86)/gnu tools arm embedded/4.7 2013q3/bin/../lib/gcc/arm-none-eabi/4.7.4/armv7e-m/softfp\libgcc.a
LOAD c:/program files (x86)/gnu tools arm embedded/4.7 2013q3/bin/../lib/gcc/arm-none-eabi/4.7.4/../../../../arm-none-eabi/lib/armv7e-m/softfp\libg.a
LOAD c:/program files (x86)/gnu tools arm embedded/4.7 2013q3/bin/../lib/gcc/arm-none-eabi/4.7.4/../../../../arm-none-eabi/lib/armv7e-m/softfp\libc.a
END GROUP
OUTPUT(drone.elf elf32-littlearm)

.debug_info     0x00000000     0x84b0
 .debug_info    0x00000000      0x5e5 ..\obj\imu.o
 .debug_info    0x000005e5      0xa65 ..\obj\stm32f4xx_usart.o
 .debug_info    0x0000104a      0x393 ..\obj\zigbee.o
 .debug_info    0x000013dd      0x2df ..\obj\telemeter.o
 .debug_info    0x000016bc      0x103 ..\obj\startup_stm32f4xx.o
 .debug_info    0x000017bf      0xd49 ..\obj\stm32f4xx_rcc.o
 .debug_info    0x00002508      0x493 ..\obj\flight.o
 .debug_info    0x0000299b      0xf8e ..\obj\printf.o
 .debug_info    0x00003929     0x1761 ..\obj\drone.o
 .debug_info    0x0000508a      0xec0 ..\obj\tasks.o
 .debug_info    0x00005f4a      0x640 ..\obj\stm32f4xx_gpio.o
 .debug_info    0x0000658a       0xd1 ..\obj\sh_cmd.o
 .debug_info    0x0000665b      0x2d8 ..\obj\list.o
 .debug_info    0x00006933      0x5f5 ..\obj\system_stm32f4xx.o
 .debug_info    0x00006f28      0x443 ..\obj\syscalls.o
 .debug_info    0x0000736b      0x27f ..\obj\gps.o
 .debug_info    0x000075ea      0x247 ..\obj\port.o
 .debug_info    0x00007831      0x798 ..\obj\queue.o
 .debug_info    0x00007fc9      0x4e7 ..\obj\debug.o

.debug_abbrev   0x00000000     0x1983
 .debug_abbrev  0x00000000      0x1c0 ..\obj\imu.o
 .debug_abbrev  0x000001c0      0x157 ..\obj\stm32f4xx_usart.o
 .debug_abbrev  0x00000317      0x10e ..\obj\zigbee.o
 .debug_abbrev  0x00000425      0x137 ..\obj\telemeter.o
 .debug_abbrev  0x0000055c       0xb2 ..\obj\startup_stm32f4xx.o
 .debug_abbrev  0x0000060e      0x1e5 ..\obj\stm32f4xx_rcc.o
 .debug_abbrev  0x000007f3      0x11b ..\obj\flight.o
 .debug_abbrev  0x0000090e      0x27a ..\obj\printf.o
 .debug_abbrev  0x00000b88      0x239 ..\obj\drone.o
 .debug_abbrev  0x00000dc1      0x22e ..\obj\tasks.o
 .debug_abbrev  0x00000fef      0x1a5 ..\obj\stm32f4xx_gpio.o
 .debug_abbrev  0x00001194       0x14 ..\obj\sh_cmd.o
 .debug_abbrev  0x000011a8       0xb7 ..\obj\list.o
 .debug_abbrev  0x0000125f      0x138 ..\obj\system_stm32f4xx.o
 .debug_abbrev  0x00001397       0xe4 ..\obj\syscalls.o
 .debug_abbrev  0x0000147b      0x120 ..\obj\gps.o
 .debug_abbrev  0x0000159b      0x15d ..\obj\port.o
 .debug_abbrev  0x000016f8      0x14b ..\obj\queue.o
 .debug_abbrev  0x00001843      0x140 ..\obj\debug.o

.debug_loc      0x00000000     0x3a8e
 .debug_loc     0x00000000      0x1c0 ..\obj\imu.o
 .debug_loc     0x000001c0      0x658 ..\obj\stm32f4xx_usart.o
 .debug_loc     0x00000818      0x118 ..\obj\zigbee.o
 .debug_loc     0x00000930      0x1c0 ..\obj\telemeter.o
 .debug_loc     0x00000af0       0x64 ..\obj\startup_stm32f4xx.o
 .debug_loc     0x00000b54      0x97c ..\obj\stm32f4xx_rcc.o
 .debug_loc     0x000014d0      0x188 ..\obj\flight.o
 .debug_loc     0x00001658      0x3ea ..\obj\printf.o
 .debug_loc     0x00001a42      0xb74 ..\obj\drone.o
 .debug_loc     0x000025b6      0x770 ..\obj\tasks.o
 .debug_loc     0x00002d26      0x310 ..\obj\stm32f4xx_gpio.o
 .debug_loc     0x00003036      0x118 ..\obj\list.o
 .debug_loc     0x0000314e       0x9c ..\obj\system_stm32f4xx.o
 .debug_loc     0x000031ea      0x1ec ..\obj\syscalls.o
 .debug_loc     0x000033d6      0x118 ..\obj\gps.o
 .debug_loc     0x000034ee      0x178 ..\obj\port.o
 .debug_loc     0x00003666      0x380 ..\obj\queue.o
 .debug_loc     0x000039e6       0xa8 ..\obj\debug.o

.debug_aranges  0x00000000      0xa60
 .debug_aranges
                0x00000000       0x58 ..\obj\imu.o
 .debug_aranges
                0x00000058      0x100 ..\obj\stm32f4xx_usart.o
 .debug_aranges
                0x00000158       0x40 ..\obj\zigbee.o
 .debug_aranges
                0x00000198       0x58 ..\obj\telemeter.o
 .debug_aranges
                0x000001f0       0x28 ..\obj\startup_stm32f4xx.o
 .debug_aranges
                0x00000218      0x178 ..\obj\stm32f4xx_rcc.o
 .debug_aranges
                0x00000390       0x50 ..\obj\flight.o
 .debug_aranges
                0x000003e0       0xa0 ..\obj\printf.o
 .debug_aranges
                0x00000480      0x1c0 ..\obj\drone.o
 .debug_aranges
                0x00000640      0x130 ..\obj\tasks.o
 .debug_aranges
                0x00000770       0x88 ..\obj\stm32f4xx_gpio.o
 .debug_aranges
                0x000007f8       0x20 ..\obj\sh_cmd.o
 .debug_aranges
                0x00000818       0x40 ..\obj\list.o
 .debug_aranges
                0x00000858       0x30 ..\obj\system_stm32f4xx.o
 .debug_aranges
                0x00000888       0x60 ..\obj\syscalls.o
 .debug_aranges
                0x000008e8       0x40 ..\obj\gps.o
 .debug_aranges
                0x00000928       0x70 ..\obj\port.o
 .debug_aranges
                0x00000998       0x98 ..\obj\queue.o
 .debug_aranges
                0x00000a30       0x30 ..\obj\debug.o

.debug_ranges   0x00000000      0x920
 .debug_ranges  0x00000000       0x48 ..\obj\imu.o
 .debug_ranges  0x00000048       0xf0 ..\obj\stm32f4xx_usart.o
 .debug_ranges  0x00000138       0x30 ..\obj\zigbee.o
 .debug_ranges  0x00000168       0x48 ..\obj\telemeter.o
 .debug_ranges  0x000001b0       0x18 ..\obj\startup_stm32f4xx.o
 .debug_ranges  0x000001c8      0x168 ..\obj\stm32f4xx_rcc.o
 .debug_ranges  0x00000330       0x40 ..\obj\flight.o
 .debug_ranges  0x00000370       0x90 ..\obj\printf.o
 .debug_ranges  0x00000400      0x1b0 ..\obj\drone.o
 .debug_ranges  0x000005b0      0x120 ..\obj\tasks.o
 .debug_ranges  0x000006d0       0x78 ..\obj\stm32f4xx_gpio.o
 .debug_ranges  0x00000748       0x30 ..\obj\list.o
 .debug_ranges  0x00000778       0x20 ..\obj\system_stm32f4xx.o
 .debug_ranges  0x00000798       0x50 ..\obj\syscalls.o
 .debug_ranges  0x000007e8       0x30 ..\obj\gps.o
 .debug_ranges  0x00000818       0x60 ..\obj\port.o
 .debug_ranges  0x00000878       0x88 ..\obj\queue.o
 .debug_ranges  0x00000900       0x20 ..\obj\debug.o

.debug_line     0x00000000     0x4414
 .debug_line    0x00000000      0x2f0 ..\obj\imu.o
 .debug_line    0x000002f0      0x4df ..\obj\stm32f4xx_usart.o
 .debug_line    0x000007cf      0x259 ..\obj\zigbee.o
 .debug_line    0x00000a28      0x230 ..\obj\telemeter.o
 .debug_line    0x00000c58       0xbc ..\obj\startup_stm32f4xx.o
 .debug_line    0x00000d14      0x5d6 ..\obj\stm32f4xx_rcc.o
 .debug_line    0x000012ea      0x224 ..\obj\flight.o
 .debug_line    0x0000150e      0x477 ..\obj\printf.o
 .debug_line    0x00001985      0x9cf ..\obj\drone.o
 .debug_line    0x00002354      0x87e ..\obj\tasks.o
 .debug_line    0x00002bd2      0x37a ..\obj\stm32f4xx_gpio.o
 .debug_line    0x00002f4c       0x9c ..\obj\sh_cmd.o
 .debug_line    0x00002fe8      0x2cc ..\obj\list.o
 .debug_line    0x000032b4      0x1f1 ..\obj\system_stm32f4xx.o
 .debug_line    0x000034a5      0x1bc ..\obj\syscalls.o
 .debug_line    0x00003661      0x1ae ..\obj\gps.o
 .debug_line    0x0000380f      0x3a2 ..\obj\port.o
 .debug_line    0x00003bb1      0x5ef ..\obj\queue.o
 .debug_line    0x000041a0      0x274 ..\obj\debug.o

.debug_str      0x00000000     0x38fb
 .debug_str     0x00000000      0x4e8 ..\obj\imu.o
                                0x548 (size before relaxing)
 .debug_str     0x000004e8      0x43e ..\obj\stm32f4xx_usart.o
                                0x64c (size before relaxing)
 .debug_str     0x00000926      0x35f ..\obj\zigbee.o
                                0x4da (size before relaxing)
 .debug_str     0x00000c85      0x20e ..\obj\telemeter.o
                                0x361 (size before relaxing)
 .debug_str     0x00000e93       0xca ..\obj\startup_stm32f4xx.o
                                0x12e (size before relaxing)
 .debug_str     0x00000f5d      0x5fd ..\obj\stm32f4xx_rcc.o
                                0x80d (size before relaxing)
 .debug_str     0x0000155a      0x14e ..\obj\flight.o
                                0x402 (size before relaxing)
 .debug_str     0x000016a8      0x4cc ..\obj\printf.o
                                0x676 (size before relaxing)
 .debug_str     0x00001b74      0xa81 ..\obj\drone.o
                               0x1180 (size before relaxing)
 .debug_str     0x000025f5      0x884 ..\obj\tasks.o
                                0xa21 (size before relaxing)
 .debug_str     0x00002e79      0x1bd ..\obj\stm32f4xx_gpio.o
                                0x460 (size before relaxing)
 .debug_str     0x00003036       0xe5 ..\obj\list.o
                                0x2cc (size before relaxing)
 .debug_str     0x0000311b       0xde ..\obj\system_stm32f4xx.o
                                0x367 (size before relaxing)
 .debug_str     0x000031f9      0x164 ..\obj\syscalls.o
                                0x2d1 (size before relaxing)
 .debug_str     0x0000335d       0x8d ..\obj\gps.o
                                0x28b (size before relaxing)
 .debug_str     0x000033ea      0x16a ..\obj\port.o
                                0x2f8 (size before relaxing)
 .debug_str     0x00003554      0x2ee ..\obj\queue.o
                                0x556 (size before relaxing)
 .debug_str     0x00003842       0xb9 ..\obj\debug.o
                                0x4a2 (size before relaxing)

.comment        0x00000000       0x70
 .comment       0x00000000       0x70 ..\obj\imu.o
                                 0x71 (size before relaxing)
 .comment       0x00000000       0x71 ..\obj\stm32f4xx_usart.o
 .comment       0x00000000       0x71 ..\obj\zigbee.o
 .comment       0x00000000       0x71 ..\obj\telemeter.o
 .comment       0x00000000       0x71 ..\obj\startup_stm32f4xx.o
 .comment       0x00000000       0x71 ..\obj\stm32f4xx_rcc.o
 .comment       0x00000000       0x71 ..\obj\flight.o
 .comment       0x00000000       0x71 ..\obj\printf.o
 .comment       0x00000000       0x71 ..\obj\drone.o
 .comment       0x00000000       0x71 ..\obj\tasks.o
 .comment       0x00000000       0x71 ..\obj\stm32f4xx_gpio.o
 .comment       0x00000000       0x71 ..\obj\list.o
 .comment       0x00000000       0x71 ..\obj\system_stm32f4xx.o
 .comment       0x00000000       0x71 ..\obj\syscalls.o
 .comment       0x00000000       0x71 ..\obj\gps.o
 .comment       0x00000000       0x71 ..\obj\port.o
 .comment       0x00000000       0x71 ..\obj\queue.o
 .comment       0x00000000       0x71 ..\obj\debug.o

.ARM.attributes
                0x00000000       0x37
 .ARM.attributes
                0x00000000       0x39 ..\obj\imu.o
 .ARM.attributes
                0x00000039       0x39 ..\obj\stm32f4xx_usart.o
 .ARM.attributes
                0x00000072       0x39 ..\obj\zigbee.o
 .ARM.attributes
                0x000000ab       0x39 ..\obj\telemeter.o
 .ARM.attributes
                0x000000e4       0x39 ..\obj\startup_stm32f4xx.o
 .ARM.attributes
                0x0000011d       0x39 ..\obj\stm32f4xx_rcc.o
 .ARM.attributes
                0x00000156       0x39 ..\obj\flight.o
 .ARM.attributes
                0x0000018f       0x39 ..\obj\printf.o
 .ARM.attributes
                0x000001c8       0x39 ..\obj\drone.o
 .ARM.attributes
                0x00000201       0x39 ..\obj\tasks.o
 .ARM.attributes
                0x0000023a       0x39 ..\obj\stm32f4xx_gpio.o
 .ARM.attributes
                0x00000273       0x27 ..\obj\sh_cmd.o
 .ARM.attributes
                0x0000029a       0x39 ..\obj\list.o
 .ARM.attributes
                0x000002d3       0x39 ..\obj\system_stm32f4xx.o
 .ARM.attributes
                0x0000030c       0x39 ..\obj\syscalls.o
 .ARM.attributes
                0x00000345       0x39 ..\obj\gps.o
 .ARM.attributes
                0x0000037e       0x39 ..\obj\port.o
 .ARM.attributes
                0x000003b7       0x39 ..\obj\queue.o
 .ARM.attributes
                0x000003f0       0x39 ..\obj\debug.o
 .ARM.attributes
                0x00000429       0x34 c:/program files (x86)/gnu tools arm embedded/4.7 2013q3/bin/../lib/gcc/arm-none-eabi/4.7.4/../../../../arm-none-eabi/lib/armv7e-m/softfp\libc.a(lib_a-malloc.o)
 .ARM.attributes
                0x0000045d       0x34 c:/program files (x86)/gnu tools arm embedded/4.7 2013q3/bin/../lib/gcc/arm-none-eabi/4.7.4/../../../../arm-none-eabi/lib/armv7e-m/softfp\libc.a(lib_a-mallocr.o)
 .ARM.attributes
                0x00000491       0x34 c:/program files (x86)/gnu tools arm embedded/4.7 2013q3/bin/../lib/gcc/arm-none-eabi/4.7.4/../../../../arm-none-eabi/lib/armv7e-m/softfp\libc.a(lib_a-memcpy.o)
 .ARM.attributes
                0x000004c5       0x34 c:/program files (x86)/gnu tools arm embedded/4.7 2013q3/bin/../lib/gcc/arm-none-eabi/4.7.4/../../../../arm-none-eabi/lib/armv7e-m/softfp\libc.a(lib_a-memset.o)
 .ARM.attributes
                0x000004f9       0x34 c:/program files (x86)/gnu tools arm embedded/4.7 2013q3/bin/../lib/gcc/arm-none-eabi/4.7.4/../../../../arm-none-eabi/lib/armv7e-m/softfp\libc.a(lib_a-mlock.o)
 .ARM.attributes
                0x0000052d       0x34 c:/program files (x86)/gnu tools arm embedded/4.7 2013q3/bin/../lib/gcc/arm-none-eabi/4.7.4/../../../../arm-none-eabi/lib/armv7e-m/softfp\libc.a(lib_a-sbrkr.o)
 .ARM.attributes
                0x00000561       0x34 c:/program files (x86)/gnu tools arm embedded/4.7 2013q3/bin/../lib/gcc/arm-none-eabi/4.7.4/../../../../arm-none-eabi/lib/armv7e-m/softfp\libc.a(lib_a-strncpy.o)
 .ARM.attributes
                0x00000595       0x34 c:/program files (x86)/gnu tools arm embedded/4.7 2013q3/bin/../lib/gcc/arm-none-eabi/4.7.4/../../../../arm-none-eabi/lib/armv7e-m/softfp\libc.a(lib_a-freer.o)
 .ARM.attributes
                0x000005c9       0x34 c:/program files (x86)/gnu tools arm embedded/4.7 2013q3/bin/../lib/gcc/arm-none-eabi/4.7.4/../../../../arm-none-eabi/lib/armv7e-m/softfp\libc.a(lib_a-reent.o)

.debug_frame    0x00000000     0x23d8
 .debug_frame   0x00000000      0x114 ..\obj\imu.o
 .debug_frame   0x00000114      0x344 ..\obj\stm32f4xx_usart.o
 .debug_frame   0x00000458       0xbc ..\obj\zigbee.o
 .debug_frame   0x00000514      0x124 ..\obj\telemeter.o
 .debug_frame   0x00000638       0x48 ..\obj\startup_stm32f4xx.o
 .debug_frame   0x00000680      0x4d8 ..\obj\stm32f4xx_rcc.o
 .debug_frame   0x00000b58      0x104 ..\obj\flight.o
 .debug_frame   0x00000c5c      0x248 ..\obj\printf.o
 .debug_frame   0x00000ea4      0x6ec ..\obj\drone.o
 .debug_frame   0x00001590      0x458 ..\obj\tasks.o
 .debug_frame   0x000019e8      0x19c ..\obj\stm32f4xx_gpio.o
 .debug_frame   0x00001b84       0x9c ..\obj\list.o
 .debug_frame   0x00001c20       0x64 ..\obj\system_stm32f4xx.o
 .debug_frame   0x00001c84      0x108 ..\obj\syscalls.o
 .debug_frame   0x00001d8c       0xb4 ..\obj\gps.o
 .debug_frame   0x00001e40      0x110 ..\obj\port.o
 .debug_frame   0x00001f50      0x210 ..\obj\queue.o
 .debug_frame   0x00002160       0x70 ..\obj\debug.o
 .debug_frame   0x000021d0       0x30 c:/program files (x86)/gnu tools arm embedded/4.7 2013q3/bin/../lib/gcc/arm-none-eabi/4.7.4/../../../../arm-none-eabi/lib/armv7e-m/softfp\libc.a(lib_a-malloc.o)
 .debug_frame   0x00002200       0x38 c:/program files (x86)/gnu tools arm embedded/4.7 2013q3/bin/../lib/gcc/arm-none-eabi/4.7.4/../../../../arm-none-eabi/lib/armv7e-m/softfp\libc.a(lib_a-mallocr.o)
 .debug_frame   0x00002238       0x30 c:/program files (x86)/gnu tools arm embedded/4.7 2013q3/bin/../lib/gcc/arm-none-eabi/4.7.4/../../../../arm-none-eabi/lib/armv7e-m/softfp\libc.a(lib_a-memcpy.o)
 .debug_frame   0x00002268       0x2c c:/program files (x86)/gnu tools arm embedded/4.7 2013q3/bin/../lib/gcc/arm-none-eabi/4.7.4/../../../../arm-none-eabi/lib/armv7e-m/softfp\libc.a(lib_a-memset.o)
 .debug_frame   0x00002294       0x30 c:/program files (x86)/gnu tools arm embedded/4.7 2013q3/bin/../lib/gcc/arm-none-eabi/4.7.4/../../../../arm-none-eabi/lib/armv7e-m/softfp\libc.a(lib_a-mlock.o)
 .debug_frame   0x000022c4       0x2c c:/program files (x86)/gnu tools arm embedded/4.7 2013q3/bin/../lib/gcc/arm-none-eabi/4.7.4/../../../../arm-none-eabi/lib/armv7e-m/softfp\libc.a(lib_a-sbrkr.o)
 .debug_frame   0x000022f0       0x2c c:/program files (x86)/gnu tools arm embedded/4.7 2013q3/bin/../lib/gcc/arm-none-eabi/4.7.4/../../../../arm-none-eabi/lib/armv7e-m/softfp\libc.a(lib_a-strncpy.o)
 .debug_frame   0x0000231c       0x50 c:/program files (x86)/gnu tools arm embedded/4.7 2013q3/bin/../lib/gcc/arm-none-eabi/4.7.4/../../../../arm-none-eabi/lib/armv7e-m/softfp\libc.a(lib_a-freer.o)
 .debug_frame   0x0000236c       0x6c c:/program files (x86)/gnu tools arm embedded/4.7 2013q3/bin/../lib/gcc/arm-none-eabi/4.7.4/../../../../arm-none-eabi/lib/armv7e-m/softfp\libc.a(lib_a-reent.o)
